Component: ARM Compiler 5.06 update 6 (build 750) Tool: armlink [4d35ed]

==============================================================================

Section Cross References

    startup_stm32f103xb.o(STACK) refers (Special) to heapauxi.o(.text) for __use_two_region_memory
    startup_stm32f103xb.o(HEAP) refers (Special) to heapauxi.o(.text) for __use_two_region_memory
    startup_stm32f103xb.o(RESET) refers (Special) to heapauxi.o(.text) for __use_two_region_memory
    startup_stm32f103xb.o(RESET) refers to startup_stm32f103xb.o(STACK) for __initial_sp
    startup_stm32f103xb.o(RESET) refers to startup_stm32f103xb.o(.text) for Reset_Handler
    startup_stm32f103xb.o(RESET) refers to stm32f1xx_it.o(i.NMI_Handler) for NMI_Handler
    startup_stm32f103xb.o(RESET) refers to stm32f1xx_it.o(i.HardFault_Handler) for HardFault_Handler
    startup_stm32f103xb.o(RESET) refers to stm32f1xx_it.o(i.MemManage_Handler) for MemManage_Handler
    startup_stm32f103xb.o(RESET) refers to stm32f1xx_it.o(i.BusFault_Handler) for BusFault_Handler
    startup_stm32f103xb.o(RESET) refers to stm32f1xx_it.o(i.UsageFault_Handler) for UsageFault_Handler
    startup_stm32f103xb.o(RESET) refers to stm32f1xx_it.o(i.SVC_Handler) for SVC_Handler
    startup_stm32f103xb.o(RESET) refers to stm32f1xx_it.o(i.DebugMon_Handler) for DebugMon_Handler
    startup_stm32f103xb.o(RESET) refers to stm32f1xx_it.o(i.PendSV_Handler) for PendSV_Handler
    startup_stm32f103xb.o(RESET) refers to stm32f1xx_it.o(i.SysTick_Handler) for SysTick_Handler
    startup_stm32f103xb.o(.text) refers (Special) to heapauxi.o(.text) for __use_two_region_memory
    startup_stm32f103xb.o(.text) refers to system_stm32f1xx.o(i.SystemInit) for SystemInit
    startup_stm32f103xb.o(.text) refers to __main.o(!!!main) for __main
    startup_stm32f103xb.o(.text) refers to startup_stm32f103xb.o(HEAP) for Heap_Mem
    startup_stm32f103xb.o(.text) refers to startup_stm32f103xb.o(STACK) for Stack_Mem
    main.o(i.LogData) refers to _printf_pad.o(.text) for _printf_pre_padding
    main.o(i.LogData) refers to _printf_truncate.o(.text) for _printf_truncate_unsigned
    main.o(i.LogData) refers to _printf_percent.o(.ARM.Collect$$_printf_percent$$00000000) for _printf_percent
    main.o(i.LogData) refers to _printf_d.o(.ARM.Collect$$_printf_percent$$00000009) for _printf_d
    main.o(i.LogData) refers to _printf_i.o(.ARM.Collect$$_printf_percent$$00000008) for _printf_i
    main.o(i.LogData) refers to _printf_u.o(.ARM.Collect$$_printf_percent$$0000000A) for _printf_u
    main.o(i.LogData) refers to _printf_o.o(.ARM.Collect$$_printf_percent$$0000000B) for _printf_o
    main.o(i.LogData) refers to _printf_x.o(.ARM.Collect$$_printf_percent$$0000000C) for _printf_x
    main.o(i.LogData) refers to _printf_p.o(.ARM.Collect$$_printf_percent$$00000002) for _printf_p
    main.o(i.LogData) refers to _printf_f.o(.ARM.Collect$$_printf_percent$$00000003) for _printf_f
    main.o(i.LogData) refers to _printf_e.o(.ARM.Collect$$_printf_percent$$00000004) for _printf_e
    main.o(i.LogData) refers to _printf_g.o(.ARM.Collect$$_printf_percent$$00000005) for _printf_g
    main.o(i.LogData) refers to _printf_c.o(.ARM.Collect$$_printf_percent$$00000013) for _printf_c
    main.o(i.LogData) refers to _printf_s.o(.ARM.Collect$$_printf_percent$$00000014) for _printf_s
    main.o(i.LogData) refers to _printf_lc.o(.ARM.Collect$$_printf_percent$$00000015) for _printf_lc
    main.o(i.LogData) refers to _printf_a.o(.ARM.Collect$$_printf_percent$$00000006) for _printf_a
    main.o(i.LogData) refers to _printf_n.o(.ARM.Collect$$_printf_percent$$00000001) for _printf_n
    main.o(i.LogData) refers to printf2.o(x$fpl$printf2) for _printf_fp_hex
    main.o(i.LogData) refers to _printf_charcount.o(.text) for _printf_charcount
    main.o(i.LogData) refers to _printf_dec.o(.text) for _printf_int_dec
    main.o(i.LogData) refers to _printf_oct_int.o(.text) for _printf_longlong_oct
    main.o(i.LogData) refers to _printf_hex_int_ptr.o(.text) for _printf_longlong_hex
    main.o(i.LogData) refers to printf1.o(x$fpl$printf1) for _printf_fp_dec
    main.o(i.LogData) refers to _printf_str.o(.text) for _printf_str
    main.o(i.LogData) refers to _printf_wctomb.o(.text) for _printf_wctomb
    main.o(i.LogData) refers to f2d.o(x$fpl$f2d) for __aeabi_f2d
    main.o(i.LogData) refers to noretval__2printf.o(.text) for __2printf
    main.o(i.LogData) refers to strlen.o(.text) for strlen
    main.o(i.LogData) refers to stm32f1xx_hal_uart.o(i.HAL_UART_Transmit) for HAL_UART_Transmit
    main.o(i.LogData) refers to main.o(.bss) for .bss
    main.o(i.MX_GPIO_Init) refers to stm32f1xx_hal_gpio.o(i.HAL_GPIO_WritePin) for HAL_GPIO_WritePin
    main.o(i.MX_GPIO_Init) refers to stm32f1xx_hal_gpio.o(i.HAL_GPIO_Init) for HAL_GPIO_Init
    main.o(i.MX_TIM1_Init) refers to rt_memclr_w.o(.text) for __aeabi_memclr4
    main.o(i.MX_TIM1_Init) refers to stm32f1xx_hal_tim.o(i.HAL_TIM_Base_Init) for HAL_TIM_Base_Init
[...]
    ../clib/printf_percent.s                 0x00000000   Number         0  _printf_n.o ABSOLUTE
    ../clib/printf_percent.s                 0x00000000   Number         0  _printf_lc.o ABSOLUTE
    ../clib/printf_percent.s                 0x00000000   Number         0  _printf_percent.o ABSOLUTE
    ../clib/printf_percent.s                 0x00000000   Number         0  _printf_a.o ABSOLUTE
    ../clib/printf_percent.s                 0x00000000   Number         0  _printf_g.o ABSOLUTE
    ../clib/printf_percent.s                 0x00000000   Number         0  _printf_e.o ABSOLUTE
    ../clib/printf_percent.s                 0x00000000   Number         0  _printf_f.o ABSOLUTE
    ../clib/printf_percent.s                 0x00000000   Number         0  _printf_l.o ABSOLUTE
    ../clib/signal.c                         0x00000000   Number         0  defsig_rtred_inner.o ABSOLUTE
    ../clib/signal.c                         0x00000000   Number         0  defsig_exit.o ABSOLUTE
    ../clib/signal.c                         0x00000000   Number         0  __raise.o ABSOLUTE
    ../clib/signal.c                         0x00000000   Number         0  defsig_general.o ABSOLUTE
    ../clib/signal.c                         0x00000000   Number         0  defsig_rtmem_outer.o ABSOLUTE
    ../clib/signal.c                         0x00000000   Number         0  defsig_rtmem_formal.o ABSOLUTE
    ../clib/signal.c                         0x00000000   Number         0  defsig_rtmem_inner.o ABSOLUTE
    ../clib/signal.c                         0x00000000   Number         0  defsig_abrt_inner.o ABSOLUTE
    ../clib/signal.c                         0x00000000   Number         0  defsig_fpe_inner.o ABSOLUTE
    ../clib/signal.c                         0x00000000   Number         0  defsig_stak_inner.o ABSOLUTE
    ../clib/signal.c                         0x00000000   Number         0  defsig_pvfn_inner.o ABSOLUTE
    ../clib/signal.c                         0x00000000   Number         0  defsig_cppl_inner.o ABSOLUTE
    ../clib/signal.c                         0x00000000   Number         0  defsig_segv_inner.o ABSOLUTE
    ../clib/signal.c                         0x00000000   Number         0  defsig_other.o ABSOLUTE
    ../clib/signal.c                         0x00000000   Number         0  defsig_rtred_formal.o ABSOLUTE
    ../clib/signal.c                         0x00000000   Number         0  defsig_rtred_outer.o ABSOLUTE
    ../clib/signal.s                         0x00000000   Number         0  defsig.o ABSOLUTE
    ../clib/stdio.c                          0x00000000   Number         0  fseek.o ABSOLUTE
    ../clib/stdio.c                          0x00000000   Number         0  ftell.o ABSOLUTE
    ../clib/stdio.c                          0x00000000   Number         0  fflush_locked.o ABSOLUTE
    ../clib/stdio.c                          0x00000000   Number         0  setvbuf_locked.o ABSOLUTE
    ../clib/stdio.c                          0x00000000   Number         0  fputs.o ABSOLUTE
    ../clib/stdio.c                          0x00000000   Number         0  fclose.o ABSOLUTE
    ../clib/stdio.c                          0x00000000   Number         0  fopen.o ABSOLUTE
    ../clib/stdio.c                          0x00000000   Number         0  streamlock.o ABSOLUTE
    ../clib/stdio.c                          0x00000000   Number         0  setvbuf.o ABSOLUTE
    ../clib/stdio.c                          0x00000000   Number         0  fwritefast_locked.o ABSOLUTE
    ../clib/stdio.c                          0x00000000   Number         0  fopen_locked.o ABSOLUTE
    ../clib/stdio.c                          0x00000000   Number         0  fwritefast.o ABSOLUTE
    ../clib/stdio.c                          0x00000000   Number         0  flsbuf.o ABSOLUTE
    ../clib/stdio.c                          0x00000000   Number         0  initio_locked.o ABSOLUTE
    ../clib/stdio.c                          0x00000000   Number         0  ferror_locked.o ABSOLUTE
    ../clib/stdio.c                          0x00000000   Number         0  fputc_locked.o ABSOLUTE
    ../clib/stdio.c                          0x00000000   Number         0  initio.o ABSOLUTE
    ../clib/stdio.c                          0x00000000   Number         0  fputc.o ABSOLUTE
    ../clib/stdio.c                          0x00000000   Number         0  fflush.o ABSOLUTE
    ../clib/stdio.c                          0x00000000   Number         0  fputs_locked.o ABSOLUTE
    ../clib/stdio.c                          0x00000000   Number         0  stdio_streams.o ABSOLUTE
    ../clib/stdio.c                          0x00000000   Number         0  stdio.o ABSOLUTE
    ../clib/stdio.c                          0x00000000   Number         0  ferror.o ABSOLUTE
    ../clib/stdlib.c                         0x00000000   Number         0  exit.o ABSOLUTE
    ../clib/string.c                         0x00000000   Number         0  strlen.o ABSOLUTE
    ../clib/wchar.c                          0x00000000   Number         0  flsbuf_fwide.o ABSOLUTE
    ../fplib/d2f.s                           0x00000000   Number         0  d2f.o ABSOLUTE
    ../fplib/ddiv.s                          0x00000000   Number         0  ddiv.o ABSOLUTE
    ../fplib/dfixu.s                         0x00000000   Number         0  dfixu.o ABSOLUTE
    ../fplib/dmul.s                          0x00000000   Number         0  dmul.o ABSOLUTE
    ../fplib/dnaninf.s                       0x00000000   Number         0  dnaninf.o ABSOLUTE
    ../fplib/dretinf.s                       0x00000000   Number         0  dretinf.o ABSOLUTE
    ../fplib/f2d.s                           0x00000000   Number         0  f2d.o ABSOLUTE
    ../fplib/faddsub.s                       0x00000000   Number         0  faddsub_clz.o ABSOLUTE
    ../fplib/fcheck1.s                       0x00000000   Number         0  fcheck1.o ABSOLUTE
    ../fplib/fcmpi.s                         0x00000000   Number         0  fcmpi.o ABSOLUTE
    ../fplib/fdiv.s                          0x00000000   Number         0  fdiv.o ABSOLUTE
    ../fplib/ffix.s                          0x00000000   Number         0  ffix.o ABSOLUTE
    ../fplib/fflt.s                          0x00000000   Number         0  fflt_clz.o ABSOLUTE
    ../fplib/fleqf.s                         0x00000000   Number         0  fleqf.o ABSOLUTE
    ../fplib/fmul.s                          0x00000000   Number         0  fmul.o ABSOLUTE
    ../fplib/fnaninf.s                       0x00000000   Number         0  fnaninf.o ABSOLUTE
    ../fplib/fpinit.s                        0x00000000   Number         0  fpinit.o ABSOLUTE
    ../fplib/fretinf.s                       0x00000000   Number         0  fretinf.o ABSOLUTE
    ../fplib/frleqf.s                        0x00000000   Number         0  frleqf.o ABSOLUTE
    ../fplib/fsqrt.s                         0x00000000   Number         0  fsqrt.o ABSOLUTE
    ../fplib/istatus.s                       0x00000000   Number         0  istatus.o ABSOLUTE
    ../fplib/printf1.s                       0x00000000   Number         0  printf1.o ABSOLUTE
    ../fplib/printf2.s                       0x00000000   Number         0  printf2.o ABSOLUTE
    ../fplib/printf2a.s                      0x00000000   Number         0  printf2a.o ABSOLUTE
    ../fplib/printf2b.s                      0x00000000   Number         0  printf2b.o ABSOLUTE
    ../fplib/retnan.s                        0x00000000   Number         0  retnan.o ABSOLUTE
    ../fplib/scalbnf.s                       0x00000000   Number         0  scalbnf.o ABSOLUTE
    ../fplib/trapv.s                         0x00000000   Number         0  trapv.o ABSOLUTE
    ../fplib/usenofp.s                       0x00000000   Number         0  usenofp.o ABSOLUTE
    ../mathlib/atan2f.c                      0x00000000   Number         0  atan2f_x.o ABSOLUTE
    ../mathlib/atan2f.c                      0x00000000   Number         0  atan2f.o ABSOLUTE
    ../mathlib/fpclassify.c                  0x00000000   Number         0  fpclassify.o ABSOLUTE
    ../mathlib/fpclassifyf.c                 0x00000000   Number         0  fpclassifyf.o ABSOLUTE
    ../mathlib/funder.c                      0x00000000   Number         0  funder.o ABSOLUTE
    ../mathlib/sqrtf.c                       0x00000000   Number         0  sqrtf_x.o ABSOLUTE
    ../mathlib/sqrtf.c                       0x00000000   Number         0  sqrtf.o ABSOLUTE
    ..\Core\Src\main.c                       0x00000000   Number         0  main.o ABSOLUTE
    ..\Core\Src\stm32f1xx_hal_msp.c          0x00000000   Number         0  stm32f1xx_hal_msp.o ABSOLUTE
    ..\Core\Src\stm32f1xx_it.c               0x00000000   Number         0  stm32f1xx_it.o ABSOLUTE
    ..\Core\Src\system_stm32f1xx.c           0x00000000   Number         0  system_stm32f1xx.o ABSOLUTE
    ..\Drivers\STM32F1xx_HAL_Driver\Src\stm32f1xx_hal.c 0x00000000   Number         0  stm32f1xx_hal.o ABSOLUTE
    ..\Drivers\STM32F1xx_HAL_Driver\Src\stm32f1xx_hal_cortex.c 0x00000000   Number         0  stm32f1xx_hal_cortex.o ABSOLUTE
    ..\Drivers\STM32F1xx_HAL_Driver\Src\stm32f1xx_hal_dma.c 0x00000000   Number         0  stm32f1xx_hal_dma.o ABSOLUTE
    ..\Drivers\STM32F1xx_HAL_Driver\Src\stm32f1xx_hal_exti.c 0x00000000   Number         0  stm32f1xx_hal_exti.o ABSOLUTE
    ..\Drivers\STM32F1xx_HAL_Driver\Src\stm32f1xx_hal_flash.c 0x00000000   Number         0  stm32f1xx_hal_flash.o ABSOLUTE
    ..\Drivers\STM32F1xx_HAL_Driver\Src\stm32f1xx_hal_flash_ex.c 0x00000000   Number         0  stm32f1xx_hal_flash_ex.o ABSOLUTE
    ..\Drivers\STM32F1xx_HAL_Driver\Src\stm32f1xx_hal_gpio.c 0x00000000   Number         0  stm32f1xx_hal_gpio.o ABSOLUTE
    ..\Drivers\STM32F1xx_HAL_Driver\Src\stm32f1xx_hal_gpio_ex.c 0x00000000   Number         0  stm32f1xx_hal_gpio_ex.o ABSOLUTE
    ..\Drivers\STM32F1xx_HAL_Driver\Src\stm32f1xx_hal_i2c.c 0x00000000   Number         0  stm32f1xx_hal_i2c.o ABSOLUTE
    ..\Drivers\STM32F1xx_HAL_Driver\Src\stm32f1xx_hal_pwr.c 0x00000000   Number         0  stm32f1xx_hal_pwr.o ABSOLUTE
    ..\Drivers\STM32F1xx_HAL_Driver\Src\stm32f1xx_hal_rcc.c 0x00000000   Number         0  stm32f1xx_hal_rcc.o ABSOLUTE
    ..\Drivers\STM32F1xx_HAL_Driver\Src\stm32f1xx_hal_rcc_ex.c 0x00000000   Number         0  stm32f1xx_hal_rcc_ex.o ABSOLUTE
    ..\Drivers\STM32F1xx_HAL_Driver\Src\stm32f1xx_hal_tim.c 0x00000000   Number         0  stm32f1xx_hal_tim.o ABSOLUTE
    ..\Drivers\STM32F1xx_HAL_Driver\Src\stm32f1xx_hal_tim_ex.c 0x00000000   Number         0  stm32f1xx_hal_tim_ex.o ABSOLUTE
    ..\Drivers\STM32F1xx_HAL_Driver\Src\stm32f1xx_hal_uart.c 0x00000000   Number         0  stm32f1xx_hal_uart.o ABSOLUTE
    dc.s                                     0x00000000   Number         0  dc.o ABSOLUTE
    encoder.c                                0x00000000   Number         0  encoder.o ABSOLUTE
    encoder.c                                0x00000000   Number         0  encoder.o ABSOLUTE
    flash_storage.c                          0x00000000   Number         0  flash_storage.o ABSOLUTE
    flash_storage.c                          0x00000000   Number         0  flash_storage.o ABSOLUTE
    kalman.c                                 0x00000000   Number         0  kalman.o ABSOLUTE
    motor_control.c                          0x00000000   Number         0  motor_control.o ABSOLUTE
    motor_control.c                          0x00000000   Number         0  motor_control.o ABSOLUTE
    mpu6050.c                                0x00000000   Number         0  mpu6050.o ABSOLUTE
    mpu6050.c                                0x00000000   Number         0  mpu6050.o ABSOLUTE
    pid.c                                    0x00000000   Number         0  pid.o ABSOLUTE
    pid.c                                    0x00000000   Number         0  pid.o ABSOLUTE
    safety.c                                 0x00000000   Number         0  safety.o ABSOLUTE
    safety.c                                 0x00000000   Number         0  safety.o ABSOLUTE
    startup_stm32f103xb.s                    0x00000000   Number         0  startup_stm32f103xb.o ABSOLUTE
    RESET                                    0x08000000   Section      236  startup_stm32f103xb.o(RESET)
    !!!main                                  0x080000ec   Section        8  __main.o(!!!main)
    !!!scatter                               0x080000f4   Section       52  __scatter.o(!!!scatter)
    !!handler_copy                           0x08000128   Section       26  __scatter_copy.o(!!handler_copy)
    !!handler_zi                             0x08000144   Section       28  __scatter_zi.o(!!handler_zi)
    .ARM.Collect$$libinit$$00000000          0x08000160   Section        2  libinit.o(.ARM.Collect$$libinit$$00000000)
    .ARM.Collect$$libinit$$00000002          0x08000162   Section        0  libinit2.o(.ARM.Collect$$libinit$$00000002)
    .ARM.Collect$$libinit$$00000004          0x08000162   Section        0  libinit2.o(.ARM.Collect$$libinit$$00000004)
    .ARM.Collect$$libinit$$0000000A          0x08000162   Section        0  libinit2.o(.ARM.Collect$$libinit$$0000000A)
    .ARM.Collect$$libinit$$0000000C          0x08000162   Section        0  libinit2.o(.ARM.Collect$$libinit$$0000000C)
    .ARM.Collect$$libinit$$0000000E          0x08000162   Section        0  libinit2.o(.ARM.Collect$$libinit$$0000000E)
    .ARM.Collect$$libinit$$00000011          0x08000162   Section        0  libinit2.o(.ARM.Collect$$libinit$$00000011)
    .ARM.Collect$$libinit$$00000013          0x08000162   Section        0  libinit2.o(.ARM.Collect$$libinit$$00000013)
    .ARM.Collect$$libinit$$00000015          0x08000162   Section        0  libinit2.o(.ARM.Collect$$libinit$$00000015)
    .ARM.Collect$$libinit$$00000017          0x08000162   Section        0  libinit2.o(.ARM.Collect$$libinit$$00000017)
    .ARM.Collect$$libinit$$00000019          0x08000162   Section        0  libinit2.o(.ARM.Collect$$libinit$$00000019)
    .ARM.Collect$$libinit$$0000001B          0x08000162   Section        0  libinit2.o(.ARM.Collect$$libinit$$0000001B)
    .ARM.Collect$$libinit$$0000001D          0x08000162   Section        0  libinit2.o(.ARM.Collect$$libinit$$0000001D)
    .ARM.Collect$$libinit$$0000001F          0x08000162   Section        0  libinit2.o(.ARM.Collect$$libinit$$0000001F)
    .ARM.Collect$$libinit$$00000021          0x08000162   Section        0  libinit2.o(.ARM.Collect$$libinit$$00000021)
    .ARM.Collect$$libinit$$00000023          0x08000162   Section        0  libinit2.o(.ARM.Collect$$libinit$$00000023)
    .ARM.Collect$$libinit$$00000025          0x08000162   Section        0  libinit2.o(.ARM.Collect$$libinit$$00000025)
    .ARM.Collect$$libinit$$0000002C          0x08000162   Section        0  libinit2.o(.ARM.Collect$$libinit$$0000002C)
    .ARM.Collect$$libinit$$0000002E          0x08000162   Section        0  libinit2.o(.ARM.Collect$$libinit$$0000002E)
    .ARM.Collect$$libinit$$00000030          0x08000162   Section        0  libinit2.o(.ARM.Collect$$libinit$$00000030)
    .ARM.Collect$$libinit$$00000032          0x08000162   Section        0  libinit2.o(.ARM.Collect$$libinit$$00000032)
    .ARM.Collect$$libinit$$00000033          0x08000162   Section        2  libinit2.o(.ARM.Collect$$libinit$$00000033)
    .ARM.Collect$$libshutdown$$00000000      0x08000164   Section        2  libshutdown.o(.ARM.Collect$$libshutdown$$00000000)
    .ARM.Collect$$libshutdown$$00000002      0x08000166   Section        0  libshutdown2.o(.ARM.Collect$$libshutdown$$00000002)
    .ARM.Collect$$libshutdown$$00000004      0x08000166   Section        0  libshutdown2.o(.ARM.Collect$$libshutdown$$00000004)
    .ARM.Collect$$libshutdown$$00000007      0x08000166   Section        0  libshutdown2.o(.ARM.Collect$$libshutdown$$00000007)
    .ARM.Collect$$libshutdown$$0000000A      0x08000166   Section        0  libshutdown2.o(.ARM.Collect$$libshutdown$$0000000A)
    .ARM.Collect$$libshutdown$$0000000C      0x08000166   Section        0  libshutdown2.o(.ARM.Collect$$libshutdown$$0000000C)
    .ARM.Collect$$libshutdown$$0000000F      0x08000166   Section        0  libshutdown2.o(.ARM.Collect$$libshutdown$$0000000F)
    .ARM.Collect$$libshutdown$$00000010      0x08000166   Section        2  libshutdown2.o(.ARM.Collect$$libshutdown$$00000010)
    .ARM.Collect$$rtentry$$00000000          0x08000168   Section        0  __rtentry.o(.ARM.Collect$$rtentry$$00000000)
    .ARM.Collect$$rtentry$$00000002          0x08000168   Section        0  __rtentry2.o(.ARM.Collect$$rtentry$$00000002)
    .ARM.Collect$$rtentry$$00000004          0x08000168   Section        6  __rtentry4.o(.ARM.Collect$$rtentry$$00000004)
    .ARM.Collect$$rtentry$$00000009          0x0800016e   Section        0  __rtentry2.o(.ARM.Collect$$rtentry$$00000009)
    .ARM.Collect$$rtentry$$0000000A          0x0800016e   Section        4  __rtentry2.o(.ARM.Collect$$rtentry$$0000000A)
    .ARM.Collect$$rtentry$$0000000C          0x08000172   Section        0  __rtentry2.o(.ARM.Collect$$rtentry$$0000000C)
    .ARM.Collect$$rtentry$$0000000D          0x08000172   Section        8  __rtentry2.o(.ARM.Collect$$rtentry$$0000000D)
    .ARM.Collect$$rtexit$$00000000           0x0800017a   Section        2  rtexit.o(.ARM.Collect$$rtexit$$00000000)
    .ARM.Collect$$rtexit$$00000002           0x0800017c   Section        0  rtexit2.o(.ARM.Collect$$rtexit$$00000002)
    .ARM.Collect$$rtexit$$00000003           0x0800017c   Section        4  rtexit2.o(.ARM.Collect$$rtexit$$00000003)
    .ARM.Collect$$rtexit$$00000004           0x08000180   Section        6  rtexit2.o(.ARM.Collect$$rtexit$$00000004)
    .text                                    0x08000188   Section       64  startup_stm32f103xb.o(.text)
    .text                                    0x080001c8   Section       78  rt_memclr_w.o(.text)
    .text                                    0x08000216   Section        0  heapauxi.o(.text)
    .text                                    0x0800021c   Section        0  _rserrno.o(.text)
    .text                                    0x08000234   Section        8  rt_errno_addr_intlibspace.o(.text)
    .text                                    0x0800023c   Section        8  libspace.o(.text)
    .text                                    0x08000244   Section       74  sys_stackheap_outer.o(.text)
    .text                                    0x0800028e   Section        0  exit.o(.text)
    .text                                    0x080002a0   Section        2  use_no_semi.o(.text)
    .text                                    0x080002a2   Section        0  indicate_semi.o(.text)
    .text                                    0x080002a4   Section        0  sys_exit.o(.text)
    i.BusFault_Handler                       0x080002b0   Section        0  stm32f1xx_it.o(i.BusFault_Handler)
    i.CalculateCRC32                         0x080002b4   Section        0  flash_storage.o(i.CalculateCRC32)
    i.DebugMon_Handler                       0x080002e8   Section        0  stm32f1xx_it.o(i.DebugMon_Handler)
    i.Encoder_Init                           0x080002ea   Section        0  encoder.o(i.Encoder_Init)
    i.Flash_LoadPID                          0x08000300   Section        0  flash_storage.o(i.Flash_LoadPID)
    i.HAL_GPIO_Init                          0x08000338   Section        0  stm32f1xx_hal_gpio.o(i.HAL_GPIO_Init)
    i.HAL_GPIO_WritePin                      0x08000518   Section        0  stm32f1xx_hal_gpio.o(i.HAL_GPIO_WritePin)
    i.HAL_GetTick                            0x08000524   Section        0  stm32f1xx_hal.o(i.HAL_GetTick)
    i.HAL_I2C_Init                           0x08000530   Section        0  stm32f1xx_hal_i2c.o(i.HAL_I2C_Init)
    i.HAL_I2C_Mem_Read                       0x080006b8   Section        0  stm32f1xx_hal_i2c.o(i.HAL_I2C_Mem_Read)
    i.HAL_I2C_Mem_Write                      0x08000914   Section        0  stm32f1xx_hal_i2c.o(i.HAL_I2C_Mem_Write)
    i.HAL_I2C_MspInit                        0x08000a44   Section        0  stm32f1xx_hal_msp.o(i.HAL_I2C_MspInit)
    i.HAL_IncTick                            0x08000ab4   Section        0  stm32f1xx_hal.o(i.HAL_IncTick)
    i.HAL_Init                               0x08000ac4   Section        0  stm32f1xx_hal.o(i.HAL_Init)
    i.HAL_InitTick                           0x08000ae8   Section        0  stm32f1xx_hal.o(i.HAL_InitTick)
    i.HAL_MspInit                            0x08000b28   Section        0  stm32f1xx_hal_msp.o(i.HAL_MspInit)
    i.HAL_NVIC_SetPriority                   0x08000b64   Section        0  stm32f1xx_hal_cortex.o(i.HAL_NVIC_SetPriority)
    i.HAL_NVIC_SetPriorityGrouping           0x08000ba4   Section        0  stm32f1xx_hal_cortex.o(i.HAL_NVIC_SetPriorityGrouping)
    i.HAL_RCC_ClockConfig                    0x08000bc8   Section        0  stm32f1xx_hal_rcc.o(i.HAL_RCC_ClockConfig)
    i.HAL_RCC_GetPCLK1Freq                   0x08000cf4   Section        0  stm32f1xx_hal_rcc.o(i.HAL_RCC_GetPCLK1Freq)
    i.HAL_RCC_GetPCLK2Freq                   0x08000d14   Section        0  stm32f1xx_hal_rcc.o(i.HAL_RCC_GetPCLK2Freq)
    i.HAL_RCC_GetSysClockFreq                0x08000d34   Section        0  stm32f1xx_hal_rcc.o(i.HAL_RCC_GetSysClockFreq)
    i.HAL_RCC_OscConfig                      0x08000d80   Section        0  stm32f1xx_hal_rcc.o(i.HAL_RCC_OscConfig)
    i.HAL_SYSTICK_Config                     0x080010a0   Section        0  stm32f1xx_hal_cortex.o(i.HAL_SYSTICK_Config)
    i.HAL_TIMEx_ConfigBreakDeadTime          0x080010c8   Section        0  stm32f1xx_hal_tim_ex.o(i.HAL_TIMEx_ConfigBreakDeadTime)
    i.HAL_TIMEx_MasterConfigSynchronization  0x0800111c   Section        0  stm32f1xx_hal_tim_ex.o(i.HAL_TIMEx_MasterConfigSynchronization)
    i.HAL_TIM_Base_Init                      0x08001184   Section        0  stm32f1xx_hal_tim.o(i.HAL_TIM_Base_Init)
    i.HAL_TIM_Base_MspInit                   0x080011e0   Section        0  stm32f1xx_hal_msp.o(i.HAL_TIM_Base_MspInit)
    i.HAL_TIM_ConfigClockSource              0x08001208   Section        0  stm32f1xx_hal_tim.o(i.HAL_TIM_ConfigClockSource)
    i.HAL_TIM_Encoder_Init                   0x080012e4   Section        0  stm32f1xx_hal_tim.o(i.HAL_TIM_Encoder_Init)
    i.HAL_TIM_Encoder_MspInit                0x08001388   Section        0  stm32f1xx_hal_msp.o(i.HAL_TIM_Encoder_MspInit)
    i.HAL_TIM_Encoder_Start                  0x08001408   Section        0  stm32f1xx_hal_tim.o(i.HAL_TIM_Encoder_Start)
    i.HAL_TIM_MspPostInit                    0x08001498   Section        0  stm32f1xx_hal_msp.o(i.HAL_TIM_MspPostInit)
    i.HAL_TIM_PWM_ConfigChannel              0x080014e4   Section        0  stm32f1xx_hal_tim.o(i.HAL_TIM_PWM_ConfigChannel)
    i.HAL_TIM_PWM_Init                       0x080015b0   Section        0  stm32f1xx_hal_tim.o(i.HAL_TIM_PWM_Init)
    i.HAL_TIM_PWM_MspInit                    0x0800160a   Section        0  stm32f1xx_hal_tim.o(i.HAL_TIM_PWM_MspInit)
    i.HAL_TIM_PWM_Start                      0x0800160c   Section        0  stm32f1xx_hal_tim.o(i.HAL_TIM_PWM_Start)
    i.HAL_UART_Init                          0x080016a8   Section        0  stm32f1xx_hal_uart.o(i.HAL_UART_Init)
    i.HAL_UART_MspInit                       0x0800170c   Section        0  stm32f1xx_hal_msp.o(i.HAL_UART_MspInit)
    i.HardFault_Handler                      0x0800178c   Section        0  stm32f1xx_it.o(i.HardFault_Handler)
    i.I2C_IsAcknowledgeFailed                0x0800178e   Section        0  stm32f1xx_hal_i2c.o(i.I2C_IsAcknowledgeFailed)
    I2C_IsAcknowledgeFailed                  0x0800178f   Thumb Code    46  stm32f1xx_hal_i2c.o(i.I2C_IsAcknowledgeFailed)
    i.I2C_RequestMemoryRead                  0x080017bc   Section        0  stm32f1xx_hal_i2c.o(i.I2C_RequestMemoryRead)
    I2C_RequestMemoryRead                    0x080017bd   Thumb Code   246  stm32f1xx_hal_i2c.o(i.I2C_RequestMemoryRead)
    i.I2C_RequestMemoryWrite                 0x080018b8   Section        0  stm32f1xx_hal_i2c.o(i.I2C_RequestMemoryWrite)
    I2C_RequestMemoryWrite                   0x080018b9   Thumb Code   162  stm32f1xx_hal_i2c.o(i.I2C_RequestMemoryWrite)
    i.I2C_WaitOnBTFFlagUntilTimeout          0x08001960   Section        0  stm32f1xx_hal_i2c.o(i.I2C_WaitOnBTFFlagUntilTimeout)
    I2C_WaitOnBTFFlagUntilTimeout            0x08001961   Thumb Code    86  stm32f1xx_hal_i2c.o(i.I2C_WaitOnBTFFlagUntilTimeout)
    i.I2C_WaitOnFlagUntilTimeout             0x080019b8   Section        0  stm32f1xx_hal_i2c.o(i.I2C_WaitOnFlagUntilTimeout)
    I2C_WaitOnFlagUntilTimeout               0x080019b9   Thumb Code   144  stm32f1xx_hal_i2c.o(i.I2C_WaitOnFlagUntilTimeout)
    i.I2C_WaitOnMasterAddressFlagUntilTimeout 0x08001a48   Section        0  stm32f1xx_hal_i2c.o(i.I2C_WaitOnMasterAddressFlagUntilTimeout)
    I2C_WaitOnMasterAddressFlagUntilTimeout  0x08001a49   Thumb Code   188  stm32f1xx_hal_i2c.o(i.I2C_WaitOnMasterAddressFlagUntilTimeout)
    i.I2C_WaitOnRXNEFlagUntilTimeout         0x08001b04   Section        0  stm32f1xx_hal_i2c.o(i.I2C_WaitOnRXNEFlagUntilTimeout)
    I2C_WaitOnRXNEFlagUntilTimeout           0x08001b05   Thumb Code   112  stm32f1xx_hal_i2c.o(i.I2C_WaitOnRXNEFlagUntilTimeout)
    i.I2C_WaitOnTXEFlagUntilTimeout          0x08001b74   Section        0  stm32f1xx_hal_i2c.o(i.I2C_WaitOnTXEFlagUntilTimeout)
    I2C_WaitOnTXEFlagUntilTimeout            0x08001b75   Thumb Code    86  stm32f1xx_hal_i2c.o(i.I2C_WaitOnTXEFlagUntilTimeout)
    i.Kalman_Init                            0x08001bcc   Section        0  kalman.o(i.Kalman_Init)
    i.Kalman_Update                          0x08001bf4   Section        0  kalman.o(i.Kalman_Update)
    i.MPU6050_GetPitch                       0x08001d02   Section        0  mpu6050.o(i.MPU6050_GetPitch)
    i.MPU6050_GetRoll                        0x08001d06   Section        0  mpu6050.o(i.MPU6050_GetRoll)
    i.MPU6050_Init                           0x08001d0a   Section        0  mpu6050.o(i.MPU6050_Init)
    i.MPU6050_Read_All                       0x08001d88   Section        0  mpu6050.o(i.MPU6050_Read_All)
    i.MX_GPIO_Init                           0x08001eb4   Section        0  main.o(i.MX_GPIO_Init)
    MX_GPIO_Init                             0x08001eb5   Thumb Code   160  main.o(i.MX_GPIO_Init)
    i.MX_TIM1_Init                           0x08001f60   Section        0  main.o(i.MX_TIM1_Init)
    MX_TIM1_Init                             0x08001f61   Thumb Code   208  main.o(i.MX_TIM1_Init)
    i.MX_TIM2_Init                           0x08002038   Section        0  main.o(i.MX_TIM2_Init)
    MX_TIM2_Init                             0x08002039   Thumb Code   104  main.o(i.MX_TIM2_Init)
    i.MX_TIM3_Init                           0x080020a4   Section        0  main.o(i.MX_TIM3_Init)
    MX_TIM3_Init                             0x080020a5   Thumb Code   102  main.o(i.MX_TIM3_Init)
    i.MemManage_Handler                      0x08002114   Section        0  stm32f1xx_it.o(i.MemManage_Handler)
    i.Motor_Init                             0x08002118   Section        0  motor_control.o(i.Motor_Init)
    i.Motor_SetDirection                     0x08002158   Section        0  motor_control.o(i.Motor_SetDirection)
    i.Motor_SetSpeed                         0x08002198   Section        0  motor_control.o(i.Motor_SetSpeed)
    i.NMI_Handler                            0x08002204   Section        0  stm32f1xx_it.o(i.NMI_Handler)
    i.PID_Init                               0x08002206   Section        0  pid.o(i.PID_Init)
    i.PID_LoadFromFlash                      0x08002212   Section        0  pid.o(i.PID_LoadFromFlash)
    i.PendSV_Handler                         0x0800222c   Section        0  stm32f1xx_it.o(i.PendSV_Handler)
    i.SVC_Handler                            0x0800222e   Section        0  stm32f1xx_it.o(i.SVC_Handler)
    i.Safety_Init                            0x08002230   Section        0  safety.o(i.Safety_Init)
    i.StopMotors                             0x0800223c   Section        0  motor_control.o(i.StopMotors)
    i.SysTick_Handler                        0x08002252   Section        0  stm32f1xx_it.o(i.SysTick_Handler)
    i.SystemClock_Config                     0x08002256   Section        0  main.o(i.SystemClock_Config)
    i.SystemInit                             0x080022b4   Section        0  system_stm32f1xx.o(i.SystemInit)
    i.TIM_Base_SetConfig                     0x080022b8   Section        0  stm32f1xx_hal_tim.o(i.TIM_Base_SetConfig)
    i.TIM_CCxChannelCmd                      0x08002330   Section        0  stm32f1xx_hal_tim.o(i.TIM_CCxChannelCmd)
    i.TIM_ETR_SetConfig                      0x0800234a   Section        0  stm32f1xx_hal_tim.o(i.TIM_ETR_SetConfig)
    i.TIM_ITRx_SetConfig                     0x0800235e   Section        0  stm32f1xx_hal_tim.o(i.TIM_ITRx_SetConfig)
    TIM_ITRx_SetConfig                       0x0800235f   Thumb Code    16  stm32f1xx_hal_tim.o(i.TIM_ITRx_SetConfig)
    i.TIM_OC1_SetConfig                      0x08002370   Section        0  stm32f1xx_hal_tim.o(i.TIM_OC1_SetConfig)
    TIM_OC1_SetConfig                        0x08002371   Thumb Code    74  stm32f1xx_hal_tim.o(i.TIM_OC1_SetConfig)
    i.TIM_OC2_SetConfig                      0x080023c0   Section        0  stm32f1xx_hal_tim.o(i.TIM_OC2_SetConfig)
    i.TIM_OC3_SetConfig                      0x08002418   Section        0  stm32f1xx_hal_tim.o(i.TIM_OC3_SetConfig)
    TIM_OC3_SetConfig                        0x08002419   Thumb Code    82  stm32f1xx_hal_tim.o(i.TIM_OC3_SetConfig)
    i.TIM_OC4_SetConfig                      0x08002470   Section        0  stm32f1xx_hal_tim.o(i.TIM_OC4_SetConfig)
    TIM_OC4_SetConfig                        0x08002471   Thumb Code    64  stm32f1xx_hal_tim.o(i.TIM_OC4_SetConfig)
    i.TIM_TI1_ConfigInputStage               0x080024b4   Section        0  stm32f1xx_hal_tim.o(i.TIM_TI1_ConfigInputStage)
    TIM_TI1_ConfigInputStage                 0x080024b5   Thumb Code    34  stm32f1xx_hal_tim.o(i.TIM_TI1_ConfigInputStage)
    i.TIM_TI2_ConfigInputStage               0x080024d6   Section        0  stm32f1xx_hal_tim.o(i.TIM_TI2_ConfigInputStage)
    TIM_TI2_ConfigInputStage                 0x080024d7   Thumb Code    36  stm32f1xx_hal_tim.o(i.TIM_TI2_ConfigInputStage)
    i.UART_SetConfig                         0x080024fc   Section        0  stm32f1xx_hal_uart.o(i.UART_SetConfig)
    UART_SetConfig                           0x080024fd   Thumb Code   178  stm32f1xx_hal_uart.o(i.UART_SetConfig)
    i.UsageFault_Handler                     0x080025b4   Section        0  stm32f1xx_it.o(i.UsageFault_Handler)
    i.__ARM_fpclassifyf                      0x080025b6   Section        0  fpclassifyf.o(i.__ARM_fpclassifyf)
    i.__NVIC_SetPriority                     0x080025dc   Section        0  stm32f1xx_hal_cortex.o(i.__NVIC_SetPriority)
    __NVIC_SetPriority                       0x080025dd   Thumb Code    32  stm32f1xx_hal_cortex.o(i.__NVIC_SetPriority)
    i.__mathlib_flt_infnan2                  0x080025fc   Section        0  funder.o(i.__mathlib_flt_infnan2)
    i.__mathlib_flt_underflow                0x08002600   Section        0  funder.o(i.__mathlib_flt_underflow)
    i.atan2f                                 0x0800260c   Section        0  atan2f.o(i.atan2f)
    i.main                                   0x08002868   Section        0  main.o(i.main)
    i.sqrtf                                  0x080029e4   Section        0  sqrtf.o(i.sqrtf)
    x$fpl$d2f                                0x08002a10   Section       98  d2f.o(x$fpl$d2f)
    x$fpl$ddiv                               0x08002a74   Section      688  ddiv.o(x$fpl$ddiv)
    ddiv_entry                               0x08002a7b   Thumb Code     0  ddiv.o(x$fpl$ddiv)
    x$fpl$dfixu                              0x08002d24   Section       90  dfixu.o(x$fpl$dfixu)
    x$fpl$dmul                               0x08002d80   Section      340  dmul.o(x$fpl$dmul)
    x$fpl$dnaninf                            0x08002ed4   Section      156  dnaninf.o(x$fpl$dnaninf)
    x$fpl$dretinf                            0x08002f70   Section       12  dretinf.o(x$fpl$dretinf)
    x$fpl$f2d                                0x08002f7c   Section       86  f2d.o(x$fpl$f2d)
    x$fpl$fadd                               0x08002fd4   Section      196  faddsub_clz.o(x$fpl$fadd)
    _fadd1                                   0x08002fe3   Thumb Code     0  faddsub_clz.o(x$fpl$fadd)
    x$fpl$fcheck1                            0x08003098   Section       12  fcheck1.o(x$fpl$fcheck1)
    x$fpl$fdiv                               0x080030a4   Section      388  fdiv.o(x$fpl$fdiv)
    _fdiv1                                   0x080030a5   Thumb Code     0  fdiv.o(x$fpl$fdiv)
    x$fpl$ffix                               0x08003228   Section       54  ffix.o(x$fpl$ffix)
    x$fpl$fflt                               0x08003260   Section       48  fflt_clz.o(x$fpl$fflt)
    x$fpl$ffltu                              0x08003290   Section       38  fflt_clz.o(x$fpl$ffltu)
    x$fpl$fmul                               0x080032b8   Section      258  fmul.o(x$fpl$fmul)
    x$fpl$fnaninf                            0x080033ba   Section      140  fnaninf.o(x$fpl$fnaninf)
    x$fpl$fretinf                            0x08003446   Section       10  fretinf.o(x$fpl$fretinf)
    x$fpl$frsb                               0x08003450   Section       20  faddsub_clz.o(x$fpl$frsb)
    x$fpl$fsqrt                              0x08003464   Section      272  fsqrt.o(x$fpl$fsqrt)
    x$fpl$fsub                               0x08003574   Section      234  faddsub_clz.o(x$fpl$fsub)
    _fsub1                                   0x08003583   Thumb Code     0  faddsub_clz.o(x$fpl$fsub)
    x$fpl$retnan                             0x0800365e   Section      100  retnan.o(x$fpl$retnan)
    x$fpl$scalbnf                            0x080036c2   Section       76  scalbnf.o(x$fpl$scalbnf)
    x$fpl$trapveneer                         0x0800370e   Section       48  trapv.o(x$fpl$trapveneer)
    .constdata                               0x0800373e   Section       18  stm32f1xx_hal_rcc.o(.constdata)
    x$fpl$usenofp                            0x0800373e   Section        0  usenofp.o(x$fpl$usenofp)
    aPredivFactorTable                       0x0800373e   Data           2  stm32f1xx_hal_rcc.o(.constdata)
    aPLLMULFactorTable                       0x08003740   Data          16  stm32f1xx_hal_rcc.o(.constdata)
    .constdata                               0x08003750   Section       16  system_stm32f1xx.o(.constdata)
    .constdata                               0x08003760   Section        8  system_stm32f1xx.o(.constdata)
    .data                                    0x20000000   Section       28  main.o(.data)
    .data                                    0x2000001c   Section       12  stm32f1xx_hal.o(.data)
    .data                                    0x20000028   Section        4  system_stm32f1xx.o(.data)
    .data                                    0x2000002c   Section        1  safety.o(.data)
    systemIsSafe                             0x2000002c   Data           1  safety.o(.data)
    .bss                                     0x20000030   Section      504  main.o(.bss)
    .bss                                     0x20000228   Section       96  libspace.o(.bss)
    HEAP                                     0x20000288   Section      512  startup_stm32f103xb.o(HEAP)
    Heap_Mem                                 0x20000288   Data         512  startup_stm32f103xb.o(HEAP)
    STACK                                    0x20000488   Section     1024  startup_stm32f103xb.o(STACK)
    Stack_Mem                                0x20000488   Data        1024  startup_stm32f103xb.o(STACK)
    __initial_sp                             0x20000888   Data           0  startup_stm32f103xb.o(STACK)

    Global Symbols

    Symbol Name                              Value     Ov Type        Size  Object(Section)

    BuildAttributes$$THM_ISAv4$P$D$K$B$S$PE$A:L22UL41UL21$X:L11$S22US41US21$IEEE1$IW$USESV6$~STKCKD$USESV7$~SHL$OTIME$ROPI$IEEEX$EBA8$UX$STANDARDLIB$REQ8$PRES8$EABIv2 0x00000000   Number         0  anon$$obj.o ABSOLUTE
    __ARM_use_no_argv                        0x00000000   Number         0  main.o ABSOLUTE
    _printf_flags                            0x00000000   Number         0  printf_stubs.o ABSOLUTE
    _printf_return_value                     0x00000000   Number         0  printf_stubs.o ABSOLUTE
    _printf_sizespec                         0x00000000   Number         0  printf_stubs.o ABSOLUTE
    _printf_widthprec                        0x00000000   Number         0  printf_stubs.o ABSOLUTE
    __ARM_exceptions_init                     - Undefined Weak Reference
    __alloca_initialize                       - Undefined Weak Reference
    __arm_preinit_                            - Undefined Weak Reference
    __cpp_initialize__aeabi_                  - Undefined Weak Reference
    __cxa_finalize                            - Undefined Weak Reference
    __sigvec_lookup                           - Undefined Weak Reference
    __user_heap_extent                        - Undefined Weak Reference
    _atexit_init                              - Undefined Weak Reference
    _call_atexit_fns                          - Undefined Weak Reference
    _clock_init                               - Undefined Weak Reference
    _fp_trap_init                             - Undefined Weak Reference
    _fp_trap_shutdown                         - Undefined Weak Reference
    _get_lc_collate                           - Undefined Weak Reference
    _get_lc_monetary                          - Undefined Weak Reference
    _get_lc_time                              - Undefined Weak Reference
    _getenv_init                              - Undefined Weak Reference
    _handle_redirection                       - Undefined Weak Reference
    _mutex_acquire                            - Undefined Weak Reference
    _mutex_free                               - Undefined Weak Reference
    _mutex_release                            - Undefined Weak Reference
    _printf_mbtowc                            - Undefined Weak Reference
    _printf_wc                                - Undefined Weak Reference
    _rand_init                                - Undefined Weak Reference
    _signal_finish                            - Undefined Weak Reference
    _signal_init                              - Undefined Weak Reference
    __Vectors_Size                           0x000000ec   Number         0  startup_stm32f103xb.o ABSOLUTE
    __Vectors                                0x08000000   Data           4  startup_stm32f103xb.o(RESET)
    __Vectors_End                            0x080000ec   Data           0  startup_stm32f103xb.o(RESET)
    __main                                   0x080000ed   Thumb Code     8  __main.o(!!!main)
    __scatterload                            0x080000f5   Thumb Code     0  __scatter.o(!!!scatter)
    __scatterload_rt2                        0x080000f5   Thumb Code    44  __scatter.o(!!!scatter)
    __scatterload_rt2_thumb_only             0x080000f5   Thumb Code     0  __scatter.o(!!!scatter)
    __scatterload_null                       0x08000103   Thumb Code     0  __scatter.o(!!!scatter)
    __scatterload_copy                       0x08000129   Thumb Code    26  __scatter_copy.o(!!handler_copy)
    __scatterload_zeroinit                   0x08000145   Thumb Code    28  __scatter_zi.o(!!handler_zi)
    __rt_lib_init                            0x08000161   Thumb Code     0  libinit.o(.ARM.Collect$$libinit$$00000000)
    __rt_lib_init_alloca_1                   0x08000163   Thumb Code     0  libinit2.o(.ARM.Collect$$libinit$$0000002E)
    __rt_lib_init_argv_1                     0x08000163   Thumb Code     0  libinit2.o(.ARM.Collect$$libinit$$0000002C)
    __rt_lib_init_atexit_1                   0x08000163   Thumb Code     0  libinit2.o(.ARM.Collect$$libinit$$0000001B)
    __rt_lib_init_clock_1                    0x08000163   Thumb Code     0  libinit2.o(.ARM.Collect$$libinit$$00000021)
    __rt_lib_init_cpp_1                      0x08000163   Thumb Code     0  libinit2.o(.ARM.Collect$$libinit$$00000032)
    __rt_lib_init_exceptions_1               0x08000163   Thumb Code     0  libinit2.o(.ARM.Collect$$libinit$$00000030)
    __rt_lib_init_fp_1                       0x08000163   Thumb Code     0  libinit2.o(.ARM.Collect$$libinit$$00000002)
    __rt_lib_init_fp_trap_1                  0x08000163   Thumb Code     0  libinit2.o(.ARM.Collect$$libinit$$0000001F)
    __rt_lib_init_getenv_1                   0x08000163   Thumb Code     0  libinit2.o(.ARM.Collect$$libinit$$00000023)
    __rt_lib_init_heap_1                     0x08000163   Thumb Code     0  libinit2.o(.ARM.Collect$$libinit$$0000000A)
    __rt_lib_init_lc_collate_1               0x08000163   Thumb Code     0  libinit2.o(.ARM.Collect$$libinit$$00000011)
    __rt_lib_init_lc_ctype_1                 0x08000163   Thumb Code     0  libinit2.o(.ARM.Collect$$libinit$$00000013)
    __rt_lib_init_lc_monetary_1              0x08000163   Thumb Code     0  libinit2.o(.ARM.Collect$$libinit$$00000015)
    __rt_lib_init_lc_numeric_1               0x08000163   Thumb Code     0  libinit2.o(.ARM.Collect$$libinit$$00000017)
    __rt_lib_init_lc_time_1                  0x08000163   Thumb Code     0  libinit2.o(.ARM.Collect$$libinit$$00000019)
    __rt_lib_init_preinit_1                  0x08000163   Thumb Code     0  libinit2.o(.ARM.Collect$$libinit$$00000004)
    __rt_lib_init_rand_1                     0x08000163   Thumb Code     0  libinit2.o(.ARM.Collect$$libinit$$0000000E)
    __rt_lib_init_return                     0x08000163   Thumb Code     0  libinit2.o(.ARM.Collect$$libinit$$00000033)
    __rt_lib_init_signal_1                   0x08000163   Thumb Code     0  libinit2.o(.ARM.Collect$$libinit$$0000001D)
    __rt_lib_init_stdio_1                    0x08000163   Thumb Code     0  libinit2.o(.ARM.Collect$$libinit$$00000025)
    __rt_lib_init_user_alloc_1               0x08000163   Thumb Code     0  libinit2.o(.ARM.Collect$$libinit$$0000000C)
    __rt_lib_shutdown                        0x08000165   Thumb Code     0  libshutdown.o(.ARM.Collect$$libshutdown$$00000000)
    __rt_lib_shutdown_cpp_1                  0x08000167   Thumb Code     0  libshutdown2.o(.ARM.Collect$$libshutdown$$00000002)
    __rt_lib_shutdown_fp_trap_1              0x08000167   Thumb Code     0  libshutdown2.o(.ARM.Collect$$libshutdown$$00000007)
    __rt_lib_shutdown_heap_1                 0x08000167   Thumb Code     0  libshutdown2.o(.ARM.Collect$$libshutdown$$0000000F)
    __rt_lib_shutdown_return                 0x08000167   Thumb Code     0  libshutdown2.o(.ARM.Collect$$libshutdown$$00000010)
    __rt_lib_shutdown_signal_1               0x08000167   Thumb Code     0  libshutdown2.o(.ARM.Collect$$libshutdown$$0000000A)
    __rt_lib_shutdown_stdio_1                0x08000167   Thumb Code     0  libshutdown2.o(.ARM.Collect$$libshutdown$$00000004)
    __rt_lib_shutdown_user_alloc_1           0x08000167   Thumb Code     0  libshutdown2.o(.ARM.Collect$$libshutdown$$0000000C)
    __rt_entry                               0x08000169   Thumb Code     0  __rtentry.o(.ARM.Collect$$rtentry$$00000000)
    __rt_entry_presh_1                       0x08000169   Thumb Code     0  __rtentry2.o(.ARM.Collect$$rtentry$$00000002)
    __rt_entry_sh                            0x08000169   Thumb Code     0  __rtentry4.o(.ARM.Collect$$rtentry$$00000004)
    __rt_entry_li                            0x0800016f   Thumb Code     0  __rtentry2.o(.ARM.Collect$$rtentry$$0000000A)
    __rt_entry_postsh_1                      0x0800016f   Thumb Code     0  __rtentry2.o(.ARM.Collect$$rtentry$$00000009)
    __rt_entry_main                          0x08000173   Thumb Code     0  __rtentry2.o(.ARM.Collect$$rtentry$$0000000D)
    __rt_entry_postli_1                      0x08000173   Thumb Code     0  __rtentry2.o(.ARM.Collect$$rtentry$$0000000C)
    __rt_exit                                0x0800017b   Thumb Code     0  rtexit.o(.ARM.Collect$$rtexit$$00000000)
    __rt_exit_ls                             0x0800017d   Thumb Code     0  rtexit2.o(.ARM.Collect$$rtexit$$00000003)
    __rt_exit_prels_1                        0x0800017d   Thumb Code     0  rtexit2.o(.ARM.Collect$$rtexit$$00000002)
    __rt_exit_exit                           0x08000181   Thumb Code     0  rtexit2.o(.ARM.Collect$$rtexit$$00000004)
    Reset_Handler                            0x08000189   Thumb Code     8  startup_stm32f103xb.o(.text)
    ADC1_2_IRQHandler                        0x080001a3   Thumb Code     0  startup_stm32f103xb.o(.text)
    CAN1_RX1_IRQHandler                      0x080001a3   Thumb Code     0  startup_stm32f103xb.o(.text)
    CAN1_SCE_IRQHandler                      0x080001a3   Thumb Code     0  startup_stm32f103xb.o(.text)
    DMA1_Channel1_IRQHandler                 0x080001a3   Thumb Code     0  startup_stm32f103xb.o(.text)
    DMA1_Channel2_IRQHandler                 0x080001a3   Thumb Code     0  startup_stm32f103xb.o(.text)
    DMA1_Channel3_IRQHandler                 0x080001a3   Thumb Code     0  startup_stm32f103xb.o(.text)
    DMA1_Channel4_IRQHandler                 0x080001a3   Thumb Code     0  startup_stm32f103xb.o(.text)
    DMA1_Channel5_IRQHandler                 0x080001a3   Thumb Code     0  startup_stm32f103xb.o(.text)
    DMA1_Channel6_IRQHandler                 0x080001a3   Thumb Code     0  startup_stm32f103xb.o(.text)
    DMA1_Channel7_IRQHandler                 0x080001a3   Thumb Code     0  startup_stm32f103xb.o(.text)
    EXTI0_IRQHandler                         0x080001a3   Thumb Code     0  startup_stm32f103xb.o(.text)
    EXTI15_10_IRQHandler                     0x080001a3   Thumb Code     0  startup_stm32f103xb.o(.text)
    EXTI1_IRQHandler                         0x080001a3   Thumb Code     0  startup_stm32f103xb.o(.text)
    EXTI2_IRQHandler                         0x080001a3   Thumb Code     0  startup_stm32f103xb.o(.text)
    EXTI3_IRQHandler                         0x080001a3   Thumb Code     0  startup_stm32f103xb.o(.text)
    EXTI4_IRQHandler                         0x080001a3   Thumb Code     0  startup_stm32f103xb.o(.text)
    EXTI9_5_IRQHandler                       0x080001a3   Thumb Code     0  startup_stm32f103xb.o(.text)
    FLASH_IRQHandler                         0x080001a3   Thumb Code     0  startup_stm32f103xb.o(.text)
    I2C1_ER_IRQHandler                       0x080001a3   Thumb Code     0  startup_stm32f103xb.o(.text)
    I2C1_EV_IRQHandler                       0x080001a3   Thumb Code     0  startup_stm32f103xb.o(.text)
    I2C2_ER_IRQHandler                       0x080001a3   Thumb Code     0  startup_stm32f103xb.o(.text)
    I2C2_EV_IRQHandler                       0x080001a3   Thumb Code     0  startup_stm32f103xb.o(.text)
    PVD_IRQHandler                           0x080001a3   Thumb Code     0  startup_stm32f103xb.o(.text)
    RCC_IRQHandler                           0x080001a3   Thumb Code     0  startup_stm32f103xb.o(.text)
    RTC_Alarm_IRQHandler                     0x080001a3   Thumb Code     0  startup_stm32f103xb.o(.text)
    RTC_IRQHandler                           0x080001a3   Thumb Code     0  startup_stm32f103xb.o(.text)
    SPI1_IRQHandler                          0x080001a3   Thumb Code     0  startup_stm32f103xb.o(.text)
    SPI2_IRQHandler                          0x080001a3   Thumb Code     0  startup_stm32f103xb.o(.text)
    TAMPER_IRQHandler                        0x080001a3   Thumb Code     0  startup_stm32f103xb.o(.text)
    TIM1_BRK_IRQHandler                      0x080001a3   Thumb Code     0  startup_stm32f103xb.o(.text)
    TIM1_CC_IRQHandler                       0x080001a3   Thumb Code     0  startup_stm32f103xb.o(.text)
    TIM1_TRG_COM_IRQHandler                  0x080001a3   Thumb Code     0  startup_stm32f103xb.o(.text)
    TIM1_UP_IRQHandler                       0x080001a3   Thumb Code     0  startup_stm32f103xb.o(.text)
    TIM2_IRQHandler                          0x080001a3   Thumb Code     0  startup_stm32f103xb.o(.text)
    TIM3_IRQHandler                          0x080001a3   Thumb Code     0  startup_stm32f103xb.o(.text)
    TIM4_IRQHandler                          0x080001a3   Thumb Code     0  startup_stm32f103xb.o(.text)
    USART1_IRQHandler                        0x080001a3   Thumb Code     0  startup_stm32f103xb.o(.text)
    USART2_IRQHandler                        0x080001a3   Thumb Code     0  startup_stm32f103xb.o(.text)
    USART3_IRQHandler                        0x080001a3   Thumb Code     0  startup_stm32f103xb.o(.text)
    USBWakeUp_IRQHandler                     0x080001a3   Thumb Code     0  startup_stm32f103xb.o(.text)
    USB_HP_CAN1_TX_IRQHandler                0x080001a3   Thumb Code     0  startup_stm32f103xb.o(.text)
    USB_LP_CAN1_RX0_IRQHandler               0x080001a3   Thumb Code     0  startup_stm32f103xb.o(.text)
    WWDG_IRQHandler                          0x080001a3   Thumb Code     0  startup_stm32f103xb.o(.text)
    __user_initial_stackheap                 0x080001a5   Thumb Code     0  startup_stm32f103xb.o(.text)
    __aeabi_memclr4                          0x080001c9   Thumb Code     0  rt_memclr_w.o(.text)
    __aeabi_memclr8                          0x080001c9   Thumb Code     0  rt_memclr_w.o(.text)
    __rt_memclr_w                            0x080001c9   Thumb Code    78  rt_memclr_w.o(.text)
    _memset_w                                0x080001cd   Thumb Code     0  rt_memclr_w.o(.text)
    __use_two_region_memory                  0x08000217   Thumb Code     2  heapauxi.o(.text)
    __rt_heap_escrow                         0x08000219   Thumb Code     2  heapauxi.o(.text)
    __rt_heap_expand                         0x0800021b   Thumb Code     2  heapauxi.o(.text)
    __read_errno                             0x0800021d   Thumb Code    10  _rserrno.o(.text)
    __set_errno                              0x08000227   Thumb Code    12  _rserrno.o(.text)
    __aeabi_errno_addr                       0x08000235   Thumb Code     8  rt_errno_addr_intlibspace.o(.text)
    __errno$intlibspace                      0x08000235   Thumb Code     0  rt_errno_addr_intlibspace.o(.text)
    __rt_errno_addr$intlibspace              0x08000235   Thumb Code     0  rt_errno_addr_intlibspace.o(.text)
    __user_libspace                          0x0800023d   Thumb Code     8  libspace.o(.text)
    __user_perproc_libspace                  0x0800023d   Thumb Code     0  libspace.o(.text)
    __user_perthread_libspace                0x0800023d   Thumb Code     0  libspace.o(.text)
    __user_setup_stackheap                   0x08000245   Thumb Code    74  sys_stackheap_outer.o(.text)
    exit                                     0x0800028f   Thumb Code    18  exit.o(.text)
    __I$use$semihosting                      0x080002a1   Thumb Code     0  use_no_semi.o(.text)
    __use_no_semihosting_swi                 0x080002a1   Thumb Code     2  use_no_semi.o(.text)
    __semihosting_library_function           0x080002a3   Thumb Code     0  indicate_semi.o(.text)
    _sys_exit                                0x080002a5   Thumb Code     8  sys_exit.o(.text)
    BusFault_Handler                         0x080002b1   Thumb Code     2  stm32f1xx_it.o(i.BusFault_Handler)
    CalculateCRC32                           0x080002b5   Thumb Code    46  flash_storage.o(i.CalculateCRC32)
    DebugMon_Handler                         0x080002e9   Thumb Code     2  stm32f1xx_it.o(i.DebugMon_Handler)
    Encoder_Init                             0x080002eb   Thumb Code    20  encoder.o(i.Encoder_Init)
    Flash_LoadPID                            0x08000301   Thumb Code    52  flash_storage.o(i.Flash_LoadPID)
    HAL_GPIO_Init                            0x08000339   Thumb Code   446  stm32f1xx_hal_gpio.o(i.HAL_GPIO_Init)
    HAL_GPIO_WritePin                        0x08000519   Thumb Code    10  stm32f1xx_hal_gpio.o(i.HAL_GPIO_WritePin)
    HAL_GetTick                              0x08000525   Thumb Code     6  stm32f1xx_hal.o(i.HAL_GetTick)
    HAL_I2C_Init                             0x08000531   Thumb Code   376  stm32f1xx_hal_i2c.o(i.HAL_I2C_Init)
    HAL_I2C_Mem_Read                         0x080006b9   Thumb Code   586  stm32f1xx_hal_i2c.o(i.HAL_I2C_Mem_Read)
    HAL_I2C_Mem_Write                        0x08000915   Thumb Code   294  stm32f1xx_hal_i2c.o(i.HAL_I2C_Mem_Write)
    HAL_I2C_MspInit                          0x08000a45   Thumb Code    96  stm32f1xx_hal_msp.o(i.HAL_I2C_MspInit)
    HAL_IncTick                              0x08000ab5   Thumb Code    12  stm32f1xx_hal.o(i.HAL_IncTick)
    HAL_Init                                 0x08000ac5   Thumb Code    32  stm32f1xx_hal.o(i.HAL_Init)
    HAL_InitTick                             0x08000ae9   Thumb Code    54  stm32f1xx_hal.o(i.HAL_InitTick)
    HAL_MspInit                              0x08000b29   Thumb Code    52  stm32f1xx_hal_msp.o(i.HAL_MspInit)
    HAL_NVIC_SetPriority                     0x08000b65   Thumb Code    60  stm32f1xx_hal_cortex.o(i.HAL_NVIC_SetPriority)
    HAL_NVIC_SetPriorityGrouping             0x08000ba5   Thumb Code    26  stm32f1xx_hal_cortex.o(i.HAL_NVIC_SetPriorityGrouping)
    HAL_RCC_ClockConfig                      0x08000bc9   Thumb Code   280  stm32f1xx_hal_rcc.o(i.HAL_RCC_ClockConfig)
    HAL_RCC_GetPCLK1Freq                     0x08000cf5   Thumb Code    20  stm32f1xx_hal_rcc.o(i.HAL_RCC_GetPCLK1Freq)
    HAL_RCC_GetPCLK2Freq                     0x08000d15   Thumb Code    20  stm32f1xx_hal_rcc.o(i.HAL_RCC_GetPCLK2Freq)
    HAL_RCC_GetSysClockFreq                  0x08000d35   Thumb Code    58  stm32f1xx_hal_rcc.o(i.HAL_RCC_GetSysClockFreq)
    HAL_RCC_OscConfig                        0x08000d81   Thumb Code   778  stm32f1xx_hal_rcc.o(i.HAL_RCC_OscConfig)
    HAL_SYSTICK_Config                       0x080010a1   Thumb Code    40  stm32f1xx_hal_cortex.o(i.HAL_SYSTICK_Config)
    HAL_TIMEx_ConfigBreakDeadTime            0x080010c9   Thumb Code    84  stm32f1xx_hal_tim_ex.o(i.HAL_TIMEx_ConfigBreakDeadTime)
    HAL_TIMEx_MasterConfigSynchronization    0x0800111d   Thumb Code    92  stm32f1xx_hal_tim_ex.o(i.HAL_TIMEx_MasterConfigSynchronization)
    HAL_TIM_Base_Init                        0x08001185   Thumb Code    90  stm32f1xx_hal_tim.o(i.HAL_TIM_Base_Init)
    HAL_TIM_Base_MspInit                     0x080011e1   Thumb Code    30  stm32f1xx_hal_msp.o(i.HAL_TIM_Base_MspInit)
    HAL_TIM_ConfigClockSource                0x08001209   Thumb Code   220  stm32f1xx_hal_tim.o(i.HAL_TIM_ConfigClockSource)
    HAL_TIM_Encoder_Init                     0x080012e5   Thumb Code   164  stm32f1xx_hal_tim.o(i.HAL_TIM_Encoder_Init)
    HAL_TIM_Encoder_MspInit                  0x08001389   Thumb Code   114  stm32f1xx_hal_msp.o(i.HAL_TIM_Encoder_MspInit)
    HAL_TIM_Encoder_Start                    0x08001409   Thumb Code   142  stm32f1xx_hal_tim.o(i.HAL_TIM_Encoder_Start)
    HAL_TIM_MspPostInit                      0x08001499   Thumb Code    64  stm32f1xx_hal_msp.o(i.HAL_TIM_MspPostInit)
    HAL_TIM_PWM_ConfigChannel                0x080014e5   Thumb Code   204  stm32f1xx_hal_tim.o(i.HAL_TIM_PWM_ConfigChannel)
    HAL_TIM_PWM_Init                         0x080015b1   Thumb Code    90  stm32f1xx_hal_tim.o(i.HAL_TIM_PWM_Init)
    HAL_TIM_PWM_MspInit                      0x0800160b   Thumb Code     2  stm32f1xx_hal_tim.o(i.HAL_TIM_PWM_MspInit)
    HAL_TIM_PWM_Start                        0x0800160d   Thumb Code   144  stm32f1xx_hal_tim.o(i.HAL_TIM_PWM_Start)
    HAL_UART_Init                            0x080016a9   Thumb Code   100  stm32f1xx_hal_uart.o(i.HAL_UART_Init)
    HAL_UART_MspInit                         0x0800170d   Thumb Code   112  stm32f1xx_hal_msp.o(i.HAL_UART_MspInit)
    HardFault_Handler                        0x0800178d   Thumb Code     2  stm32f1xx_it.o(i.HardFault_Handler)
    Kalman_Init                              0x08001bcd   Thumb Code    28  kalman.o(i.Kalman_Init)
    Kalman_Update                            0x08001bf5   Thumb Code   270  kalman.o(i.Kalman_Update)
    MPU6050_GetPitch                         0x08001d03   Thumb Code     4  mpu6050.o(i.MPU6050_GetPitch)
    MPU6050_GetRoll                          0x08001d07   Thumb Code     4  mpu6050.o(i.MPU6050_GetRoll)
    MPU6050_Init                             0x08001d0b   Thumb Code   124  mpu6050.o(i.MPU6050_Init)
    MPU6050_Read_All                         0x08001d89   Thumb Code   282  mpu6050.o(i.MPU6050_Read_All)
    MemManage_Handler                        0x08002115   Thumb Code     2  stm32f1xx_it.o(i.MemManage_Handler)
    Motor_Init                               0x08002119   Thumb Code    56  motor_control.o(i.Motor_Init)
    Motor_SetDirection                       0x08002159   Thumb Code    58  motor_control.o(i.Motor_SetDirection)
    Motor_SetSpeed                           0x08002199   Thumb Code    96  motor_control.o(i.Motor_SetSpeed)
    NMI_Handler                              0x08002205   Thumb Code     2  stm32f1xx_it.o(i.NMI_Handler)
    PID_Init                                 0x08002207   Thumb Code    12  pid.o(i.PID_Init)
    PID_LoadFromFlash                        0x08002213   Thumb Code    26  pid.o(i.PID_LoadFromFlash)
    PendSV_Handler                           0x0800222d   Thumb Code     2  stm32f1xx_it.o(i.PendSV_Handler)
    SVC_Handler                              0x0800222f   Thumb Code     2  stm32f1xx_it.o(i.SVC_Handler)
    Safety_Init                              0x08002231   Thumb Code     8  safety.o(i.Safety_Init)
    StopMotors                               0x0800223d   Thumb Code    22  motor_control.o(i.StopMotors)
    SysTick_Handler                          0x08002253   Thumb Code     4  stm32f1xx_it.o(i.SysTick_Handler)
    SystemClock_Config                       0x08002257   Thumb Code    94  main.o(i.SystemClock_Config)
    SystemInit                               0x080022b5   Thumb Code     2  system_stm32f1xx.o(i.SystemInit)
    TIM_Base_SetConfig                       0x080022b9   Thumb Code   108  stm32f1xx_hal_tim.o(i.TIM_Base_SetConfig)
    TIM_CCxChannelCmd                        0x08002331   Thumb Code    26  stm32f1xx_hal_tim.o(i.TIM_CCxChannelCmd)
    TIM_ETR_SetConfig                        0x0800234b   Thumb Code    20  stm32f1xx_hal_tim.o(i.TIM_ETR_SetConfig)
    TIM_OC2_SetConfig                        0x080023c1   Thumb Code    84  stm32f1xx_hal_tim.o(i.TIM_OC2_SetConfig)
    UsageFault_Handler                       0x080025b5   Thumb Code     2  stm32f1xx_it.o(i.UsageFault_Handler)
    __ARM_fpclassifyf                        0x080025b7   Thumb Code    38  fpclassifyf.o(i.__ARM_fpclassifyf)
    __mathlib_flt_infnan2                    0x080025fd   Thumb Code     4  funder.o(i.__mathlib_flt_infnan2)
    __mathlib_flt_underflow                  0x08002601   Thumb Code    10  funder.o(i.__mathlib_flt_underflow)
    atan2f                                   0x0800260d   Thumb Code   528  atan2f.o(i.atan2f)
    main                                     0x08002869   Thumb Code   350  main.o(i.main)
    sqrtf                                    0x080029e5   Thumb Code    44  sqrtf.o(i.sqrtf)
    __aeabi_d2f                              0x08002a11   Thumb Code     0  d2f.o(x$fpl$d2f)
    _d2f                                     0x08002a11   Thumb Code    98  d2f.o(x$fpl$d2f)
    __aeabi_ddiv                             0x08002a75   Thumb Code     0  ddiv.o(x$fpl$ddiv)
    _ddiv                                    0x08002a75   Thumb Code   552  ddiv.o(x$fpl$ddiv)
    __aeabi_d2uiz                            0x08002d25   Thumb Code     0  dfixu.o(x$fpl$dfixu)
    _dfixu                                   0x08002d25   Thumb Code    90  dfixu.o(x$fpl$dfixu)
    __aeabi_dmul                             0x08002d81   Thumb Code     0  dmul.o(x$fpl$dmul)
    _dmul                                    0x08002d81   Thumb Code   332  dmul.o(x$fpl$dmul)
    __fpl_dnaninf                            0x08002ed5   Thumb Code   156  dnaninf.o(x$fpl$dnaninf)
    __fpl_dretinf                            0x08002f71   Thumb Code    12  dretinf.o(x$fpl$dretinf)
    __aeabi_f2d                              0x08002f7d   Thumb Code     0  f2d.o(x$fpl$f2d)
    _f2d                                     0x08002f7d   Thumb Code    86  f2d.o(x$fpl$f2d)
    __aeabi_fadd                             0x08002fd5   Thumb Code     0  faddsub_clz.o(x$fpl$fadd)
    _fadd                                    0x08002fd5   Thumb Code   196  faddsub_clz.o(x$fpl$fadd)
    __fpl_fcheck_NaN1                        0x08003099   Thumb Code     6  fcheck1.o(x$fpl$fcheck1)
    __aeabi_fdiv                             0x080030a5   Thumb Code     0  fdiv.o(x$fpl$fdiv)
    _fdiv                                    0x080030a5   Thumb Code   384  fdiv.o(x$fpl$fdiv)
    __aeabi_f2iz                             0x08003229   Thumb Code     0  ffix.o(x$fpl$ffix)
    _ffix                                    0x08003229   Thumb Code    54  ffix.o(x$fpl$ffix)
    __aeabi_i2f                              0x08003261   Thumb Code     0  fflt_clz.o(x$fpl$fflt)
    _fflt                                    0x08003261   Thumb Code    48  fflt_clz.o(x$fpl$fflt)
    __aeabi_ui2f                             0x08003291   Thumb Code     0  fflt_clz.o(x$fpl$ffltu)
    _ffltu                                   0x08003291   Thumb Code    38  fflt_clz.o(x$fpl$ffltu)
    __aeabi_fmul                             0x080032b9   Thumb Code     0  fmul.o(x$fpl$fmul)
    _fmul                                    0x080032b9   Thumb Code   258  fmul.o(x$fpl$fmul)
    __fpl_fnaninf                            0x080033bb   Thumb Code   140  fnaninf.o(x$fpl$fnaninf)
    __fpl_fretinf                            0x08003447   Thumb Code    10  fretinf.o(x$fpl$fretinf)
    __aeabi_frsub                            0x08003451   Thumb Code     0  faddsub_clz.o(x$fpl$frsb)
    _frsb                                    0x08003451   Thumb Code    20  faddsub_clz.o(x$fpl$frsb)
    _fsqrt                                   0x08003465   Thumb Code   272  fsqrt.o(x$fpl$fsqrt)
    __aeabi_fsub                             0x08003575   Thumb Code     0  faddsub_clz.o(x$fpl$fsub)
    _fsub                                    0x08003575   Thumb Code   234  faddsub_clz.o(x$fpl$fsub)
    __fpl_return_NaN                         0x0800365f   Thumb Code   100  retnan.o(x$fpl$retnan)
    __ARM_scalbnf                            0x080036c3   Thumb Code    76  scalbnf.o(x$fpl$scalbnf)
    __fpl_cmpreturn                          0x0800370f   Thumb Code    48  trapv.o(x$fpl$trapveneer)
    __I$use$fp                               0x0800373e   Number         0  usenofp.o(x$fpl$usenofp)
    AHBPrescTable                            0x08003750   Data          16  system_stm32f1xx.o(.constdata)
    APBPrescTable                            0x08003760   Data           8  system_stm32f1xx.o(.constdata)
    Region$$Table$$Base                      0x08003768   Number         0  anon$$obj.o(Region$$Table)
    Region$$Table$$Limit                     0x08003788   Number         0  anon$$obj.o(Region$$Table)
    convertAngleXToInt                       0x20000000   Data           2  main.o(.data)
    convertAngleYToInt                       0x20000002   Data           2  main.o(.data)
    filteredAngleX                           0x20000004   Data           4  main.o(.data)
    filteredAngleY                           0x20000008   Data           4  main.o(.data)
    motor1Encoder                            0x2000000c   Data           8  main.o(.data)
    motor2Encoder                            0x20000014   Data           8  main.o(.data)
    uwTickFreq                               0x2000001c   Data           1  stm32f1xx_hal.o(.data)
    uwTickPrio                               0x20000020   Data           4  stm32f1xx_hal.o(.data)
    uwTick                                   0x20000024   Data           4  stm32f1xx_hal.o(.data)
    SystemCoreClock                          0x20000028   Data           4  system_stm32f1xx.o(.data)
    hi2c1                                    0x20000030   Data          84  main.o(.bss)
    htim1                                    0x20000084   Data          72  main.o(.bss)
    htim2                                    0x200000cc   Data          72  main.o(.bss)
    htim3                                    0x20000114   Data          72  main.o(.bss)
    huart1                                   0x2000015c   Data          72  main.o(.bss)
    pidRoll                                  0x200001a4   Data          20  main.o(.bss)
    kalmanPitch                              0x200001b8   Data          40  main.o(.bss)
    kalmanRoll                               0x200001e0   Data          40  main.o(.bss)
    mpuData                                  0x20000208   Data          32  main.o(.bss)
    __libspace_start                         0x20000228   Data          96  libspace.o(.bss)
    __temporary_stack_top$libspace           0x20000288   Data           0  libspace.o(.bss)



==============================================================================

Memory Map of the image

  Image Entry point : 0x080000ed

  Load Region LR_IROM1 (Base: 0x08000000, Size: 0x000037b8, Max: 0x00010000, ABSOLUTE)

    Execution Region ER_IROM1 (Exec base: 0x08000000, Load base: 0x08000000, Size: 0x00003788, Max: 0x00010000, ABSOLUTE)

    Exec Addr    Load Addr    Size         Type   Attr      Idx    E Section Name        Object

    0x08000000   0x08000000   0x000000ec   Data   RO            3    RESET               startup_stm32f103xb.o
    0x080000ec   0x080000ec   0x00000008   Code   RO         3567  * !!!main             c_w.l(__main.o)
    0x080000f4   0x080000f4   0x00000034   Code   RO         4077    !!!scatter          c_w.l(__scatter.o)
    0x08000128   0x08000128   0x0000001a   Code   RO         4079    !!handler_copy      c_w.l(__scatter_copy.o)
    0x08000142   0x08000142   0x00000002   PAD
    0x08000144   0x08000144   0x0000001c   Code   RO         4081    !!handler_zi        c_w.l(__scatter_zi.o)
    0x08000160   0x08000160   0x00000002   Code   RO         3872    .ARM.Collect$$libinit$$00000000  c_w.l(libinit.o)
    0x08000162   0x08000162   0x00000000   Code   RO         3874    .ARM.Collect$$libinit$$00000002  c_w.l(libinit2.o)
    0x08000162   0x08000162   0x00000000   Code   RO         3876    .ARM.Collect$$libinit$$00000004  c_w.l(libinit2.o)
    0x08000162   0x08000162   0x00000000   Code   RO         3879    .ARM.Collect$$libinit$$0000000A  c_w.l(libinit2.o)
    0x08000162   0x08000162   0x00000000   Code   RO         3881    .ARM.Collect$$libinit$$0000000C  c_w.l(libinit2.o)
    0x08000162   0x08000162   0x00000000   Code   RO         3883    .ARM.Collect$$libinit$$0000000E  c_w.l(libinit2.o)
    0x08000162   0x08000162   0x00000000   Code   RO         3886    .ARM.Collect$$libinit$$00000011  c_w.l(libinit2.o)
    0x08000162   0x08000162   0x00000000   Code   RO         3888    .ARM.Collect$$libinit$$00000013  c_w.l(libinit2.o)
    0x08000162   0x08000162   0x00000000   Code   RO         3890    .ARM.Collect$$libinit$$00000015  c_w.l(libinit2.o)
    0x08000162   0x08000162   0x00000000   Code   RO         3892    .ARM.Collect$$libinit$$00000017  c_w.l(libinit2.o)
    0x08000162   0x08000162   0x00000000   Code   RO         3894    .ARM.Collect$$libinit$$00000019  c_w.l(libinit2.o)
    0x08000162   0x08000162   0x00000000   Code   RO         3896    .ARM.Collect$$libinit$$0000001B  c_w.l(libinit2.o)
    0x08000162   0x08000162   0x00000000   Code   RO         3898    .ARM.Collect$$libinit$$0000001D  c_w.l(libinit2.o)
    0x08000162   0x08000162   0x00000000   Code   RO         3900    .ARM.Collect$$libinit$$0000001F  c_w.l(libinit2.o)
    0x08000162   0x08000162   0x00000000   Code   RO         3902    .ARM.Collect$$libinit$$00000021  c_w.l(libinit2.o)
    0x08000162   0x08000162   0x00000000   Code   RO         3904    .ARM.Collect$$libinit$$00000023  c_w.l(libinit2.o)
    0x08000162   0x08000162   0x00000000   Code   RO         3906    .ARM.Collect$$libinit$$00000025  c_w.l(libinit2.o)
    0x08000162   0x08000162   0x00000000   Code   RO         3910    .ARM.Collect$$libinit$$0000002C  c_w.l(libinit2.o)
    0x08000162   0x08000162   0x00000000   Code   RO         3912    .ARM.Collect$$libinit$$0000002E  c_w.l(libinit2.o)
    0x08000162   0x08000162   0x00000000   Code   RO         3914    .ARM.Collect$$libinit$$00000030  c_w.l(libinit2.o)
    0x08000162   0x08000162   0x00000000   Code   RO         3916    .ARM.Collect$$libinit$$00000032  c_w.l(libinit2.o)
    0x08000162   0x08000162   0x00000002   Code   RO         3917    .ARM.Collect$$libinit$$00000033  c_w.l(libinit2.o)
    0x08000164   0x08000164   0x00000002   Code   RO         4056    .ARM.Collect$$libshutdown$$00000000  c_w.l(libshutdown.o)
    0x08000166   0x08000166   0x00000000   Code   RO         3919    .ARM.Collect$$libshutdown$$00000002  c_w.l(libshutdown2.o)
    0x08000166   0x08000166   0x00000000   Code   RO         3921    .ARM.Collect$$libshutdown$$00000004  c_w.l(libshutdown2.o)
    0x08000166   0x08000166   0x00000000   Code   RO         3924    .ARM.Collect$$libshutdown$$00000007  c_w.l(libshutdown2.o)
    0x08000166   0x08000166   0x00000000   Code   RO         3927    .ARM.Collect$$libshutdown$$0000000A  c_w.l(libshutdown2.o)
    0x08000166   0x08000166   0x00000000   Code   RO         3929    .ARM.Collect$$libshutdown$$0000000C  c_w.l(libshutdown2.o)
    0x08000166   0x08000166   0x00000000   Code   RO         3932    .ARM.Collect$$libshutdown$$0000000F  c_w.l(libshutdown2.o)
    0x08000166   0x08000166   0x00000002   Code   RO         3933    .ARM.Collect$$libshutdown$$00000010  c_w.l(libshutdown2.o)
    0x08000168   0x08000168   0x00000000   Code   RO         3635    .ARM.Collect$$rtentry$$00000000  c_w.l(__rtentry.o)
    0x08000168   0x08000168   0x00000000   Code   RO         3693    .ARM.Collect$$rtentry$$00000002  c_w.l(__rtentry2.o)
    0x08000168   0x08000168   0x00000006   Code   RO         3705    .ARM.Collect$$rtentry$$00000004  c_w.l(__rtentry4.o)
    0x0800016e   0x0800016e   0x00000000   Code   RO         3695    .ARM.Collect$$rtentry$$00000009  c_w.l(__rtentry2.o)
    0x0800016e   0x0800016e   0x00000004   Code   RO         3696    .ARM.Collect$$rtentry$$0000000A  c_w.l(__rtentry2.o)
    0x08000172   0x08000172   0x00000000   Code   RO         3698    .ARM.Collect$$rtentry$$0000000C  c_w.l(__rtentry2.o)
    0x08000172   0x08000172   0x00000008   Code   RO         3699    .ARM.Collect$$rtentry$$0000000D  c_w.l(__rtentry2.o)
    0x0800017a   0x0800017a   0x00000002   Code   RO         3941    .ARM.Collect$$rtexit$$00000000  c_w.l(rtexit.o)
    0x0800017c   0x0800017c   0x00000000   Code   RO         3997    .ARM.Collect$$rtexit$$00000002  c_w.l(rtexit2.o)
    0x0800017c   0x0800017c   0x00000004   Code   RO         3998    .ARM.Collect$$rtexit$$00000003  c_w.l(rtexit2.o)
    0x08000180   0x08000180   0x00000006   Code   RO         3999    .ARM.Collect$$rtexit$$00000004  c_w.l(rtexit2.o)
    0x08000186   0x08000186   0x00000002   PAD
    0x08000188   0x08000188   0x00000040   Code   RO            4    .text               startup_stm32f103xb.o
    0x080001c8   0x080001c8   0x0000004e   Code   RO         3563    .text               c_w.l(rt_memclr_w.o)
    0x08000216   0x08000216   0x00000006   Code   RO         3565    .text               c_w.l(heapauxi.o)
    0x0800021c   0x0800021c   0x00000016   Code   RO         3636    .text               c_w.l(_rserrno.o)
    0x08000232   0x08000232   0x00000002   PAD
    0x08000234   0x08000234   0x00000008   Code   RO         3717    .text               c_w.l(rt_errno_addr_intlibspace.o)
    0x0800023c   0x0800023c   0x00000008   Code   RO         3778    .text               c_w.l(libspace.o)
    0x08000244   0x08000244   0x0000004a   Code   RO         3783    .text               c_w.l(sys_stackheap_outer.o)
    0x0800028e   0x0800028e   0x00000012   Code   RO         3859    .text               c_w.l(exit.o)
    0x080002a0   0x080002a0   0x00000002   Code   RO         3938    .text               c_w.l(use_no_semi.o)
    0x080002a2   0x080002a2   0x00000000   Code   RO         3940    .text               c_w.l(indicate_semi.o)
    0x080002a2   0x080002a2   0x00000002   PAD
    0x080002a4   0x080002a4   0x0000000c   Code   RO         3994    .text               c_w.l(sys_exit.o)
    0x080002b0   0x080002b0   0x00000002   Code   RO          217    i.BusFault_Handler  stm32f1xx_it.o
    0x080002b2   0x080002b2   0x00000002   PAD
    0x080002b4   0x080002b4   0x00000034   Code   RO         3443    i.CalculateCRC32    flash_storage.o
    0x080002e8   0x080002e8   0x00000002   Code   RO          218    i.DebugMon_Handler  stm32f1xx_it.o
    0x080002ea   0x080002ea   0x00000014   Code   RO         3359    i.Encoder_Init      encoder.o
    0x080002fe   0x080002fe   0x00000002   PAD
    0x08000300   0x08000300   0x00000038   Code   RO         3444    i.Flash_LoadPID     flash_storage.o
    0x08000338   0x08000338   0x000001e0   Code   RO         1160    i.HAL_GPIO_Init     stm32f1xx_hal_gpio.o
    0x08000518   0x08000518   0x0000000a   Code   RO         1164    i.HAL_GPIO_WritePin  stm32f1xx_hal_gpio.o
    0x08000522   0x08000522   0x00000002   PAD
    0x08000524   0x08000524   0x0000000c   Code   RO          854    i.HAL_GetTick       stm32f1xx_hal.o
    0x08000530   0x08000530   0x00000188   Code   RO          417    i.HAL_I2C_Init      stm32f1xx_hal_i2c.o
    0x080006b8   0x080006b8   0x0000025c   Code   RO          435    i.HAL_I2C_Mem_Read  stm32f1xx_hal_i2c.o
    0x08000914   0x08000914   0x00000130   Code   RO          438    i.HAL_I2C_Mem_Write  stm32f1xx_hal_i2c.o
    0x08000a44   0x08000a44   0x00000070   Code   RO          293    i.HAL_I2C_MspInit   stm32f1xx_hal_msp.o
    0x08000ab4   0x08000ab4   0x00000010   Code   RO          860    i.HAL_IncTick       stm32f1xx_hal.o
    0x08000ac4   0x08000ac4   0x00000024   Code   RO          861    i.HAL_Init          stm32f1xx_hal.o
    0x08000ae8   0x08000ae8   0x00000040   Code   RO          862    i.HAL_InitTick      stm32f1xx_hal.o
    0x08000b28   0x08000b28   0x0000003c   Code   RO          294    i.HAL_MspInit       stm32f1xx_hal_msp.o
    0x08000b64   0x08000b64   0x00000040   Code   RO         1326    i.HAL_NVIC_SetPriority  stm32f1xx_hal_cortex.o
    0x08000ba4   0x08000ba4   0x00000024   Code   RO         1327    i.HAL_NVIC_SetPriorityGrouping  stm32f1xx_hal_cortex.o
    0x08000bc8   0x08000bc8   0x0000012c   Code   RO         1018    i.HAL_RCC_ClockConfig  stm32f1xx_hal_rcc.o
    0x08000cf4   0x08000cf4   0x00000020   Code   RO         1025    i.HAL_RCC_GetPCLK1Freq  stm32f1xx_hal_rcc.o
    0x08000d14   0x08000d14   0x00000020   Code   RO         1026    i.HAL_RCC_GetPCLK2Freq  stm32f1xx_hal_rcc.o
    0x08000d34   0x08000d34   0x0000004c   Code   RO         1027    i.HAL_RCC_GetSysClockFreq  stm32f1xx_hal_rcc.o
    0x08000d80   0x08000d80   0x00000320   Code   RO         1030    i.HAL_RCC_OscConfig  stm32f1xx_hal_rcc.o
    0x080010a0   0x080010a0   0x00000028   Code   RO         1331    i.HAL_SYSTICK_Config  stm32f1xx_hal_cortex.o
    0x080010c8   0x080010c8   0x00000054   Code   RO         2529    i.HAL_TIMEx_ConfigBreakDeadTime  stm32f1xx_hal_tim_ex.o
    0x0800111c   0x0800111c   0x00000068   Code   RO         2545    i.HAL_TIMEx_MasterConfigSynchronization  stm32f1xx_hal_tim_ex.o
    0x08001184   0x08001184   0x0000005a   Code   RO         1822    i.HAL_TIM_Base_Init  stm32f1xx_hal_tim.o
    0x080011de   0x080011de   0x00000002   PAD
    0x080011e0   0x080011e0   0x00000028   Code   RO          296    i.HAL_TIM_Base_MspInit  stm32f1xx_hal_msp.o
    0x08001208   0x08001208   0x000000dc   Code   RO         1831    i.HAL_TIM_ConfigClockSource  stm32f1xx_hal_tim.o
    0x080012e4   0x080012e4   0x000000a4   Code   RO         1843    i.HAL_TIM_Encoder_Init  stm32f1xx_hal_tim.o
    0x08001388   0x08001388   0x00000080   Code   RO          298    i.HAL_TIM_Encoder_MspInit  stm32f1xx_hal_msp.o
    0x08001408   0x08001408   0x0000008e   Code   RO         1846    i.HAL_TIM_Encoder_Start  stm32f1xx_hal_tim.o
    0x08001496   0x08001496   0x00000002   PAD
    0x08001498   0x08001498   0x0000004c   Code   RO          299    i.HAL_TIM_MspPostInit  stm32f1xx_hal_msp.o
    0x080014e4   0x080014e4   0x000000cc   Code   RO         1894    i.HAL_TIM_PWM_ConfigChannel  stm32f1xx_hal_tim.o
    0x080015b0   0x080015b0   0x0000005a   Code   RO         1897    i.HAL_TIM_PWM_Init  stm32f1xx_hal_tim.o
    0x0800160a   0x0800160a   0x00000002   Code   RO         1899    i.HAL_TIM_PWM_MspInit  stm32f1xx_hal_tim.o
    0x0800160c   0x0800160c   0x0000009c   Code   RO         1902    i.HAL_TIM_PWM_Start  stm32f1xx_hal_tim.o
    0x080016a8   0x080016a8   0x00000064   Code   RO         2823    i.HAL_UART_Init     stm32f1xx_hal_uart.o
    0x0800170c   0x0800170c   0x00000080   Code   RO          301    i.HAL_UART_MspInit  stm32f1xx_hal_msp.o
    0x0800178c   0x0800178c   0x00000002   Code   RO          219    i.HardFault_Handler  stm32f1xx_it.o
    0x0800178e   0x0800178e   0x0000002e   Code   RO          460    i.I2C_IsAcknowledgeFailed  stm32f1xx_hal_i2c.o
    0x080017bc   0x080017bc   0x000000fc   Code   RO          470    i.I2C_RequestMemoryRead  stm32f1xx_hal_i2c.o
    0x080018b8   0x080018b8   0x000000a8   Code   RO          471    i.I2C_RequestMemoryWrite  stm32f1xx_hal_i2c.o
    0x08001960   0x08001960   0x00000056   Code   RO          475    i.I2C_WaitOnBTFFlagUntilTimeout  stm32f1xx_hal_i2c.o
    0x080019b6   0x080019b6   0x00000002   PAD
    0x080019b8   0x080019b8   0x00000090   Code   RO          476    i.I2C_WaitOnFlagUntilTimeout  stm32f1xx_hal_i2c.o
    0x08001a48   0x08001a48   0x000000bc   Code   RO          477    i.I2C_WaitOnMasterAddressFlagUntilTimeout  stm32f1xx_hal_i2c.o
    0x08001b04   0x08001b04   0x00000070   Code   RO          478    i.I2C_WaitOnRXNEFlagUntilTimeout  stm32f1xx_hal_i2c.o
    0x08001b74   0x08001b74   0x00000056   Code   RO          479    i.I2C_WaitOnTXEFlagUntilTimeout  stm32f1xx_hal_i2c.o
    0x08001bca   0x08001bca   0x00000002   PAD
    0x08001bcc   0x08001bcc   0x00000028   Code   RO         3236    i.Kalman_Init       kalman.o
    0x08001bf4   0x08001bf4   0x0000010e   Code   RO         3237    i.Kalman_Update     kalman.o
    0x08001d02   0x08001d02   0x00000004   Code   RO         3194    i.MPU6050_GetPitch  mpu6050.o
    0x08001d06   0x08001d06   0x00000004   Code   RO         3195    i.MPU6050_GetRoll   mpu6050.o
    0x08001d0a   0x08001d0a   0x0000007c   Code   RO         3196    i.MPU6050_Init      mpu6050.o
    0x08001d86   0x08001d86   0x00000002   PAD
    0x08001d88   0x08001d88   0x0000012c   Code   RO         3197    i.MPU6050_Read_All  mpu6050.o
    0x08001eb4   0x08001eb4   0x000000ac   Code   RO           15    i.MX_GPIO_Init      main.o
    0x08001f60   0x08001f60   0x000000d8   Code   RO           16    i.MX_TIM1_Init      main.o
    0x08002038   0x08002038   0x0000006c   Code   RO           17    i.MX_TIM2_Init      main.o
    0x080020a4   0x080020a4   0x00000070   Code   RO           18    i.MX_TIM3_Init      main.o
    0x08002114   0x08002114   0x00000002   Code   RO          220    i.MemManage_Handler  stm32f1xx_it.o
    0x08002116   0x08002116   0x00000002   PAD
    0x08002118   0x08002118   0x00000040   Code   RO         3313    i.Motor_Init        motor_control.o
    0x08002158   0x08002158   0x00000040   Code   RO         3314    i.Motor_SetDirection  motor_control.o
    0x08002198   0x08002198   0x0000006c   Code   RO         3315    i.Motor_SetSpeed    motor_control.o
    0x08002204   0x08002204   0x00000002   Code   RO          221    i.NMI_Handler       stm32f1xx_it.o
    0x08002206   0x08002206   0x0000000c   Code   RO         3262    i.PID_Init          pid.o
    0x08002212   0x08002212   0x0000001a   Code   RO         3263    i.PID_LoadFromFlash  pid.o
    0x0800222c   0x0800222c   0x00000002   Code   RO          222    i.PendSV_Handler    stm32f1xx_it.o
    0x0800222e   0x0800222e   0x00000002   Code   RO          223    i.SVC_Handler       stm32f1xx_it.o
    0x08002230   0x08002230   0x0000000c   Code   RO         3392    i.Safety_Init       safety.o
    0x0800223c   0x0800223c   0x00000016   Code   RO         3316    i.StopMotors        motor_control.o
    0x08002252   0x08002252   0x00000004   Code   RO          224    i.SysTick_Handler   stm32f1xx_it.o
    0x08002256   0x08002256   0x0000005e   Code   RO           20    i.SystemClock_Config  main.o
    0x080022b4   0x080022b4   0x00000002   Code   RO         3157    i.SystemInit        system_stm32f1xx.o
    0x080022b6   0x080022b6   0x00000002   PAD
    0x080022b8   0x080022b8   0x00000078   Code   RO         1915    i.TIM_Base_SetConfig  stm32f1xx_hal_tim.o
    0x08002330   0x08002330   0x0000001a   Code   RO         1916    i.TIM_CCxChannelCmd  stm32f1xx_hal_tim.o
    0x0800234a   0x0800234a   0x00000014   Code   RO         1926    i.TIM_ETR_SetConfig  stm32f1xx_hal_tim.o
    0x0800235e   0x0800235e   0x00000010   Code   RO         1927    i.TIM_ITRx_SetConfig  stm32f1xx_hal_tim.o
    0x0800236e   0x0800236e   0x00000002   PAD
    0x08002370   0x08002370   0x00000050   Code   RO         1928    i.TIM_OC1_SetConfig  stm32f1xx_hal_tim.o
    0x080023c0   0x080023c0   0x00000058   Code   RO         1929    i.TIM_OC2_SetConfig  stm32f1xx_hal_tim.o
    0x08002418   0x08002418   0x00000058   Code   RO         1930    i.TIM_OC3_SetConfig  stm32f1xx_hal_tim.o
    0x08002470   0x08002470   0x00000044   Code   RO         1931    i.TIM_OC4_SetConfig  stm32f1xx_hal_tim.o
    0x080024b4   0x080024b4   0x00000022   Code   RO         1933    i.TIM_TI1_ConfigInputStage  stm32f1xx_hal_tim.o
    0x080024d6   0x080024d6   0x00000024   Code   RO         1935    i.TIM_TI2_ConfigInputStage  stm32f1xx_hal_tim.o
    0x080024fa   0x080024fa   0x00000002   PAD
    0x080024fc   0x080024fc   0x000000b8   Code   RO         2849    i.UART_SetConfig    stm32f1xx_hal_uart.o
    0x080025b4   0x080025b4   0x00000002   Code   RO          225    i.UsageFault_Handler  stm32f1xx_it.o
    0x080025b6   0x080025b6   0x00000026   Code   RO         3676    i.__ARM_fpclassifyf  m_ws.l(fpclassifyf.o)
    0x080025dc   0x080025dc   0x00000020   Code   RO         1333    i.__NVIC_SetPriority  stm32f1xx_hal_cortex.o
    0x080025fc   0x080025fc   0x00000004   Code   RO         3680    i.__mathlib_flt_infnan2  m_ws.l(funder.o)
    0x08002600   0x08002600   0x0000000a   Code   RO         3684    i.__mathlib_flt_underflow  m_ws.l(funder.o)
    0x0800260a   0x0800260a   0x00000002   PAD
    0x0800260c   0x0800260c   0x0000025c   Code   RO         3620    i.atan2f            m_ws.l(atan2f.o)
    0x08002868   0x08002868   0x0000017c   Code   RO           21    i.main              main.o
    0x080029e4   0x080029e4   0x0000002c   Code   RO         3628    i.sqrtf             m_ws.l(sqrtf.o)
    0x08002a10   0x08002a10   0x00000062   Code   RO         3569    x$fpl$d2f           fz_ws.l(d2f.o)
    0x08002a72   0x08002a72   0x00000002   PAD
    0x08002a74   0x08002a74   0x000002b0   Code   RO         3572    x$fpl$ddiv          fz_ws.l(ddiv.o)
    0x08002d24   0x08002d24   0x0000005a   Code   RO         3575    x$fpl$dfixu         fz_ws.l(dfixu.o)
    0x08002d7e   0x08002d7e   0x00000002   PAD
    0x08002d80   0x08002d80   0x00000154   Code   RO         3579    x$fpl$dmul          fz_ws.l(dmul.o)
    0x08002ed4   0x08002ed4   0x0000009c   Code   RO         3661    x$fpl$dnaninf       fz_ws.l(dnaninf.o)
    0x08002f70   0x08002f70   0x0000000c   Code   RO         3663    x$fpl$dretinf       fz_ws.l(dretinf.o)
    0x08002f7c   0x08002f7c   0x00000056   Code   RO         3581    x$fpl$f2d           fz_ws.l(f2d.o)
    0x08002fd2   0x08002fd2   0x00000002   PAD
    0x08002fd4   0x08002fd4   0x000000c4   Code   RO         3583    x$fpl$fadd          fz_ws.l(faddsub_clz.o)
    0x08003098   0x08003098   0x0000000c   Code   RO         3665    x$fpl$fcheck1       fz_ws.l(fcheck1.o)
    0x080030a4   0x080030a4   0x00000184   Code   RO         3590    x$fpl$fdiv          fz_ws.l(fdiv.o)
    0x08003228   0x08003228   0x00000036   Code   RO         3593    x$fpl$ffix          fz_ws.l(ffix.o)
    0x0800325e   0x0800325e   0x00000002   PAD
    0x08003260   0x08003260   0x00000030   Code   RO         3598    x$fpl$fflt          fz_ws.l(fflt_clz.o)
    0x08003290   0x08003290   0x00000026   Code   RO         3597    x$fpl$ffltu         fz_ws.l(fflt_clz.o)
    0x080032b6   0x080032b6   0x00000002   PAD
    0x080032b8   0x080032b8   0x00000102   Code   RO         3605    x$fpl$fmul          fz_ws.l(fmul.o)
    0x080033ba   0x080033ba   0x0000008c   Code   RO         3669    x$fpl$fnaninf       fz_ws.l(fnaninf.o)
    0x08003446   0x08003446   0x0000000a   Code   RO         3671    x$fpl$fretinf       fz_ws.l(fretinf.o)
    0x08003450   0x08003450   0x00000014   Code   RO         3584    x$fpl$frsb          fz_ws.l(faddsub_clz.o)
    0x08003464   0x08003464   0x00000110   Code   RO         3673    x$fpl$fsqrt         fz_ws.l(fsqrt.o)
    0x08003574   0x08003574   0x000000ea   Code   RO         3585    x$fpl$fsub          fz_ws.l(faddsub_clz.o)
    0x0800365e   0x0800365e   0x00000064   Code   RO         3769    x$fpl$retnan        fz_ws.l(retnan.o)
    0x080036c2   0x080036c2   0x0000004c   Code   RO         3617    x$fpl$scalbnf       fz_ws.l(scalbnf.o)
    0x0800370e   0x0800370e   0x00000030   Code   RO         3936    x$fpl$trapveneer    fz_ws.l(trapv.o)
    0x0800373e   0x0800373e   0x00000000   Code   RO         3675    x$fpl$usenofp       fz_ws.l(usenofp.o)
    0x0800373e   0x0800373e   0x00000012   Data   RO         1031    .constdata          stm32f1xx_hal_rcc.o
    0x08003750   0x08003750   0x00000010   Data   RO         3158    .constdata          system_stm32f1xx.o
    0x08003760   0x08003760   0x00000008   Data   RO         3159    .constdata          system_stm32f1xx.o
    0x08003768   0x08003768   0x00000020   Data   RO         4075    Region$$Table       anon$$obj.o


    Execution Region RW_IRAM1 (Exec base: 0x20000000, Load base: 0x08003788, Size: 0x00000888, Max: 0x00005000, ABSOLUTE)

    Exec Addr    Load Addr    Size         Type   Attr      Idx    E Section Name        Object

    0x20000000   0x08003788   0x0000001c   Data   RW           25    .data               main.o
    0x2000001c   0x080037a4   0x0000000c   Data   RW          868    .data               stm32f1xx_hal.o
    0x20000028   0x080037b0   0x00000004   Data   RW         3160    .data               system_stm32f1xx.o
    0x2000002c   0x080037b4   0x00000001   Data   RW         3396    .data               safety.o
    0x2000002d   0x080037b5   0x00000003   PAD
    0x20000030        -       0x000001f8   Zero   RW           23    .bss                main.o
    0x20000228        -       0x00000060   Zero   RW         3779    .bss                c_w.l(libspace.o)
    0x20000288        -       0x00000200   Zero   RW            2    HEAP                startup_stm32f103xb.o
    0x20000488        -       0x00000400   Zero   RW            1    STACK               startup_stm32f103xb.o


==============================================================================

Image component sizes


      Code (inc. data)   RO Data    RW Data    ZI Data      Debug   Object Name

        20          0          0          0          0       1067   encoder.o
       108         10          0          0          0       1829   flash_storage.o
       310         12          0          0          0       1870   kalman.o
      1082         64          0         28        504     440745   main.o
       258         26          0          0          0       2990   motor_control.o
       432         18          0          0          0       3123   mpu6050.o
        38          0          0          0          0       2187   pid.o
        12          4          0          1          0        562   safety.o
        64         26        236          0       1536        804   startup_stm32f103xb.o
       128         24          0         12          0       5241   stm32f1xx_hal.o
       172         14          0          0          0      28238   stm32f1xx_hal_cortex.o
       490         34          0          0          0       2868   stm32f1xx_hal_gpio.o
      2382         56          0          0          0      12910   stm32f1xx_hal_i2c.o
       544         76          0          0          0       4274   stm32f1xx_hal_msp.o
      1240         84         18          0          0       5064   stm32f1xx_hal_rcc.o
      1644         44          0          0          0      14095   stm32f1xx_hal_tim.o
       188         12          0          0          0       2120   stm32f1xx_hal_tim_ex.o
       284          6          0          0          0       1904   stm32f1xx_hal_uart.o
        20          0          0          0          0       3794   stm32f1xx_it.o
         2          0         24          4          0       1095   system_stm32f1xx.o

    ----------------------------------------------------------------------
      9442        510        310         48       2040     536780   Object Totals
         0          0         32          0          0          0   (incl. Generated)
        24          0          0          3          0          0   (incl. Padding)

    ----------------------------------------------------------------------

      Code (inc. data)   RO Data    RW Data    ZI Data      Debug   Library Member Name

         8          0          0          0          0         68   __main.o
         0          0          0          0          0          0   __rtentry.o
        12          0          0          0          0          0   __rtentry2.o
         6          0          0          0          0          0   __rtentry4.o
        52          8          0          0          0          0   __scatter.o
        26          0          0          0          0          0   __scatter_copy.o
        28          0          0          0          0          0   __scatter_zi.o
        22          0          0          0          0        100   _rserrno.o
        18          0          0          0          0         80   exit.o
         6          0          0          0          0        152   heapauxi.o
         0          0          0          0          0          0   indicate_semi.o
         2          0          0          0          0          0   libinit.o
         2          0          0          0          0          0   libinit2.o
         2          0          0          0          0          0   libshutdown.o
         2          0          0          0          0          0   libshutdown2.o
         8          4          0          0         96         68   libspace.o
         8          4          0          0          0         68   rt_errno_addr_intlibspace.o
        78          0          0          0          0         80   rt_memclr_w.o
         2          0          0          0          0          0   rtexit.o
        10          0          0          0          0          0   rtexit2.o
        12          4          0          0          0         68   sys_exit.o
        74          0          0          0          0         80   sys_stackheap_outer.o
         2          0          0          0          0         68   use_no_semi.o
        98          4          0          0          0         92   d2f.o
       688        140          0          0          0        208   ddiv.o
        90          4          0          0          0         92   dfixu.o
       340         12          0          0          0        104   dmul.o
       156          4          0          0          0         92   dnaninf.o
        12          0          0          0          0         68   dretinf.o
        86          4          0          0          0         84   f2d.o
       450          8          0          0          0        236   faddsub_clz.o
        12          4          0          0          0         68   fcheck1.o
       388         76          0          0          0         96   fdiv.o
        54          4          0          0          0         84   ffix.o
        86          0          0          0          0        136   fflt_clz.o
       258          4          0          0          0         84   fmul.o
       140          4          0          0          0         84   fnaninf.o
        10          0          0          0          0         68   fretinf.o
       272        100          0          0          0         88   fsqrt.o
       100          0          0          0          0         68   retnan.o
        76          0          0          0          0         68   scalbnf.o
        48          0          0          0          0         68   trapv.o
         0          0          0          0          0          0   usenofp.o
       604         76          0          0          0        116   atan2f.o
        38          0          0          0          0         68   fpclassifyf.o
        14          0          0          0          0        136   funder.o
        44          0          0          0          0         80   sqrtf.o

    ----------------------------------------------------------------------
      4464        464          0          0         96       3120   Library Totals
        20          0          0          0          0          0   (incl. Padding)

    ----------------------------------------------------------------------

      Code (inc. data)   RO Data    RW Data    ZI Data      Debug   Library Name

       380         20          0          0         96        832   c_w.l
      3364        368          0          0          0       1888   fz_ws.l
       700         76          0          0          0        400   m_ws.l

    ----------------------------------------------------------------------
      4464        464          0          0         96       3120   Library Totals

    ----------------------------------------------------------------------

==============================================================================


      Code (inc. data)   RO Data    RW Data    ZI Data      Debug   

     13906        974        310         48       2136     534020   Grand Totals
     13906        974        310         48       2136     534020   ELF Image Totals
     13906        974        310         48          0          0   ROM Totals

==============================================================================

    Total RO  Size (Code + RO Data)                14216 (  13.88kB)
    Total RW  Size (RW Data + ZI Data)              2184 (   2.13kB)
    Total ROM Size (Code + RO Data + RW Data)      14264 (  13.93kB)

==============================================================================

