Component: ARM Compiler 5.06 update 6 (build 750) Tool: armlink [4d35ed]

==============================================================================

Section Cross References

    startup_stm32f103xb.o(STACK) refers (Special) to heapauxi.o(.text) for __use_two_region_memory
    startup_stm32f103xb.o(HEAP) refers (Special) to heapauxi.o(.text) for __use_two_region_memory
    startup_stm32f103xb.o(RESET) refers (Special) to heapauxi.o(.text) for __use_two_region_memory
    startup_stm32f103xb.o(RESET) refers to startup_stm32f103xb.o(STACK) for __initial_sp
    startup_stm32f103xb.o(RESET) refers to startup_stm32f103xb.o(.text) for Reset_Handler
    startup_stm32f103xb.o(RESET) refers to stm32f1xx_it.o(i.NMI_Handler) for NMI_Handler
    startup_stm32f103xb.o(RESET) refers to stm32f1xx_it.o(i.HardFault_Handler) for HardFault_Handler
    startup_stm32f103xb.o(RESET) refers to stm32f1xx_it.o(i.MemManage_Handler) for MemManage_Handler
    startup_stm32f103xb.o(RESET) refers to stm32f1xx_it.o(i.BusFault_Handler) for BusFault_Handler
    startup_stm32f103xb.o(RESET) refers to stm32f1xx_it.o(i.UsageFault_Handler) for UsageFault_Handler
    startup_stm32f103xb.o(RESET) refers to stm32f1xx_it.o(i.SVC_Handler) for SVC_Handler
    startup_stm32f103xb.o(RESET) refers to stm32f1xx_it.o(i.DebugMon_Handler) for DebugMon_Handler
    startup_stm32f103xb.o(RESET) refers to stm32f1xx_it.o(i.PendSV_Handler) for PendSV_Handler
    startup_stm32f103xb.o(RESET) refers to stm32f1xx_it.o(i.SysTick_Handler) for SysTick_Handler
    startup_stm32f103xb.o(RESET) refers to stm32f1xx_it.o(i.TIM4_IRQHandler) for TIM4_IRQHandler
    startup_stm32f103xb.o(.text) refers (Special) to heapauxi.o(.text) for __use_two_region_memory
    startup_stm32f103xb.o(.text) refers to system_stm32f1xx.o(i.SystemInit) for SystemInit
    startup_stm32f103xb.o(.text) refers to __main.o(!!!main) for __main
    startup_stm32f103xb.o(.text) refers to startup_stm32f103xb.o(HEAP) for Heap_Mem
    startup_stm32f103xb.o(.text) refers to startup_stm32f103xb.o(STACK) for Stack_Mem
    main.o(i.HAL_TIM_PeriodElapsedCallback) refers to stm32f1xx_hal_gpio.o(i.HAL_GPIO_ReadPin) for HAL_GPIO_ReadPin
    main.o(i.HAL_TIM_PeriodElapsedCallback) refers to pid.o(i.PID_AutoTune) for PID_AutoTune
    main.o(i.HAL_TIM_PeriodElapsedCallback) refers to main.o(i.SetMotorSpeed) for SetMotorSpeed
    main.o(i.HAL_TIM_PeriodElapsedCallback) refers to main.o(.data) for .data
    main.o(i.HAL_TIM_PeriodElapsedCallback) refers to main.o(.bss) for .bss
    main.o(i.LogData) refers to _printf_pad.o(.text) for _printf_pre_padding
    main.o(i.LogData) refers to _printf_truncate.o(.text) for _printf_truncate_unsigned
    main.o(i.LogData) refers to _printf_percent.o(.ARM.Collect$$_printf_percent$$00000000) for _printf_percent
    main.o(i.LogData) refers to _printf_d.o(.ARM.Collect$$_printf_percent$$00000009) for _printf_d
    main.o(i.LogData) refers to _printf_i.o(.ARM.Collect$$_printf_percent$$00000008) for _printf_i
    main.o(i.LogData) refers to _printf_u.o(.ARM.Collect$$_printf_percent$$0000000A) for _printf_u
    main.o(i.LogData) refers to _printf_o.o(.ARM.Collect$$_printf_percent$$0000000B) for _printf_o
    main.o(i.LogData) refers to _printf_x.o(.ARM.Collect$$_printf_percent$$0000000C) for _printf_x
    main.o(i.LogData) refers to _printf_p.o(.ARM.Collect$$_printf_percent$$00000002) for _printf_p
    main.o(i.LogData) refers to _printf_f.o(.ARM.Collect$$_printf_percent$$00000003) for _printf_f
    main.o(i.LogData) refers to _printf_e.o(.ARM.Collect$$_printf_percent$$00000004) for _printf_e
    main.o(i.LogData) refers to _printf_g.o(.ARM.Collect$$_printf_percent$$00000005) for _printf_g
    main.o(i.LogData) refers to _printf_c.o(.ARM.Collect$$_printf_percent$$00000013) for _printf_c
    main.o(i.LogData) refers to _printf_s.o(.ARM.Collect$$_printf_percent$$00000014) for _printf_s
    main.o(i.LogData) refers to _printf_lc.o(.ARM.Collect$$_printf_percent$$00000015) for _printf_lc
    main.o(i.LogData) refers to _printf_a.o(.ARM.Collect$$_printf_percent$$00000006) for _printf_a
    main.o(i.LogData) refers to _printf_n.o(.ARM.Collect$$_printf_percent$$00000001) for _printf_n
    main.o(i.LogData) refers to printf2.o(x$fpl$printf2) for _printf_fp_hex
    main.o(i.LogData) refers to _printf_charcount.o(.text) for _printf_charcount
    main.o(i.LogData) refers to _printf_dec.o(.text) for _printf_int_dec
    main.o(i.LogData) refers to _printf_oct_int.o(.text) for _printf_longlong_oct
    main.o(i.LogData) refers to _printf_hex_int_ptr.o(.text) for _printf_longlong_hex
    main.o(i.LogData) refers to printf1.o(x$fpl$printf1) for _printf_fp_dec
    main.o(i.LogData) refers to _printf_str.o(.text) for _printf_str
    main.o(i.LogData) refers to _printf_wctomb.o(.text) for _printf_wctomb
    main.o(i.LogData) refers to f2d.o(x$fpl$f2d) for __aeabi_f2d
    main.o(i.LogData) refers to noretval__2printf.o(.text) for __2printf
    main.o(i.LogData) refers to strlen.o(.text) for strlen
[...]
    __lcnum_c_name                           0x080066a4   Data           2  lc_numeric_c.o(locale$$data)
    __lcnum_c_start                          0x080066ac   Data           0  lc_numeric_c.o(locale$$data)
    __lcnum_c_point                          0x080066b8   Data           0  lc_numeric_c.o(locale$$data)
    __lcnum_c_thousands                      0x080066ba   Data           0  lc_numeric_c.o(locale$$data)
    __lcnum_c_grouping                       0x080066bb   Data           0  lc_numeric_c.o(locale$$data)
    __lcnum_c_end                            0x080066bc   Data           0  lc_numeric_c.o(locale$$data)
    .data                                    0x20000000   Section       32  main.o(.data)
    .data                                    0x20000020   Section       12  stm32f1xx_hal.o(.data)
    .data                                    0x2000002c   Section        4  system_stm32f1xx.o(.data)
    .data                                    0x20000030   Section      152  mpu6050.o(.data)
    .data                                    0x200000c8   Section        1  safety.o(.data)
    systemIsSafe                             0x200000c8   Data           1  safety.o(.data)
    .data                                    0x200000cc   Section        4  stdio_streams.o(.data)
    .data                                    0x200000d0   Section        4  stdio_streams.o(.data)
    .data                                    0x200000d4   Section        4  stdio_streams.o(.data)
    .bss                                     0x200000d8   Section      556  main.o(.bss)
    .bss                                     0x20000308   Section       32  stm32f1xx_hal_flash.o(.bss)
    .bss                                     0x20000328   Section       84  stdio_streams.o(.bss)
    .bss                                     0x2000037c   Section       84  stdio_streams.o(.bss)
    .bss                                     0x200003d0   Section       84  stdio_streams.o(.bss)
    .bss                                     0x20000424   Section       96  libspace.o(.bss)
    HEAP                                     0x20000488   Section      512  startup_stm32f103xb.o(HEAP)
    Heap_Mem                                 0x20000488   Data         512  startup_stm32f103xb.o(HEAP)
    STACK                                    0x20000688   Section     1024  startup_stm32f103xb.o(STACK)
    Stack_Mem                                0x20000688   Data        1024  startup_stm32f103xb.o(STACK)
    __initial_sp                             0x20000a88   Data           0  startup_stm32f103xb.o(STACK)

    Global Symbols

    Symbol Name                              Value     Ov Type        Size  Object(Section)

    BuildAttributes$$THM_ISAv4$P$D$K$B$S$PE$A:L22UL41UL21$X:L11$S22US41US21$IEEE1$IW$USESV6$~STKCKD$USESV7$~SHL$OTIME$ROPI$IEEEX$EBA8$UX$STANDARDLIB$REQ8$PRES8$EABIv2 0x00000000   Number         0  anon$$obj.o ABSOLUTE
    __ARM_use_no_argv                        0x00000000   Number         0  main.o ABSOLUTE
    _printf_flags                            0x00000000   Number         0  printf_stubs.o ABSOLUTE
    _printf_return_value                     0x00000000   Number         0  printf_stubs.o ABSOLUTE
    _printf_sizespec                         0x00000000   Number         0  printf_stubs.o ABSOLUTE
    _printf_widthprec                        0x00000000   Number         0  printf_stubs.o ABSOLUTE
    __ARM_exceptions_init                     - Undefined Weak Reference
    __alloca_initialize                       - Undefined Weak Reference
    __arm_preinit_                            - Undefined Weak Reference
    __cpp_initialize__aeabi_                  - Undefined Weak Reference
    __cxa_finalize                            - Undefined Weak Reference
    __sigvec_lookup                           - Undefined Weak Reference
    __user_heap_extent                        - Undefined Weak Reference
    _atexit_init                              - Undefined Weak Reference
    _call_atexit_fns                          - Undefined Weak Reference
    _clock_init                               - Undefined Weak Reference
    _fp_trap_init                             - Undefined Weak Reference
    _fp_trap_shutdown                         - Undefined Weak Reference
    _get_lc_collate                           - Undefined Weak Reference
    _get_lc_monetary                          - Undefined Weak Reference
    _get_lc_time                              - Undefined Weak Reference
    _getenv_init                              - Undefined Weak Reference
    _handle_redirection                       - Undefined Weak Reference
    _mutex_acquire                            - Undefined Weak Reference
    _mutex_free                               - Undefined Weak Reference
    _mutex_release                            - Undefined Weak Reference
    _printf_mbtowc                            - Undefined Weak Reference
    _printf_wc                                - Undefined Weak Reference
    _rand_init                                - Undefined Weak Reference
    _signal_finish                            - Undefined Weak Reference
    _signal_init                              - Undefined Weak Reference
    __Vectors_Size                           0x000000ec   Number         0  startup_stm32f103xb.o ABSOLUTE
    __Vectors                                0x08000000   Data           4  startup_stm32f103xb.o(RESET)
    __Vectors_End                            0x080000ec   Data           0  startup_stm32f103xb.o(RESET)
    __main                                   0x080000ed   Thumb Code     8  __main.o(!!!main)
    __scatterload                            0x080000f5   Thumb Code     0  __scatter.o(!!!scatter)
    __scatterload_rt2                        0x080000f5   Thumb Code    44  __scatter.o(!!!scatter)
    __scatterload_rt2_thumb_only             0x080000f5   Thumb Code     0  __scatter.o(!!!scatter)
    __scatterload_null                       0x08000103   Thumb Code     0  __scatter.o(!!!scatter)
    __scatterload_copy                       0x08000129   Thumb Code    26  __scatter_copy.o(!!handler_copy)
    __scatterload_zeroinit                   0x08000145   Thumb Code    28  __scatter_zi.o(!!handler_zi)
    _printf_f                                0x08000161   Thumb Code     0  _printf_f.o(.ARM.Collect$$_printf_percent$$00000003)
    _printf_percent                          0x08000161   Thumb Code     0  _printf_percent.o(.ARM.Collect$$_printf_percent$$00000000)
    _printf_d                                0x08000167   Thumb Code     0  _printf_d.o(.ARM.Collect$$_printf_percent$$00000009)
    _printf_percent_end                      0x0800016d   Thumb Code     0  _printf_percent_end.o(.ARM.Collect$$_printf_percent$$00000017)
    __rt_lib_init                            0x08000171   Thumb Code     0  libinit.o(.ARM.Collect$$libinit$$00000000)
    __rt_lib_init_fp_1                       0x08000173   Thumb Code     0  libinit2.o(.ARM.Collect$$libinit$$00000002)
    __rt_lib_init_heap_2                     0x08000173   Thumb Code     0  libinit2.o(.ARM.Collect$$libinit$$00000005)
    __rt_lib_init_preinit_1                  0x08000173   Thumb Code     0  libinit2.o(.ARM.Collect$$libinit$$00000004)
    __rt_lib_init_heap_1                     0x0800017b   Thumb Code     0  libinit2.o(.ARM.Collect$$libinit$$0000000A)
    __rt_lib_init_lc_common                  0x0800017b   Thumb Code     0  libinit2.o(.ARM.Collect$$libinit$$0000000F)
    __rt_lib_init_rand_1                     0x0800017b   Thumb Code     0  libinit2.o(.ARM.Collect$$libinit$$0000000E)
    __rt_lib_init_user_alloc_1               0x0800017b   Thumb Code     0  libinit2.o(.ARM.Collect$$libinit$$0000000C)
    __rt_lib_init_lc_collate_1               0x08000181   Thumb Code     0  libinit2.o(.ARM.Collect$$libinit$$00000011)
    __rt_lib_init_lc_ctype_1                 0x08000181   Thumb Code     0  libinit2.o(.ARM.Collect$$libinit$$00000013)
    __rt_lib_init_lc_monetary_1              0x08000181   Thumb Code     0  libinit2.o(.ARM.Collect$$libinit$$00000015)
    __rt_lib_init_lc_numeric_2               0x08000181   Thumb Code     0  libinit2.o(.ARM.Collect$$libinit$$00000016)
    __rt_lib_init_atexit_1                   0x0800018b   Thumb Code     0  libinit2.o(.ARM.Collect$$libinit$$0000001B)
    __rt_lib_init_clock_1                    0x0800018b   Thumb Code     0  libinit2.o(.ARM.Collect$$libinit$$00000021)
    __rt_lib_init_fp_trap_1                  0x0800018b   Thumb Code     0  libinit2.o(.ARM.Collect$$libinit$$0000001F)
    __rt_lib_init_getenv_1                   0x0800018b   Thumb Code     0  libinit2.o(.ARM.Collect$$libinit$$00000023)
    __rt_lib_init_lc_numeric_1               0x0800018b   Thumb Code     0  libinit2.o(.ARM.Collect$$libinit$$00000017)
    __rt_lib_init_lc_time_1                  0x0800018b   Thumb Code     0  libinit2.o(.ARM.Collect$$libinit$$00000019)
    __rt_lib_init_signal_1                   0x0800018b   Thumb Code     0  libinit2.o(.ARM.Collect$$libinit$$0000001D)
    __rt_lib_init_stdio_2                    0x0800018b   Thumb Code     0  libinit2.o(.ARM.Collect$$libinit$$00000024)
    __rt_lib_init_alloca_1                   0x0800018f   Thumb Code     0  libinit2.o(.ARM.Collect$$libinit$$0000002E)
    __rt_lib_init_argv_1                     0x0800018f   Thumb Code     0  libinit2.o(.ARM.Collect$$libinit$$0000002C)
    __rt_lib_init_cpp_1                      0x0800018f   Thumb Code     0  libinit2.o(.ARM.Collect$$libinit$$00000032)
    __rt_lib_init_exceptions_1               0x0800018f   Thumb Code     0  libinit2.o(.ARM.Collect$$libinit$$00000030)
    __rt_lib_init_return                     0x0800018f   Thumb Code     0  libinit2.o(.ARM.Collect$$libinit$$00000033)
    __rt_lib_init_stdio_1                    0x0800018f   Thumb Code     0  libinit2.o(.ARM.Collect$$libinit$$00000025)
    __rt_lib_shutdown                        0x08000191   Thumb Code     0  libshutdown.o(.ARM.Collect$$libshutdown$$00000000)
    __rt_lib_shutdown_cpp_1                  0x08000193   Thumb Code     0  libshutdown2.o(.ARM.Collect$$libshutdown$$00000002)
    __rt_lib_shutdown_stdio_2                0x08000193   Thumb Code     0  libshutdown2.o(.ARM.Collect$$libshutdown$$00000003)
    __rt_lib_shutdown_fp_trap_1              0x08000197   Thumb Code     0  libshutdown2.o(.ARM.Collect$$libshutdown$$00000007)
    __rt_lib_shutdown_heap_1                 0x08000197   Thumb Code     0  libshutdown2.o(.ARM.Collect$$libshutdown$$0000000F)
    __rt_lib_shutdown_return                 0x08000197   Thumb Code     0  libshutdown2.o(.ARM.Collect$$libshutdown$$00000010)
    __rt_lib_shutdown_signal_1               0x08000197   Thumb Code     0  libshutdown2.o(.ARM.Collect$$libshutdown$$0000000A)
    __rt_lib_shutdown_stdio_1                0x08000197   Thumb Code     0  libshutdown2.o(.ARM.Collect$$libshutdown$$00000004)
    __rt_lib_shutdown_user_alloc_1           0x08000197   Thumb Code     0  libshutdown2.o(.ARM.Collect$$libshutdown$$0000000C)
    __rt_entry                               0x08000199   Thumb Code     0  __rtentry.o(.ARM.Collect$$rtentry$$00000000)
    __rt_entry_presh_1                       0x08000199   Thumb Code     0  __rtentry2.o(.ARM.Collect$$rtentry$$00000002)
    __rt_entry_sh                            0x08000199   Thumb Code     0  __rtentry4.o(.ARM.Collect$$rtentry$$00000004)
    __rt_entry_li                            0x0800019f   Thumb Code     0  __rtentry2.o(.ARM.Collect$$rtentry$$0000000A)
    __rt_entry_postsh_1                      0x0800019f   Thumb Code     0  __rtentry2.o(.ARM.Collect$$rtentry$$00000009)
    __rt_entry_main                          0x080001a3   Thumb Code     0  __rtentry2.o(.ARM.Collect$$rtentry$$0000000D)
    __rt_entry_postli_1                      0x080001a3   Thumb Code     0  __rtentry2.o(.ARM.Collect$$rtentry$$0000000C)
    __rt_exit                                0x080001ab   Thumb Code     0  rtexit.o(.ARM.Collect$$rtexit$$00000000)
    __rt_exit_ls                             0x080001ad   Thumb Code     0  rtexit2.o(.ARM.Collect$$rtexit$$00000003)
    __rt_exit_prels_1                        0x080001ad   Thumb Code     0  rtexit2.o(.ARM.Collect$$rtexit$$00000002)
    __rt_exit_exit                           0x080001b1   Thumb Code     0  rtexit2.o(.ARM.Collect$$rtexit$$00000004)
    Reset_Handler                            0x080001b9   Thumb Code     8  startup_stm32f103xb.o(.text)
    _maybe_terminate_alloc                   0x080001b9   Thumb Code     0  maybetermalloc1.o(.emb_text)
    ADC1_2_IRQHandler                        0x080001d3   Thumb Code     0  startup_stm32f103xb.o(.text)
    CAN1_RX1_IRQHandler                      0x080001d3   Thumb Code     0  startup_stm32f103xb.o(.text)
    CAN1_SCE_IRQHandler                      0x080001d3   Thumb Code     0  startup_stm32f103xb.o(.text)
    DMA1_Channel1_IRQHandler                 0x080001d3   Thumb Code     0  startup_stm32f103xb.o(.text)
    DMA1_Channel2_IRQHandler                 0x080001d3   Thumb Code     0  startup_stm32f103xb.o(.text)
    DMA1_Channel3_IRQHandler                 0x080001d3   Thumb Code     0  startup_stm32f103xb.o(.text)
    DMA1_Channel4_IRQHandler                 0x080001d3   Thumb Code     0  startup_stm32f103xb.o(.text)
    DMA1_Channel5_IRQHandler                 0x080001d3   Thumb Code     0  startup_stm32f103xb.o(.text)
    DMA1_Channel6_IRQHandler                 0x080001d3   Thumb Code     0  startup_stm32f103xb.o(.text)
    DMA1_Channel7_IRQHandler                 0x080001d3   Thumb Code     0  startup_stm32f103xb.o(.text)
    EXTI0_IRQHandler                         0x080001d3   Thumb Code     0  startup_stm32f103xb.o(.text)
    EXTI15_10_IRQHandler                     0x080001d3   Thumb Code     0  startup_stm32f103xb.o(.text)
    EXTI1_IRQHandler                         0x080001d3   Thumb Code     0  startup_stm32f103xb.o(.text)
    EXTI2_IRQHandler                         0x080001d3   Thumb Code     0  startup_stm32f103xb.o(.text)
    EXTI3_IRQHandler                         0x080001d3   Thumb Code     0  startup_stm32f103xb.o(.text)
    EXTI4_IRQHandler                         0x080001d3   Thumb Code     0  startup_stm32f103xb.o(.text)
    EXTI9_5_IRQHandler                       0x080001d3   Thumb Code     0  startup_stm32f103xb.o(.text)
    FLASH_IRQHandler                         0x080001d3   Thumb Code     0  startup_stm32f103xb.o(.text)
    I2C1_ER_IRQHandler                       0x080001d3   Thumb Code     0  startup_stm32f103xb.o(.text)
    I2C1_EV_IRQHandler                       0x080001d3   Thumb Code     0  startup_stm32f103xb.o(.text)
    I2C2_ER_IRQHandler                       0x080001d3   Thumb Code     0  startup_stm32f103xb.o(.text)
    I2C2_EV_IRQHandler                       0x080001d3   Thumb Code     0  startup_stm32f103xb.o(.text)
    PVD_IRQHandler                           0x080001d3   Thumb Code     0  startup_stm32f103xb.o(.text)
    RCC_IRQHandler                           0x080001d3   Thumb Code     0  startup_stm32f103xb.o(.text)
    RTC_Alarm_IRQHandler                     0x080001d3   Thumb Code     0  startup_stm32f103xb.o(.text)
    RTC_IRQHandler                           0x080001d3   Thumb Code     0  startup_stm32f103xb.o(.text)
    SPI1_IRQHandler                          0x080001d3   Thumb Code     0  startup_stm32f103xb.o(.text)
    SPI2_IRQHandler                          0x080001d3   Thumb Code     0  startup_stm32f103xb.o(.text)
    TAMPER_IRQHandler                        0x080001d3   Thumb Code     0  startup_stm32f103xb.o(.text)
    TIM1_BRK_IRQHandler                      0x080001d3   Thumb Code     0  startup_stm32f103xb.o(.text)
    TIM1_CC_IRQHandler                       0x080001d3   Thumb Code     0  startup_stm32f103xb.o(.text)
    TIM1_TRG_COM_IRQHandler                  0x080001d3   Thumb Code     0  startup_stm32f103xb.o(.text)
    TIM1_UP_IRQHandler                       0x080001d3   Thumb Code     0  startup_stm32f103xb.o(.text)
    TIM2_IRQHandler                          0x080001d3   Thumb Code     0  startup_stm32f103xb.o(.text)
    TIM3_IRQHandler                          0x080001d3   Thumb Code     0  startup_stm32f103xb.o(.text)
    USART1_IRQHandler                        0x080001d3   Thumb Code     0  startup_stm32f103xb.o(.text)
    USART2_IRQHandler                        0x080001d3   Thumb Code     0  startup_stm32f103xb.o(.text)
    USART3_IRQHandler                        0x080001d3   Thumb Code     0  startup_stm32f103xb.o(.text)
    USBWakeUp_IRQHandler                     0x080001d3   Thumb Code     0  startup_stm32f103xb.o(.text)
    USB_HP_CAN1_TX_IRQHandler                0x080001d3   Thumb Code     0  startup_stm32f103xb.o(.text)
    USB_LP_CAN1_RX0_IRQHandler               0x080001d3   Thumb Code     0  startup_stm32f103xb.o(.text)
    WWDG_IRQHandler                          0x080001d3   Thumb Code     0  startup_stm32f103xb.o(.text)
    __user_initial_stackheap                 0x080001d5   Thumb Code     0  startup_stm32f103xb.o(.text)
    __aeabi_llsr                             0x080001f9   Thumb Code     0  llushr.o(.text)
    _ll_ushift_r                             0x080001f9   Thumb Code    38  llushr.o(.text)
    __2printf                                0x08000221   Thumb Code    20  noretval__2printf.o(.text)
    _printf_int_dec                          0x08000239   Thumb Code   104  _printf_dec.o(.text)
    __printf                                 0x080002b1   Thumb Code   388  __printf_flags_ss_wp.o(.text)
    strlen                                   0x08000439   Thumb Code    62  strlen.o(.text)
    __aeabi_memclr4                          0x08000477   Thumb Code     0  rt_memclr_w.o(.text)
    __aeabi_memclr8                          0x08000477   Thumb Code     0  rt_memclr_w.o(.text)
    __rt_memclr_w                            0x08000477   Thumb Code    78  rt_memclr_w.o(.text)
    _memset_w                                0x0800047b   Thumb Code     0  rt_memclr_w.o(.text)
    __use_two_region_memory                  0x080004c5   Thumb Code     2  heapauxi.o(.text)
    __rt_heap_escrow                         0x080004c7   Thumb Code     2  heapauxi.o(.text)
    __rt_heap_expand                         0x080004c9   Thumb Code     2  heapauxi.o(.text)
    __read_errno                             0x080004cb   Thumb Code    10  _rserrno.o(.text)
    __set_errno                              0x080004d5   Thumb Code    12  _rserrno.o(.text)
    _printf_int_common                       0x080004e1   Thumb Code   178  _printf_intcommon.o(.text)
    __lib_sel_fp_printf                      0x08000593   Thumb Code     2  _printf_fp_dec.o(.text)
    _printf_fp_dec_real                      0x08000745   Thumb Code   620  _printf_fp_dec.o(.text)
    _printf_char_file                        0x080009b1   Thumb Code    32  _printf_char_file.o(.text)
    __rt_locale                              0x080009d5   Thumb Code     8  rt_locale_intlibspace.o(.text)
    __aeabi_errno_addr                       0x080009dd   Thumb Code     8  rt_errno_addr_intlibspace.o(.text)
    __errno$intlibspace                      0x080009dd   Thumb Code     0  rt_errno_addr_intlibspace.o(.text)
    __rt_errno_addr$intlibspace              0x080009dd   Thumb Code     0  rt_errno_addr_intlibspace.o(.text)
    _ll_udiv10                               0x080009e5   Thumb Code   138  lludiv10.o(.text)
    _printf_char_common                      0x08000a7b   Thumb Code    32  _printf_char_common.o(.text)
    _printf_fp_infnan                        0x08000aa1   Thumb Code   112  _printf_fp_infnan.o(.text)
    _btod_etento                             0x08000b21   Thumb Code   224  bigflt0.o(.text)
    ferror                                   0x08000c05   Thumb Code     8  ferror.o(.text)
    _initio                                  0x08000c0d   Thumb Code   210  initio.o(.text)
    _terminateio                             0x08000cdf   Thumb Code    56  initio.o(.text)
    _sys_open                                0x08000d45   Thumb Code    20  sys_io.o(.text)
    _sys_close                               0x08000d59   Thumb Code    12  sys_io.o(.text)
    _sys_write                               0x08000d65   Thumb Code    16  sys_io.o(.text)
    _sys_read                                0x08000d75   Thumb Code    14  sys_io.o(.text)
    _sys_istty                               0x08000d83   Thumb Code    12  sys_io.o(.text)
    _sys_seek                                0x08000d8f   Thumb Code    14  sys_io.o(.text)
    _sys_ensure                              0x08000d9d   Thumb Code     2  sys_io.o(.text)
    _sys_flen                                0x08000d9f   Thumb Code    12  sys_io.o(.text)
    __user_libspace                          0x08000dad   Thumb Code     8  libspace.o(.text)
    __user_perproc_libspace                  0x08000dad   Thumb Code     0  libspace.o(.text)
    __user_perthread_libspace                0x08000dad   Thumb Code     0  libspace.o(.text)
    __user_setup_stackheap                   0x08000db5   Thumb Code    74  sys_stackheap_outer.o(.text)
    free                                     0x08000dff   Thumb Code    78  h1_free.o(.text)
    __flsbuf                                 0x08000e4d   Thumb Code   470  flsbuf.o(.text)
    __flsbuf_byte                            0x08000e4d   Thumb Code     0  flsbuf.o(.text)
    __flsbuf_wide                            0x08000e4d   Thumb Code     0  flsbuf.o(.text)
    setvbuf                                  0x08001023   Thumb Code    70  setvbuf.o(.text)
    freopen                                  0x08001069   Thumb Code   158  fopen.o(.text)
    fopen                                    0x08001107   Thumb Code    74  fopen.o(.text)
    _fclose_internal                         0x08001155   Thumb Code    76  fclose.o(.text)
    fclose                                   0x08001155   Thumb Code     0  fclose.o(.text)
    exit                                     0x080011a1   Thumb Code    18  exit.o(.text)
    __rt_SIGRTRED                            0x080011b3   Thumb Code    14  defsig_rtred_outer.o(.text)
    strcmp                                   0x080011c1   Thumb Code   128  strcmpv7m.o(.text)
    __I$use$semihosting                      0x08001241   Thumb Code     0  use_no_semi.o(.text)
    __use_no_semihosting_swi                 0x08001241   Thumb Code     2  use_no_semi.o(.text)
    __semihosting_library_function           0x08001243   Thumb Code     0  indicate_semi.o(.text)
    __rt_heap_descriptor                     0x08001245   Thumb Code     8  rt_heap_descriptor_intlibspace.o(.text)
    __use_no_heap                            0x0800124d   Thumb Code     2  hguard.o(.text)
    __heap$guard                             0x0800124f   Thumb Code     2  hguard.o(.text)
    _terminate_user_alloc                    0x08001251   Thumb Code     2  init_alloc.o(.text)
    _init_user_alloc                         0x08001253   Thumb Code     2  init_alloc.o(.text)
    __Heap_Full                              0x08001255   Thumb Code    34  init_alloc.o(.text)
    __Heap_Broken                            0x08001277   Thumb Code     6  init_alloc.o(.text)
    _init_alloc                              0x0800127d   Thumb Code    94  init_alloc.o(.text)
    malloc                                   0x080012db   Thumb Code    94  h1_alloc.o(.text)
    _fseek                                   0x08001339   Thumb Code   242  fseek.o(.text)
    fseek                                    0x08001339   Thumb Code     0  fseek.o(.text)
    _seterr                                  0x08001431   Thumb Code    20  stdio.o(.text)
    _writebuf                                0x08001445   Thumb Code    84  stdio.o(.text)
    _fflush                                  0x08001499   Thumb Code    70  stdio.o(.text)
    _deferredlazyseek                        0x080014df   Thumb Code    60  stdio.o(.text)
    __sig_exit                               0x08001521   Thumb Code    10  defsig_exit.o(.text)
    __rt_SIGRTRED_inner                      0x0800152d   Thumb Code    14  defsig_rtred_inner.o(.text)
    _sys_exit                                0x08001561   Thumb Code     8  sys_exit.o(.text)
    __Heap_Initialize                        0x0800156d   Thumb Code    10  h1_init.o(.text)
    __Heap_DescSize                          0x08001577   Thumb Code     4  h1_init.o(.text)
    __Heap_ProvideMemory                     0x0800157b   Thumb Code    52  h1_extend.o(.text)
    _ftell_internal                          0x080015af   Thumb Code    66  ftell.o(.text)
    ftell                                    0x080015af   Thumb Code     0  ftell.o(.text)
    __default_signal_display                 0x080015f1   Thumb Code    50  defsig_general.o(.text)
    __rt_SIGRTMEM                            0x08001623   Thumb Code    14  defsig_rtmem_outer.o(.text)
    _ttywrch                                 0x08001631   Thumb Code    14  sys_wrch.o(.text)
    __rt_SIGRTMEM_inner                      0x08001641   Thumb Code    22  defsig_rtmem_inner.o(.text)
    _btod_d2e                                0x08001691   Thumb Code    62  btod.o(CL$$btod_d2e)
    _d2e_denorm_low                          0x080016cf   Thumb Code    70  btod.o(CL$$btod_d2e_denorm_low)
    _d2e_norm_op1                            0x08001715   Thumb Code    96  btod.o(CL$$btod_d2e_norm_op1)
    __btod_div_common                        0x08001775   Thumb Code   696  btod.o(CL$$btod_div_common)
    _e2e                                     0x08001aad   Thumb Code   220  btod.o(CL$$btod_e2e)
    _btod_ediv                               0x08001b89   Thumb Code    42  btod.o(CL$$btod_ediv)
    _btod_emul                               0x08001bb3   Thumb Code    42  btod.o(CL$$btod_emul)
    __btod_mult_common                       0x08001bdd   Thumb Code   580  btod.o(CL$$btod_mult_common)
    BusFault_Handler                         0x08001e21   Thumb Code     2  stm32f1xx_it.o(i.BusFault_Handler)
    CalculateCRC32                           0x08001e25   Thumb Code    46  flash_storage.o(i.CalculateCRC32)
    DebugMon_Handler                         0x08001e59   Thumb Code     2  stm32f1xx_it.o(i.DebugMon_Handler)
    Encoder_GetSpeed                         0x08001e5b   Thumb Code    34  encoder.o(i.Encoder_GetSpeed)
    Encoder_Init                             0x08001e7d   Thumb Code    20  encoder.o(i.Encoder_Init)
    FLASH_PageErase                          0x08001eb5   Thumb Code    28  stm32f1xx_hal_flash_ex.o(i.FLASH_PageErase)
    FLASH_WaitForLastOperation               0x08001f51   Thumb Code    80  stm32f1xx_hal_flash.o(i.FLASH_WaitForLastOperation)
    Flash_LoadPID                            0x08001fa5   Thumb Code    52  flash_storage.o(i.Flash_LoadPID)
    Flash_SavePID                            0x08001fdd   Thumb Code    86  flash_storage.o(i.Flash_SavePID)
    HAL_Delay                                0x08002039   Thumb Code    32  stm32f1xx_hal.o(i.HAL_Delay)
    HAL_FLASHEx_Erase                        0x0800205d   Thumb Code   160  stm32f1xx_hal_flash_ex.o(i.HAL_FLASHEx_Erase)
    HAL_FLASH_Lock                           0x08002105   Thumb Code    14  stm32f1xx_hal_flash.o(i.HAL_FLASH_Lock)
    HAL_FLASH_Program                        0x08002119   Thumb Code   120  stm32f1xx_hal_flash.o(i.HAL_FLASH_Program)
    HAL_FLASH_Unlock                         0x08002199   Thumb Code    28  stm32f1xx_hal_flash.o(i.HAL_FLASH_Unlock)
    HAL_GPIO_Init                            0x080021c1   Thumb Code   446  stm32f1xx_hal_gpio.o(i.HAL_GPIO_Init)
    HAL_GPIO_ReadPin                         0x080023a1   Thumb Code    10  stm32f1xx_hal_gpio.o(i.HAL_GPIO_ReadPin)
    HAL_GPIO_WritePin                        0x080023ab   Thumb Code    10  stm32f1xx_hal_gpio.o(i.HAL_GPIO_WritePin)
    HAL_GetTick                              0x080023b5   Thumb Code     6  stm32f1xx_hal.o(i.HAL_GetTick)
    HAL_I2C_Init                             0x080023c1   Thumb Code   376  stm32f1xx_hal_i2c.o(i.HAL_I2C_Init)
    HAL_I2C_Mem_Read                         0x08002549   Thumb Code   586  stm32f1xx_hal_i2c.o(i.HAL_I2C_Mem_Read)
    HAL_I2C_Mem_Write                        0x080027a5   Thumb Code   294  stm32f1xx_hal_i2c.o(i.HAL_I2C_Mem_Write)
    HAL_I2C_MspInit                          0x080028d5   Thumb Code    96  stm32f1xx_hal_msp.o(i.HAL_I2C_MspInit)
    HAL_IncTick                              0x08002945   Thumb Code    12  stm32f1xx_hal.o(i.HAL_IncTick)
    HAL_Init                                 0x08002955   Thumb Code    32  stm32f1xx_hal.o(i.HAL_Init)
    HAL_InitTick                             0x08002979   Thumb Code    54  stm32f1xx_hal.o(i.HAL_InitTick)
    HAL_MspInit                              0x080029b9   Thumb Code    52  stm32f1xx_hal_msp.o(i.HAL_MspInit)
    HAL_NVIC_EnableIRQ                       0x080029f5   Thumb Code    26  stm32f1xx_hal_cortex.o(i.HAL_NVIC_EnableIRQ)
    HAL_NVIC_SetPriority                     0x08002a11   Thumb Code    60  stm32f1xx_hal_cortex.o(i.HAL_NVIC_SetPriority)
    HAL_NVIC_SetPriorityGrouping             0x08002a51   Thumb Code    26  stm32f1xx_hal_cortex.o(i.HAL_NVIC_SetPriorityGrouping)
    HAL_RCC_ClockConfig                      0x08002a75   Thumb Code   280  stm32f1xx_hal_rcc.o(i.HAL_RCC_ClockConfig)
    HAL_RCC_GetPCLK1Freq                     0x08002ba1   Thumb Code    20  stm32f1xx_hal_rcc.o(i.HAL_RCC_GetPCLK1Freq)
    HAL_RCC_GetPCLK2Freq                     0x08002bc1   Thumb Code    20  stm32f1xx_hal_rcc.o(i.HAL_RCC_GetPCLK2Freq)
    HAL_RCC_GetSysClockFreq                  0x08002be1   Thumb Code    58  stm32f1xx_hal_rcc.o(i.HAL_RCC_GetSysClockFreq)
    HAL_RCC_OscConfig                        0x08002c2d   Thumb Code   778  stm32f1xx_hal_rcc.o(i.HAL_RCC_OscConfig)
    HAL_SYSTICK_Config                       0x08002f4d   Thumb Code    40  stm32f1xx_hal_cortex.o(i.HAL_SYSTICK_Config)
    HAL_TIMEx_BreakCallback                  0x08002f75   Thumb Code     2  stm32f1xx_hal_tim_ex.o(i.HAL_TIMEx_BreakCallback)
    HAL_TIMEx_CommutCallback                 0x08002f77   Thumb Code     2  stm32f1xx_hal_tim_ex.o(i.HAL_TIMEx_CommutCallback)
    HAL_TIMEx_ConfigBreakDeadTime            0x08002f79   Thumb Code    84  stm32f1xx_hal_tim_ex.o(i.HAL_TIMEx_ConfigBreakDeadTime)
    HAL_TIMEx_MasterConfigSynchronization    0x08002fcd   Thumb Code    92  stm32f1xx_hal_tim_ex.o(i.HAL_TIMEx_MasterConfigSynchronization)
    HAL_TIM_Base_Init                        0x08003035   Thumb Code    90  stm32f1xx_hal_tim.o(i.HAL_TIM_Base_Init)
    HAL_TIM_Base_MspInit                     0x08003091   Thumb Code    72  stm32f1xx_hal_msp.o(i.HAL_TIM_Base_MspInit)
    HAL_TIM_Base_Start_IT                    0x080030e5   Thumb Code    76  stm32f1xx_hal_tim.o(i.HAL_TIM_Base_Start_IT)
    HAL_TIM_ConfigClockSource                0x0800313d   Thumb Code   220  stm32f1xx_hal_tim.o(i.HAL_TIM_ConfigClockSource)
    HAL_TIM_Encoder_Init                     0x08003219   Thumb Code   164  stm32f1xx_hal_tim.o(i.HAL_TIM_Encoder_Init)
    HAL_TIM_Encoder_MspInit                  0x080032bd   Thumb Code   114  stm32f1xx_hal_msp.o(i.HAL_TIM_Encoder_MspInit)
    HAL_TIM_Encoder_Start                    0x0800333d   Thumb Code   142  stm32f1xx_hal_tim.o(i.HAL_TIM_Encoder_Start)
    HAL_TIM_IC_CaptureCallback               0x080033cb   Thumb Code     2  stm32f1xx_hal_tim.o(i.HAL_TIM_IC_CaptureCallback)
    HAL_TIM_IRQHandler                       0x080033cd   Thumb Code   304  stm32f1xx_hal_tim.o(i.HAL_TIM_IRQHandler)
    HAL_TIM_MspPostInit                      0x080034fd   Thumb Code    64  stm32f1xx_hal_msp.o(i.HAL_TIM_MspPostInit)
    HAL_TIM_OC_DelayElapsedCallback          0x08003549   Thumb Code     2  stm32f1xx_hal_tim.o(i.HAL_TIM_OC_DelayElapsedCallback)
    HAL_TIM_PWM_ConfigChannel                0x0800354b   Thumb Code   204  stm32f1xx_hal_tim.o(i.HAL_TIM_PWM_ConfigChannel)
    HAL_TIM_PWM_Init                         0x08003617   Thumb Code    90  stm32f1xx_hal_tim.o(i.HAL_TIM_PWM_Init)
    HAL_TIM_PWM_MspInit                      0x08003671   Thumb Code     2  stm32f1xx_hal_tim.o(i.HAL_TIM_PWM_MspInit)
    HAL_TIM_PWM_PulseFinishedCallback        0x08003673   Thumb Code     2  stm32f1xx_hal_tim.o(i.HAL_TIM_PWM_PulseFinishedCallback)
    HAL_TIM_PWM_Start                        0x08003675   Thumb Code   144  stm32f1xx_hal_tim.o(i.HAL_TIM_PWM_Start)
    HAL_TIM_PeriodElapsedCallback            0x08003711   Thumb Code    40  main.o(i.HAL_TIM_PeriodElapsedCallback)
    HAL_TIM_TriggerCallback                  0x0800374d   Thumb Code     2  stm32f1xx_hal_tim.o(i.HAL_TIM_TriggerCallback)
    HAL_UART_Init                            0x0800374f   Thumb Code   100  stm32f1xx_hal_uart.o(i.HAL_UART_Init)
    HAL_UART_MspInit                         0x080037b5   Thumb Code   112  stm32f1xx_hal_msp.o(i.HAL_UART_MspInit)
    HardFault_Handler                        0x08003835   Thumb Code     2  stm32f1xx_it.o(i.HardFault_Handler)
    Kalman_getAngle                          0x08003c73   Thumb Code   396  mpu6050.o(i.Kalman_getAngle)
    MPU6050_Init                             0x08003dff   Thumb Code   146  mpu6050.o(i.MPU6050_Init)
    MPU6050_Read_All                         0x08003e91   Thumb Code   536  mpu6050.o(i.MPU6050_Read_All)
    MemManage_Handler                        0x08004399   Thumb Code     2  stm32f1xx_it.o(i.MemManage_Handler)
    Motor_Init                               0x0800439d   Thumb Code    56  motor_control.o(i.Motor_Init)
    Motor_SetDirection                       0x080043dd   Thumb Code    58  motor_control.o(i.Motor_SetDirection)
    Motor_SetSpeed                           0x0800441d   Thumb Code    96  motor_control.o(i.Motor_SetSpeed)
    NMI_Handler                              0x08004489   Thumb Code     2  stm32f1xx_it.o(i.NMI_Handler)
    PID_AutoTune                             0x0800448d   Thumb Code   272  pid.o(i.PID_AutoTune)
    PID_Compute                              0x080045e9   Thumb Code    94  pid.o(i.PID_Compute)
    PID_Init                                 0x08004651   Thumb Code    12  pid.o(i.PID_Init)
    PID_LoadFromFlash                        0x0800465d   Thumb Code    26  pid.o(i.PID_LoadFromFlash)
    PID_SaveToFlash                          0x08004677   Thumb Code     6  pid.o(i.PID_SaveToFlash)
    PendSV_Handler                           0x0800467d   Thumb Code     2  stm32f1xx_it.o(i.PendSV_Handler)
    SVC_Handler                              0x0800467f   Thumb Code     2  stm32f1xx_it.o(i.SVC_Handler)
    Safety_Init                              0x08004681   Thumb Code     8  safety.o(i.Safety_Init)
    SetMotorSpeed                            0x0800468d   Thumb Code     6  main.o(i.SetMotorSpeed)
    StopMotors                               0x08004693   Thumb Code    22  motor_control.o(i.StopMotors)
    SysTick_Handler                          0x080046a9   Thumb Code     4  stm32f1xx_it.o(i.SysTick_Handler)
    SystemClock_Config                       0x080046ad   Thumb Code    94  main.o(i.SystemClock_Config)
    SystemInit                               0x0800470b   Thumb Code     2  system_stm32f1xx.o(i.SystemInit)
    TIM4_IRQHandler                          0x0800470d   Thumb Code     6  stm32f1xx_it.o(i.TIM4_IRQHandler)
    TIM_Base_SetConfig                       0x08004719   Thumb Code   108  stm32f1xx_hal_tim.o(i.TIM_Base_SetConfig)
    TIM_CCxChannelCmd                        0x08004791   Thumb Code    26  stm32f1xx_hal_tim.o(i.TIM_CCxChannelCmd)
    TIM_ETR_SetConfig                        0x080047ab   Thumb Code    20  stm32f1xx_hal_tim.o(i.TIM_ETR_SetConfig)
    TIM_OC2_SetConfig                        0x08004821   Thumb Code    84  stm32f1xx_hal_tim.o(i.TIM_OC2_SetConfig)
    UsageFault_Handler                       0x08004a15   Thumb Code     2  stm32f1xx_it.o(i.UsageFault_Handler)
    __ARM_fpclassify                         0x08004a17   Thumb Code    40  fpclassify.o(i.__ARM_fpclassify)
    __kernel_poly                            0x08004a5f   Thumb Code   170  poly.o(i.__kernel_poly)
    __mathlib_dbl_infnan                     0x08004b09   Thumb Code     6  dunder.o(i.__mathlib_dbl_infnan)
    __mathlib_dbl_infnan2                    0x08004b0f   Thumb Code     4  dunder.o(i.__mathlib_dbl_infnan2)
    __mathlib_dbl_underflow                  0x08004b15   Thumb Code    10  dunder.o(i.__mathlib_dbl_underflow)
    _is_digit                                0x08004b25   Thumb Code    14  __printf_wp.o(i._is_digit)
    atan                                     0x08004b35   Thumb Code   474  atan.o(i.atan)
    atan2                                    0x08004d55   Thumb Code   346  atan2.o(i.atan2)
    fputc                                    0x08004ed5   Thumb Code    26  fputc.o(i.fputc)
    main                                     0x08004ef1   Thumb Code   340  main.o(i.main)
    sqrt                                     0x08005091   Thumb Code    76  sqrt.o(i.sqrt)
    _get_lc_numeric                          0x080050dd   Thumb Code    44  lc_numeric_c.o(locale$$code)
    __aeabi_d2f                              0x08005109   Thumb Code     0  d2f.o(x$fpl$d2f)
    _d2f                                     0x08005109   Thumb Code    98  d2f.o(x$fpl$d2f)
    __aeabi_dadd                             0x0800516d   Thumb Code     0  daddsub_clz.o(x$fpl$dadd)
    _dadd                                    0x0800516d   Thumb Code   332  daddsub_clz.o(x$fpl$dadd)
    __fpl_dcheck_NaN1                        0x080052bd   Thumb Code    10  dcheck1.o(x$fpl$dcheck1)
    __fpl_dcmp_Inf                           0x080052cd   Thumb Code    24  dcmpi.o(x$fpl$dcmpinf)
    __aeabi_ddiv                             0x080052e5   Thumb Code     0  ddiv.o(x$fpl$ddiv)
    _ddiv                                    0x080052e5   Thumb Code   552  ddiv.o(x$fpl$ddiv)
    __aeabi_cdcmpeq                          0x08005595   Thumb Code     0  deqf.o(x$fpl$deqf)
    _dcmpeq                                  0x08005595   Thumb Code   120  deqf.o(x$fpl$deqf)
    __aeabi_d2uiz                            0x0800560d   Thumb Code     0  dfixu.o(x$fpl$dfixu)
    _dfixu                                   0x0800560d   Thumb Code    90  dfixu.o(x$fpl$dfixu)
    __aeabi_i2d                              0x08005667   Thumb Code     0  dflt_clz.o(x$fpl$dflt)
    _dflt                                    0x08005667   Thumb Code    46  dflt_clz.o(x$fpl$dflt)
    __aeabi_ui2d                             0x08005695   Thumb Code     0  dflt_clz.o(x$fpl$dfltu)
    _dfltu                                   0x08005695   Thumb Code    38  dflt_clz.o(x$fpl$dfltu)
    __aeabi_cdcmple                          0x080056bd   Thumb Code     0  dleqf.o(x$fpl$dleqf)
    _dcmple                                  0x080056bd   Thumb Code   120  dleqf.o(x$fpl$dleqf)
    __fpl_dcmple_InfNaN                      0x0800571f   Thumb Code     0  dleqf.o(x$fpl$dleqf)
    __aeabi_dmul                             0x08005735   Thumb Code     0  dmul.o(x$fpl$dmul)
    _dmul                                    0x08005735   Thumb Code   332  dmul.o(x$fpl$dmul)
    __fpl_dnaninf                            0x08005889   Thumb Code   156  dnaninf.o(x$fpl$dnaninf)
    __fpl_dretinf                            0x08005925   Thumb Code    12  dretinf.o(x$fpl$dretinf)
    __aeabi_cdrcmple                         0x08005931   Thumb Code     0  drleqf.o(x$fpl$drleqf)
    _drcmple                                 0x08005931   Thumb Code   108  drleqf.o(x$fpl$drleqf)
    __aeabi_drsub                            0x0800599d   Thumb Code     0  daddsub_clz.o(x$fpl$drsb)
    _drsb                                    0x0800599d   Thumb Code    22  daddsub_clz.o(x$fpl$drsb)
    _dsqrt                                   0x080059b5   Thumb Code   456  dsqrt_noumaal.o(x$fpl$dsqrt)
    __aeabi_dsub                             0x08005b81   Thumb Code     0  daddsub_clz.o(x$fpl$dsub)
    _dsub                                    0x08005b81   Thumb Code   464  daddsub_clz.o(x$fpl$dsub)
    __aeabi_f2d                              0x08005d55   Thumb Code     0  f2d.o(x$fpl$f2d)
    _f2d                                     0x08005d55   Thumb Code    86  f2d.o(x$fpl$f2d)
    __aeabi_fadd                             0x08005dad   Thumb Code     0  faddsub_clz.o(x$fpl$fadd)
    _fadd                                    0x08005dad   Thumb Code   196  faddsub_clz.o(x$fpl$fadd)
    __fpl_fcheck_NaN1                        0x08005e71   Thumb Code     6  fcheck1.o(x$fpl$fcheck1)
    __fpl_fcmp_Inf                           0x08005e7d   Thumb Code    24  fcmpi.o(x$fpl$fcmpinf)
    __aeabi_fdiv                             0x08005e95   Thumb Code     0  fdiv.o(x$fpl$fdiv)
    _fdiv                                    0x08005e95   Thumb Code   384  fdiv.o(x$fpl$fdiv)
    __aeabi_i2f                              0x08006019   Thumb Code     0  fflt_clz.o(x$fpl$fflt)
    _fflt                                    0x08006019   Thumb Code    48  fflt_clz.o(x$fpl$fflt)
    __aeabi_ui2f                             0x08006049   Thumb Code     0  fflt_clz.o(x$fpl$ffltu)
    _ffltu                                   0x08006049   Thumb Code    38  fflt_clz.o(x$fpl$ffltu)
    __aeabi_cfcmple                          0x08006071   Thumb Code     0  fleqf.o(x$fpl$fleqf)
    _fcmple                                  0x08006071   Thumb Code   104  fleqf.o(x$fpl$fleqf)
    __fpl_fcmple_InfNaN                      0x080060c3   Thumb Code     0  fleqf.o(x$fpl$fleqf)
    __aeabi_fmul                             0x080060d9   Thumb Code     0  fmul.o(x$fpl$fmul)
    _fmul                                    0x080060d9   Thumb Code   258  fmul.o(x$fpl$fmul)
    __fpl_fnaninf                            0x080061db   Thumb Code   140  fnaninf.o(x$fpl$fnaninf)
    __fpl_fretinf                            0x08006267   Thumb Code    10  fretinf.o(x$fpl$fretinf)
    __aeabi_cfrcmple                         0x08006271   Thumb Code     0  frleqf.o(x$fpl$frleqf)
    _frcmple                                 0x08006271   Thumb Code    98  frleqf.o(x$fpl$frleqf)
    __aeabi_fsub                             0x080062d5   Thumb Code     0  faddsub_clz.o(x$fpl$fsub)
    _fsub                                    0x080062d5   Thumb Code   234  faddsub_clz.o(x$fpl$fsub)
    _printf_fp_dec                           0x080063bf   Thumb Code     4  printf1.o(x$fpl$printf1)
    __fpl_return_NaN                         0x080063c3   Thumb Code   100  retnan.o(x$fpl$retnan)
    __ARM_scalbn                             0x08006427   Thumb Code    92  scalbn.o(x$fpl$scalbn)
    __ARM_scalbnf                            0x08006483   Thumb Code    76  scalbnf.o(x$fpl$scalbnf)
    __fpl_cmpreturn                          0x080064cf   Thumb Code    48  trapv.o(x$fpl$trapveneer)
    __I$use$fp                               0x080064fe   Number         0  usenofp.o(x$fpl$usenofp)
    AHBPrescTable                            0x08006510   Data          16  system_stm32f1xx.o(.constdata)
    APBPrescTable                            0x08006520   Data           8  system_stm32f1xx.o(.constdata)
    __mathlib_zero                           0x080065d8   Data           8  qnan.o(.constdata)
    __stdin_name                             0x08006674   Data           4  sys_io.o(.constdata)
    __stdout_name                            0x08006678   Data           4  sys_io.o(.constdata)
    __stderr_name                            0x0800667c   Data           4  sys_io.o(.constdata)
    Region$$Table$$Base                      0x08006680   Number         0  anon$$obj.o(Region$$Table)
    Region$$Table$$Limit                     0x080066a0   Number         0  anon$$obj.o(Region$$Table)
    stop                                     0x20000000   Data           1  main.o(.data)
    filteredAngleX                           0x20000004   Data           4  main.o(.data)
    filteredAngleY                           0x20000008   Data           4  main.o(.data)
    speed                                    0x2000000c   Data           4  main.o(.data)
    motor1Encoder                            0x20000010   Data           8  main.o(.data)
    motor2Encoder                            0x20000018   Data           8  main.o(.data)
    uwTickFreq                               0x20000020   Data           1  stm32f1xx_hal.o(.data)
    uwTickPrio                               0x20000024   Data           4  stm32f1xx_hal.o(.data)
    uwTick                                   0x20000028   Data           4  stm32f1xx_hal.o(.data)
    SystemCoreClock                          0x2000002c   Data           4  system_stm32f1xx.o(.data)
    timer                                    0x20000030   Data           4  mpu6050.o(.data)
    KalmanX                                  0x20000038   Data          72  mpu6050.o(.data)
    KalmanY                                  0x20000080   Data          72  mpu6050.o(.data)
    __aeabi_stdin                            0x200000cc   Data           4  stdio_streams.o(.data)
    __aeabi_stdout                           0x200000d0   Data           4  stdio_streams.o(.data)
    __aeabi_stderr                           0x200000d4   Data           4  stdio_streams.o(.data)
    hi2c1                                    0x200000d8   Data          84  main.o(.bss)
    htim1                                    0x2000012c   Data          72  main.o(.bss)
    htim2                                    0x20000174   Data          72  main.o(.bss)
    htim3                                    0x200001bc   Data          72  main.o(.bss)
    htim4                                    0x20000204   Data          72  main.o(.bss)
    huart1                                   0x2000024c   Data          72  main.o(.bss)
    mpu6050                                  0x20000298   Data          88  main.o(.bss)
    pidRoll                                  0x200002f0   Data          20  main.o(.bss)
    pFlash                                   0x20000308   Data          32  stm32f1xx_hal_flash.o(.bss)
    __stdin                                  0x20000328   Data          84  stdio_streams.o(.bss)
    __stdout                                 0x2000037c   Data          84  stdio_streams.o(.bss)
    __stderr                                 0x200003d0   Data          84  stdio_streams.o(.bss)
    __libspace_start                         0x20000424   Data          96  libspace.o(.bss)
    __temporary_stack_top$libspace           0x20000484   Data           0  libspace.o(.bss)



==============================================================================

Memory Map of the image

  Image Entry point : 0x080000ed

  Load Region LR_IROM1 (Base: 0x08000000, Size: 0x00006794, Max: 0x00010000, ABSOLUTE)

    Execution Region ER_IROM1 (Exec base: 0x08000000, Load base: 0x08000000, Size: 0x000066bc, Max: 0x00010000, ABSOLUTE)

    Exec Addr    Load Addr    Size         Type   Attr      Idx    E Section Name        Object

    0x08000000   0x08000000   0x000000ec   Data   RO            3    RESET               startup_stm32f103xb.o
    0x080000ec   0x080000ec   0x00000008   Code   RO         3578  * !!!main             c_w.l(__main.o)
    0x080000f4   0x080000f4   0x00000034   Code   RO         4119    !!!scatter          c_w.l(__scatter.o)
    0x08000128   0x08000128   0x0000001a   Code   RO         4121    !!handler_copy      c_w.l(__scatter_copy.o)
    0x08000142   0x08000142   0x00000002   PAD
    0x08000144   0x08000144   0x0000001c   Code   RO         4123    !!handler_zi        c_w.l(__scatter_zi.o)
    0x08000160   0x08000160   0x00000000   Code   RO         3570    .ARM.Collect$$_printf_percent$$00000000  c_w.l(_printf_percent.o)
    0x08000160   0x08000160   0x00000006   Code   RO         3566    .ARM.Collect$$_printf_percent$$00000003  c_w.l(_printf_f.o)
    0x08000166   0x08000166   0x00000006   Code   RO         3564    .ARM.Collect$$_printf_percent$$00000009  c_w.l(_printf_d.o)
    0x0800016c   0x0800016c   0x00000004   Code   RO         3688    .ARM.Collect$$_printf_percent$$00000017  c_w.l(_printf_percent_end.o)
    0x08000170   0x08000170   0x00000002   Code   RO         3914    .ARM.Collect$$libinit$$00000000  c_w.l(libinit.o)
    0x08000172   0x08000172   0x00000000   Code   RO         3916    .ARM.Collect$$libinit$$00000002  c_w.l(libinit2.o)
    0x08000172   0x08000172   0x00000000   Code   RO         3918    .ARM.Collect$$libinit$$00000004  c_w.l(libinit2.o)
    0x08000172   0x08000172   0x00000008   Code   RO         3919    .ARM.Collect$$libinit$$00000005  c_w.l(libinit2.o)
    0x0800017a   0x0800017a   0x00000000   Code   RO         3921    .ARM.Collect$$libinit$$0000000A  c_w.l(libinit2.o)
    0x0800017a   0x0800017a   0x00000000   Code   RO         3923    .ARM.Collect$$libinit$$0000000C  c_w.l(libinit2.o)
    0x0800017a   0x0800017a   0x00000000   Code   RO         3925    .ARM.Collect$$libinit$$0000000E  c_w.l(libinit2.o)
    0x0800017a   0x0800017a   0x00000006   Code   RO         3926    .ARM.Collect$$libinit$$0000000F  c_w.l(libinit2.o)
    0x08000180   0x08000180   0x00000000   Code   RO         3928    .ARM.Collect$$libinit$$00000011  c_w.l(libinit2.o)
    0x08000180   0x08000180   0x00000000   Code   RO         3930    .ARM.Collect$$libinit$$00000013  c_w.l(libinit2.o)
    0x08000180   0x08000180   0x00000000   Code   RO         3932    .ARM.Collect$$libinit$$00000015  c_w.l(libinit2.o)
    0x08000180   0x08000180   0x0000000a   Code   RO         3933    .ARM.Collect$$libinit$$00000016  c_w.l(libinit2.o)
    0x0800018a   0x0800018a   0x00000000   Code   RO         3934    .ARM.Collect$$libinit$$00000017  c_w.l(libinit2.o)
    0x0800018a   0x0800018a   0x00000000   Code   RO         3936    .ARM.Collect$$libinit$$00000019  c_w.l(libinit2.o)
    0x0800018a   0x0800018a   0x00000000   Code   RO         3938    .ARM.Collect$$libinit$$0000001B  c_w.l(libinit2.o)
    0x0800018a   0x0800018a   0x00000000   Code   RO         3940    .ARM.Collect$$libinit$$0000001D  c_w.l(libinit2.o)
    0x0800018a   0x0800018a   0x00000000   Code   RO         3942    .ARM.Collect$$libinit$$0000001F  c_w.l(libinit2.o)
    0x0800018a   0x0800018a   0x00000000   Code   RO         3944    .ARM.Collect$$libinit$$00000021  c_w.l(libinit2.o)
    0x0800018a   0x0800018a   0x00000000   Code   RO         3946    .ARM.Collect$$libinit$$00000023  c_w.l(libinit2.o)
    0x0800018a   0x0800018a   0x00000004   Code   RO         3947    .ARM.Collect$$libinit$$00000024  c_w.l(libinit2.o)
    0x0800018e   0x0800018e   0x00000000   Code   RO         3948    .ARM.Collect$$libinit$$00000025  c_w.l(libinit2.o)
    0x0800018e   0x0800018e   0x00000000   Code   RO         3952    .ARM.Collect$$libinit$$0000002C  c_w.l(libinit2.o)
    0x0800018e   0x0800018e   0x00000000   Code   RO         3954    .ARM.Collect$$libinit$$0000002E  c_w.l(libinit2.o)
    0x0800018e   0x0800018e   0x00000000   Code   RO         3956    .ARM.Collect$$libinit$$00000030  c_w.l(libinit2.o)
    0x0800018e   0x0800018e   0x00000000   Code   RO         3958    .ARM.Collect$$libinit$$00000032  c_w.l(libinit2.o)
    0x0800018e   0x0800018e   0x00000002   Code   RO         3959    .ARM.Collect$$libinit$$00000033  c_w.l(libinit2.o)
    0x08000190   0x08000190   0x00000002   Code   RO         4098    .ARM.Collect$$libshutdown$$00000000  c_w.l(libshutdown.o)
    0x08000192   0x08000192   0x00000000   Code   RO         3961    .ARM.Collect$$libshutdown$$00000002  c_w.l(libshutdown2.o)
    0x08000192   0x08000192   0x00000004   Code   RO         3962    .ARM.Collect$$libshutdown$$00000003  c_w.l(libshutdown2.o)
    0x08000196   0x08000196   0x00000000   Code   RO         3963    .ARM.Collect$$libshutdown$$00000004  c_w.l(libshutdown2.o)
    0x08000196   0x08000196   0x00000000   Code   RO         3966    .ARM.Collect$$libshutdown$$00000007  c_w.l(libshutdown2.o)
    0x08000196   0x08000196   0x00000000   Code   RO         3969    .ARM.Collect$$libshutdown$$0000000A  c_w.l(libshutdown2.o)
    0x08000196   0x08000196   0x00000000   Code   RO         3971    .ARM.Collect$$libshutdown$$0000000C  c_w.l(libshutdown2.o)
    0x08000196   0x08000196   0x00000000   Code   RO         3974    .ARM.Collect$$libshutdown$$0000000F  c_w.l(libshutdown2.o)
    0x08000196   0x08000196   0x00000002   Code   RO         3975    .ARM.Collect$$libshutdown$$00000010  c_w.l(libshutdown2.o)
    0x08000198   0x08000198   0x00000000   Code   RO         3672    .ARM.Collect$$rtentry$$00000000  c_w.l(__rtentry.o)
    0x08000198   0x08000198   0x00000000   Code   RO         3737    .ARM.Collect$$rtentry$$00000002  c_w.l(__rtentry2.o)
    0x08000198   0x08000198   0x00000006   Code   RO         3749    .ARM.Collect$$rtentry$$00000004  c_w.l(__rtentry4.o)
    0x0800019e   0x0800019e   0x00000000   Code   RO         3739    .ARM.Collect$$rtentry$$00000009  c_w.l(__rtentry2.o)
    0x0800019e   0x0800019e   0x00000004   Code   RO         3740    .ARM.Collect$$rtentry$$0000000A  c_w.l(__rtentry2.o)
    0x080001a2   0x080001a2   0x00000000   Code   RO         3742    .ARM.Collect$$rtentry$$0000000C  c_w.l(__rtentry2.o)
    0x080001a2   0x080001a2   0x00000008   Code   RO         3743    .ARM.Collect$$rtentry$$0000000D  c_w.l(__rtentry2.o)
    0x080001aa   0x080001aa   0x00000002   Code   RO         3983    .ARM.Collect$$rtexit$$00000000  c_w.l(rtexit.o)
    0x080001ac   0x080001ac   0x00000000   Code   RO         4039    .ARM.Collect$$rtexit$$00000002  c_w.l(rtexit2.o)
    0x080001ac   0x080001ac   0x00000004   Code   RO         4040    .ARM.Collect$$rtexit$$00000003  c_w.l(rtexit2.o)
    0x080001b0   0x080001b0   0x00000006   Code   RO         4041    .ARM.Collect$$rtexit$$00000004  c_w.l(rtexit2.o)
    0x080001b6   0x080001b6   0x00000002   PAD
    0x080001b8   0x080001b8   0x00000000   Code   RO         4045    .emb_text           c_w.l(maybetermalloc1.o)
    0x080001b8   0x080001b8   0x00000040   Code   RO            4    .text               startup_stm32f103xb.o
    0x080001f8   0x080001f8   0x00000026   Code   RO         3489    .text               c_w.l(llushr.o)
    0x0800021e   0x0800021e   0x00000002   PAD
    0x08000220   0x08000220   0x00000018   Code   RO         3493    .text               c_w.l(noretval__2printf.o)
    0x08000238   0x08000238   0x00000078   Code   RO         3503    .text               c_w.l(_printf_dec.o)
    0x080002b0   0x080002b0   0x00000188   Code   RO         3554    .text               c_w.l(__printf_flags_ss_wp.o)
    0x08000438   0x08000438   0x0000003e   Code   RO         3572    .text               c_w.l(strlen.o)
    0x08000476   0x08000476   0x0000004e   Code   RO         3574    .text               c_w.l(rt_memclr_w.o)
    0x080004c4   0x080004c4   0x00000006   Code   RO         3576    .text               c_w.l(heapauxi.o)
    0x080004ca   0x080004ca   0x00000016   Code   RO         3673    .text               c_w.l(_rserrno.o)
    0x080004e0   0x080004e0   0x000000b2   Code   RO         3675    .text               c_w.l(_printf_intcommon.o)
    0x08000592   0x08000592   0x0000041e   Code   RO         3677    .text               c_w.l(_printf_fp_dec.o)
    0x080009b0   0x080009b0   0x00000024   Code   RO         3684    .text               c_w.l(_printf_char_file.o)
    0x080009d4   0x080009d4   0x00000008   Code   RO         3756    .text               c_w.l(rt_locale_intlibspace.o)
    0x080009dc   0x080009dc   0x00000008   Code   RO         3761    .text               c_w.l(rt_errno_addr_intlibspace.o)
    0x080009e4   0x080009e4   0x0000008a   Code   RO         3763    .text               c_w.l(lludiv10.o)
    0x08000a6e   0x08000a6e   0x00000002   PAD
    0x08000a70   0x08000a70   0x00000030   Code   RO         3765    .text               c_w.l(_printf_char_common.o)
    0x08000aa0   0x08000aa0   0x00000080   Code   RO         3767    .text               c_w.l(_printf_fp_infnan.o)
    0x08000b20   0x08000b20   0x000000e4   Code   RO         3769    .text               c_w.l(bigflt0.o)
    0x08000c04   0x08000c04   0x00000008   Code   RO         3794    .text               c_w.l(ferror.o)
    0x08000c0c   0x08000c0c   0x00000138   Code   RO         3800    .text               c_w.l(initio.o)
    0x08000d44   0x08000d44   0x00000066   Code   RO         3815    .text               c_w.l(sys_io.o)
    0x08000daa   0x08000daa   0x00000002   PAD
    0x08000dac   0x08000dac   0x00000008   Code   RO         3820    .text               c_w.l(libspace.o)
    0x08000db4   0x08000db4   0x0000004a   Code   RO         3825    .text               c_w.l(sys_stackheap_outer.o)
    0x08000dfe   0x08000dfe   0x0000004e   Code   RO         3829    .text               c_w.l(h1_free.o)
    0x08000e4c   0x08000e4c   0x000001d6   Code   RO         3885    .text               c_w.l(flsbuf.o)
    0x08001022   0x08001022   0x00000046   Code   RO         3887    .text               c_w.l(setvbuf.o)
    0x08001068   0x08001068   0x000000ec   Code   RO         3890    .text               c_w.l(fopen.o)
    0x08001154   0x08001154   0x0000004c   Code   RO         3892    .text               c_w.l(fclose.o)
    0x080011a0   0x080011a0   0x00000012   Code   RO         3901    .text               c_w.l(exit.o)
    0x080011b2   0x080011b2   0x0000000e   Code   RO         3903    .text               c_w.l(defsig_rtred_outer.o)
    0x080011c0   0x080011c0   0x00000080   Code   RO         3907    .text               c_w.l(strcmpv7m.o)
    0x08001240   0x08001240   0x00000002   Code   RO         3980    .text               c_w.l(use_no_semi.o)
    0x08001242   0x08001242   0x00000000   Code   RO         3982    .text               c_w.l(indicate_semi.o)
    0x08001242   0x08001242   0x00000002   PAD
    0x08001244   0x08001244   0x00000008   Code   RO         3990    .text               c_w.l(rt_heap_descriptor_intlibspace.o)
    0x0800124c   0x0800124c   0x00000004   Code   RO         3992    .text               c_w.l(hguard.o)
    0x08001250   0x08001250   0x0000008a   Code   RO         3994    .text               c_w.l(init_alloc.o)
    0x080012da   0x080012da   0x0000005e   Code   RO         4000    .text               c_w.l(h1_alloc.o)
    0x08001338   0x08001338   0x000000f8   Code   RO         4016    .text               c_w.l(fseek.o)
    0x08001430   0x08001430   0x000000f0   Code   RO         4018    .text               c_w.l(stdio.o)
    0x08001520   0x08001520   0x0000000a   Code   RO         4024    .text               c_w.l(defsig_exit.o)
    0x0800152a   0x0800152a   0x00000002   PAD
    0x0800152c   0x0800152c   0x00000034   Code   RO         4026    .text               c_w.l(defsig_rtred_inner.o)
    0x08001560   0x08001560   0x0000000c   Code   RO         4036    .text               c_w.l(sys_exit.o)
    0x0800156c   0x0800156c   0x0000000e   Code   RO         4047    .text               c_w.l(h1_init.o)
    0x0800157a   0x0800157a   0x00000034   Code   RO         4049    .text               c_w.l(h1_extend.o)
    0x080015ae   0x080015ae   0x00000042   Code   RO         4059    .text               c_w.l(ftell.o)
    0x080015f0   0x080015f0   0x00000032   Code   RO         4067    .text               c_w.l(defsig_general.o)
    0x08001622   0x08001622   0x0000000e   Code   RO         4069    .text               c_w.l(defsig_rtmem_outer.o)
    0x08001630   0x08001630   0x0000000e   Code   RO         4084    .text               c_w.l(sys_wrch.o)
    0x0800163e   0x0800163e   0x00000002   PAD
    0x08001640   0x08001640   0x00000050   Code   RO         4092    .text               c_w.l(defsig_rtmem_inner.o)
    0x08001690   0x08001690   0x0000003e   Code   RO         3772    CL$$btod_d2e        c_w.l(btod.o)
    0x080016ce   0x080016ce   0x00000046   Code   RO         3774    CL$$btod_d2e_denorm_low  c_w.l(btod.o)
    0x08001714   0x08001714   0x00000060   Code   RO         3773    CL$$btod_d2e_norm_op1  c_w.l(btod.o)
    0x08001774   0x08001774   0x00000338   Code   RO         3782    CL$$btod_div_common  c_w.l(btod.o)
    0x08001aac   0x08001aac   0x000000dc   Code   RO         3779    CL$$btod_e2e        c_w.l(btod.o)
    0x08001b88   0x08001b88   0x0000002a   Code   RO         3776    CL$$btod_ediv       c_w.l(btod.o)
    0x08001bb2   0x08001bb2   0x0000002a   Code   RO         3775    CL$$btod_emul       c_w.l(btod.o)
    0x08001bdc   0x08001bdc   0x00000244   Code   RO         3781    CL$$btod_mult_common  c_w.l(btod.o)
    0x08001e20   0x08001e20   0x00000002   Code   RO          225    i.BusFault_Handler  stm32f1xx_it.o
    0x08001e22   0x08001e22   0x00000002   PAD
    0x08001e24   0x08001e24   0x00000034   Code   RO         3454    i.CalculateCRC32    flash_storage.o
    0x08001e58   0x08001e58   0x00000002   Code   RO          226    i.DebugMon_Handler  stm32f1xx_it.o
    0x08001e5a   0x08001e5a   0x00000022   Code   RO         3369    i.Encoder_GetSpeed  encoder.o
    0x08001e7c   0x08001e7c   0x00000014   Code   RO         3370    i.Encoder_Init      encoder.o
    0x08001e90   0x08001e90   0x00000024   Code   RO         1678    i.FLASH_MassErase   stm32f1xx_hal_flash_ex.o
    0x08001eb4   0x08001eb4   0x00000024   Code   RO         1683    i.FLASH_PageErase   stm32f1xx_hal_flash_ex.o
    0x08001ed8   0x08001ed8   0x0000001c   Code   RO         1575    i.FLASH_Program_HalfWord  stm32f1xx_hal_flash.o
    0x08001ef4   0x08001ef4   0x0000005c   Code   RO         1576    i.FLASH_SetErrorCode  stm32f1xx_hal_flash.o
    0x08001f50   0x08001f50   0x00000054   Code   RO         1577    i.FLASH_WaitForLastOperation  stm32f1xx_hal_flash.o
    0x08001fa4   0x08001fa4   0x00000038   Code   RO         3455    i.Flash_LoadPID     flash_storage.o
    0x08001fdc   0x08001fdc   0x0000005c   Code   RO         3456    i.Flash_SavePID     flash_storage.o
    0x08002038   0x08002038   0x00000024   Code   RO          865    i.HAL_Delay         stm32f1xx_hal.o
    0x0800205c   0x0800205c   0x000000a8   Code   RO         1684    i.HAL_FLASHEx_Erase  stm32f1xx_hal_flash_ex.o
    0x08002104   0x08002104   0x00000014   Code   RO         1581    i.HAL_FLASH_Lock    stm32f1xx_hal_flash.o
    0x08002118   0x08002118   0x00000080   Code   RO         1586    i.HAL_FLASH_Program  stm32f1xx_hal_flash.o
    0x08002198   0x08002198   0x00000028   Code   RO         1588    i.HAL_FLASH_Unlock  stm32f1xx_hal_flash.o
    0x080021c0   0x080021c0   0x000001e0   Code   RO         1175    i.HAL_GPIO_Init     stm32f1xx_hal_gpio.o
    0x080023a0   0x080023a0   0x0000000a   Code   RO         1177    i.HAL_GPIO_ReadPin  stm32f1xx_hal_gpio.o
    0x080023aa   0x080023aa   0x0000000a   Code   RO         1179    i.HAL_GPIO_WritePin  stm32f1xx_hal_gpio.o
    0x080023b4   0x080023b4   0x0000000c   Code   RO          869    i.HAL_GetTick       stm32f1xx_hal.o
    0x080023c0   0x080023c0   0x00000188   Code   RO          432    i.HAL_I2C_Init      stm32f1xx_hal_i2c.o
    0x08002548   0x08002548   0x0000025c   Code   RO          450    i.HAL_I2C_Mem_Read  stm32f1xx_hal_i2c.o
    0x080027a4   0x080027a4   0x00000130   Code   RO          453    i.HAL_I2C_Mem_Write  stm32f1xx_hal_i2c.o
    0x080028d4   0x080028d4   0x00000070   Code   RO          308    i.HAL_I2C_MspInit   stm32f1xx_hal_msp.o
    0x08002944   0x08002944   0x00000010   Code   RO          875    i.HAL_IncTick       stm32f1xx_hal.o
    0x08002954   0x08002954   0x00000024   Code   RO          876    i.HAL_Init          stm32f1xx_hal.o
    0x08002978   0x08002978   0x00000040   Code   RO          877    i.HAL_InitTick      stm32f1xx_hal.o
    0x080029b8   0x080029b8   0x0000003c   Code   RO          309    i.HAL_MspInit       stm32f1xx_hal_msp.o
    0x080029f4   0x080029f4   0x0000001a   Code   RO         1335    i.HAL_NVIC_EnableIRQ  stm32f1xx_hal_cortex.o
    0x08002a0e   0x08002a0e   0x00000002   PAD
    0x08002a10   0x08002a10   0x00000040   Code   RO         1341    i.HAL_NVIC_SetPriority  stm32f1xx_hal_cortex.o
    0x08002a50   0x08002a50   0x00000024   Code   RO         1342    i.HAL_NVIC_SetPriorityGrouping  stm32f1xx_hal_cortex.o
    0x08002a74   0x08002a74   0x0000012c   Code   RO         1033    i.HAL_RCC_ClockConfig  stm32f1xx_hal_rcc.o
    0x08002ba0   0x08002ba0   0x00000020   Code   RO         1040    i.HAL_RCC_GetPCLK1Freq  stm32f1xx_hal_rcc.o
    0x08002bc0   0x08002bc0   0x00000020   Code   RO         1041    i.HAL_RCC_GetPCLK2Freq  stm32f1xx_hal_rcc.o
    0x08002be0   0x08002be0   0x0000004c   Code   RO         1042    i.HAL_RCC_GetSysClockFreq  stm32f1xx_hal_rcc.o
    0x08002c2c   0x08002c2c   0x00000320   Code   RO         1045    i.HAL_RCC_OscConfig  stm32f1xx_hal_rcc.o
    0x08002f4c   0x08002f4c   0x00000028   Code   RO         1346    i.HAL_SYSTICK_Config  stm32f1xx_hal_cortex.o
    0x08002f74   0x08002f74   0x00000002   Code   RO         2541    i.HAL_TIMEx_BreakCallback  stm32f1xx_hal_tim_ex.o
    0x08002f76   0x08002f76   0x00000002   Code   RO         2542    i.HAL_TIMEx_CommutCallback  stm32f1xx_hal_tim_ex.o
    0x08002f78   0x08002f78   0x00000054   Code   RO         2544    i.HAL_TIMEx_ConfigBreakDeadTime  stm32f1xx_hal_tim_ex.o
    0x08002fcc   0x08002fcc   0x00000068   Code   RO         2560    i.HAL_TIMEx_MasterConfigSynchronization  stm32f1xx_hal_tim_ex.o
    0x08003034   0x08003034   0x0000005a   Code   RO         1837    i.HAL_TIM_Base_Init  stm32f1xx_hal_tim.o
    0x0800308e   0x0800308e   0x00000002   PAD
    0x08003090   0x08003090   0x00000054   Code   RO          311    i.HAL_TIM_Base_MspInit  stm32f1xx_hal_msp.o
    0x080030e4   0x080030e4   0x00000058   Code   RO         1842    i.HAL_TIM_Base_Start_IT  stm32f1xx_hal_tim.o
    0x0800313c   0x0800313c   0x000000dc   Code   RO         1846    i.HAL_TIM_ConfigClockSource  stm32f1xx_hal_tim.o
    0x08003218   0x08003218   0x000000a4   Code   RO         1858    i.HAL_TIM_Encoder_Init  stm32f1xx_hal_tim.o
    0x080032bc   0x080032bc   0x00000080   Code   RO          313    i.HAL_TIM_Encoder_MspInit  stm32f1xx_hal_msp.o
    0x0800333c   0x0800333c   0x0000008e   Code   RO         1861    i.HAL_TIM_Encoder_Start  stm32f1xx_hal_tim.o
    0x080033ca   0x080033ca   0x00000002   Code   RO         1871    i.HAL_TIM_IC_CaptureCallback  stm32f1xx_hal_tim.o
    0x080033cc   0x080033cc   0x00000130   Code   RO         1885    i.HAL_TIM_IRQHandler  stm32f1xx_hal_tim.o
    0x080034fc   0x080034fc   0x0000004c   Code   RO          314    i.HAL_TIM_MspPostInit  stm32f1xx_hal_msp.o
    0x08003548   0x08003548   0x00000002   Code   RO         1888    i.HAL_TIM_OC_DelayElapsedCallback  stm32f1xx_hal_tim.o
    0x0800354a   0x0800354a   0x000000cc   Code   RO         1909    i.HAL_TIM_PWM_ConfigChannel  stm32f1xx_hal_tim.o
    0x08003616   0x08003616   0x0000005a   Code   RO         1912    i.HAL_TIM_PWM_Init  stm32f1xx_hal_tim.o
    0x08003670   0x08003670   0x00000002   Code   RO         1914    i.HAL_TIM_PWM_MspInit  stm32f1xx_hal_tim.o
    0x08003672   0x08003672   0x00000002   Code   RO         1915    i.HAL_TIM_PWM_PulseFinishedCallback  stm32f1xx_hal_tim.o
    0x08003674   0x08003674   0x0000009c   Code   RO         1917    i.HAL_TIM_PWM_Start  stm32f1xx_hal_tim.o
    0x08003710   0x08003710   0x0000003c   Code   RO           14    i.HAL_TIM_PeriodElapsedCallback  main.o
    0x0800374c   0x0800374c   0x00000002   Code   RO         1928    i.HAL_TIM_TriggerCallback  stm32f1xx_hal_tim.o
    0x0800374e   0x0800374e   0x00000064   Code   RO         2838    i.HAL_UART_Init     stm32f1xx_hal_uart.o
    0x080037b2   0x080037b2   0x00000002   PAD
    0x080037b4   0x080037b4   0x00000080   Code   RO          316    i.HAL_UART_MspInit  stm32f1xx_hal_msp.o
    0x08003834   0x08003834   0x00000002   Code   RO          227    i.HardFault_Handler  stm32f1xx_it.o
    0x08003836   0x08003836   0x0000002e   Code   RO          475    i.I2C_IsAcknowledgeFailed  stm32f1xx_hal_i2c.o
    0x08003864   0x08003864   0x000000fc   Code   RO          485    i.I2C_RequestMemoryRead  stm32f1xx_hal_i2c.o
    0x08003960   0x08003960   0x000000a8   Code   RO          486    i.I2C_RequestMemoryWrite  stm32f1xx_hal_i2c.o
    0x08003a08   0x08003a08   0x00000056   Code   RO          490    i.I2C_WaitOnBTFFlagUntilTimeout  stm32f1xx_hal_i2c.o
    0x08003a5e   0x08003a5e   0x00000002   PAD
    0x08003a60   0x08003a60   0x00000090   Code   RO          491    i.I2C_WaitOnFlagUntilTimeout  stm32f1xx_hal_i2c.o
    0x08003af0   0x08003af0   0x000000bc   Code   RO          492    i.I2C_WaitOnMasterAddressFlagUntilTimeout  stm32f1xx_hal_i2c.o
    0x08003bac   0x08003bac   0x00000070   Code   RO          493    i.I2C_WaitOnRXNEFlagUntilTimeout  stm32f1xx_hal_i2c.o
    0x08003c1c   0x08003c1c   0x00000056   Code   RO          494    i.I2C_WaitOnTXEFlagUntilTimeout  stm32f1xx_hal_i2c.o
    0x08003c72   0x08003c72   0x0000018c   Code   RO         3209    i.Kalman_getAngle   mpu6050.o
    0x08003dfe   0x08003dfe   0x00000092   Code   RO         3210    i.MPU6050_Init      mpu6050.o
    0x08003e90   0x08003e90   0x00000240   Code   RO         3212    i.MPU6050_Read_All  mpu6050.o
    0x080040d0   0x080040d0   0x000000ac   Code   RO           16    i.MX_GPIO_Init      main.o
    0x0800417c   0x0800417c   0x000000d8   Code   RO           17    i.MX_TIM1_Init      main.o
    0x08004254   0x08004254   0x0000006c   Code   RO           18    i.MX_TIM2_Init      main.o
    0x080042c0   0x080042c0   0x00000070   Code   RO           19    i.MX_TIM3_Init      main.o
    0x08004330   0x08004330   0x00000068   Code   RO           20    i.MX_TIM4_Init      main.o
    0x08004398   0x08004398   0x00000002   Code   RO          228    i.MemManage_Handler  stm32f1xx_it.o
    0x0800439a   0x0800439a   0x00000002   PAD
    0x0800439c   0x0800439c   0x00000040   Code   RO         3324    i.Motor_Init        motor_control.o
    0x080043dc   0x080043dc   0x00000040   Code   RO         3325    i.Motor_SetDirection  motor_control.o
    0x0800441c   0x0800441c   0x0000006c   Code   RO         3326    i.Motor_SetSpeed    motor_control.o
    0x08004488   0x08004488   0x00000002   Code   RO          229    i.NMI_Handler       stm32f1xx_it.o
    0x0800448a   0x0800448a   0x00000002   PAD
    0x0800448c   0x0800448c   0x0000015c   Code   RO         3271    i.PID_AutoTune      pid.o
    0x080045e8   0x080045e8   0x00000068   Code   RO         3272    i.PID_Compute       pid.o
    0x08004650   0x08004650   0x0000000c   Code   RO         3273    i.PID_Init          pid.o
    0x0800465c   0x0800465c   0x0000001a   Code   RO         3274    i.PID_LoadFromFlash  pid.o
    0x08004676   0x08004676   0x00000006   Code   RO         3275    i.PID_SaveToFlash   pid.o
    0x0800467c   0x0800467c   0x00000002   Code   RO          230    i.PendSV_Handler    stm32f1xx_it.o
    0x0800467e   0x0800467e   0x00000002   Code   RO          231    i.SVC_Handler       stm32f1xx_it.o
    0x08004680   0x08004680   0x0000000c   Code   RO         3403    i.Safety_Init       safety.o
    0x0800468c   0x0800468c   0x00000006   Code   RO           21    i.SetMotorSpeed     main.o
    0x08004692   0x08004692   0x00000016   Code   RO         3327    i.StopMotors        motor_control.o
    0x080046a8   0x080046a8   0x00000004   Code   RO          232    i.SysTick_Handler   stm32f1xx_it.o
    0x080046ac   0x080046ac   0x0000005e   Code   RO           22    i.SystemClock_Config  main.o
    0x0800470a   0x0800470a   0x00000002   Code   RO         3172    i.SystemInit        system_stm32f1xx.o
    0x0800470c   0x0800470c   0x0000000c   Code   RO          233    i.TIM4_IRQHandler   stm32f1xx_it.o
    0x08004718   0x08004718   0x00000078   Code   RO         1930    i.TIM_Base_SetConfig  stm32f1xx_hal_tim.o
    0x08004790   0x08004790   0x0000001a   Code   RO         1931    i.TIM_CCxChannelCmd  stm32f1xx_hal_tim.o
    0x080047aa   0x080047aa   0x00000014   Code   RO         1941    i.TIM_ETR_SetConfig  stm32f1xx_hal_tim.o
    0x080047be   0x080047be   0x00000010   Code   RO         1942    i.TIM_ITRx_SetConfig  stm32f1xx_hal_tim.o
    0x080047ce   0x080047ce   0x00000002   PAD
    0x080047d0   0x080047d0   0x00000050   Code   RO         1943    i.TIM_OC1_SetConfig  stm32f1xx_hal_tim.o
    0x08004820   0x08004820   0x00000058   Code   RO         1944    i.TIM_OC2_SetConfig  stm32f1xx_hal_tim.o
    0x08004878   0x08004878   0x00000058   Code   RO         1945    i.TIM_OC3_SetConfig  stm32f1xx_hal_tim.o
    0x080048d0   0x080048d0   0x00000044   Code   RO         1946    i.TIM_OC4_SetConfig  stm32f1xx_hal_tim.o
    0x08004914   0x08004914   0x00000022   Code   RO         1948    i.TIM_TI1_ConfigInputStage  stm32f1xx_hal_tim.o
    0x08004936   0x08004936   0x00000024   Code   RO         1950    i.TIM_TI2_ConfigInputStage  stm32f1xx_hal_tim.o
    0x0800495a   0x0800495a   0x00000002   PAD
    0x0800495c   0x0800495c   0x000000b8   Code   RO         2864    i.UART_SetConfig    stm32f1xx_hal_uart.o
    0x08004a14   0x08004a14   0x00000002   Code   RO          234    i.UsageFault_Handler  stm32f1xx_it.o
    0x08004a16   0x08004a16   0x00000028   Code   RO         3731    i.__ARM_fpclassify  m_ws.l(fpclassify.o)
    0x08004a3e   0x08004a3e   0x00000020   Code   RO         1348    i.__NVIC_SetPriority  stm32f1xx_hal_cortex.o
    0x08004a5e   0x08004a5e   0x000000aa   Code   RO         3733    i.__kernel_poly     m_ws.l(poly.o)
    0x08004b08   0x08004b08   0x00000006   Code   RO         3718    i.__mathlib_dbl_infnan  m_ws.l(dunder.o)
    0x08004b0e   0x08004b0e   0x00000004   Code   RO         3719    i.__mathlib_dbl_infnan2  m_ws.l(dunder.o)
    0x08004b12   0x08004b12   0x00000002   PAD
    0x08004b14   0x08004b14   0x00000010   Code   RO         3723    i.__mathlib_dbl_underflow  m_ws.l(dunder.o)
    0x08004b24   0x08004b24   0x0000000e   Code   RO         3547    i._is_digit         c_w.l(__printf_wp.o)
    0x08004b32   0x08004b32   0x00000002   PAD
    0x08004b34   0x08004b34   0x00000220   Code   RO         3647    i.atan              m_ws.l(atan.o)
    0x08004d54   0x08004d54   0x00000180   Code   RO         3657    i.atan2             m_ws.l(atan2.o)
    0x08004ed4   0x08004ed4   0x0000001a   Code   RO         3797    i.fputc             c_w.l(fputc.o)
    0x08004eee   0x08004eee   0x00000002   PAD
    0x08004ef0   0x08004ef0   0x000001a0   Code   RO           23    i.main              main.o
    0x08005090   0x08005090   0x0000004c   Code   RO         3665    i.sqrt              m_ws.l(sqrt.o)
    0x080050dc   0x080050dc   0x0000002c   Code   RO         3809    locale$$code        c_w.l(lc_numeric_c.o)
    0x08005108   0x08005108   0x00000062   Code   RO         3580    x$fpl$d2f           fz_ws.l(d2f.o)
    0x0800516a   0x0800516a   0x00000002   PAD
    0x0800516c   0x0800516c   0x00000150   Code   RO         3582    x$fpl$dadd          fz_ws.l(daddsub_clz.o)
    0x080052bc   0x080052bc   0x00000010   Code   RO         3698    x$fpl$dcheck1       fz_ws.l(dcheck1.o)
    0x080052cc   0x080052cc   0x00000018   Code   RO         3700    x$fpl$dcmpinf       fz_ws.l(dcmpi.o)
    0x080052e4   0x080052e4   0x000002b0   Code   RO         3589    x$fpl$ddiv          fz_ws.l(ddiv.o)
    0x08005594   0x08005594   0x00000078   Code   RO         3592    x$fpl$deqf          fz_ws.l(deqf.o)
    0x0800560c   0x0800560c   0x0000005a   Code   RO         3594    x$fpl$dfixu         fz_ws.l(dfixu.o)
    0x08005666   0x08005666   0x0000002e   Code   RO         3599    x$fpl$dflt          fz_ws.l(dflt_clz.o)
    0x08005694   0x08005694   0x00000026   Code   RO         3598    x$fpl$dfltu         fz_ws.l(dflt_clz.o)
    0x080056ba   0x080056ba   0x00000002   PAD
    0x080056bc   0x080056bc   0x00000078   Code   RO         3604    x$fpl$dleqf         fz_ws.l(dleqf.o)
    0x08005734   0x08005734   0x00000154   Code   RO         3606    x$fpl$dmul          fz_ws.l(dmul.o)
    0x08005888   0x08005888   0x0000009c   Code   RO         3702    x$fpl$dnaninf       fz_ws.l(dnaninf.o)
    0x08005924   0x08005924   0x0000000c   Code   RO         3704    x$fpl$dretinf       fz_ws.l(dretinf.o)
    0x08005930   0x08005930   0x0000006c   Code   RO         3608    x$fpl$drleqf        fz_ws.l(drleqf.o)
    0x0800599c   0x0800599c   0x00000016   Code   RO         3583    x$fpl$drsb          fz_ws.l(daddsub_clz.o)
    0x080059b2   0x080059b2   0x00000002   PAD
    0x080059b4   0x080059b4   0x000001cc   Code   RO         3706    x$fpl$dsqrt         fz_ws.l(dsqrt_noumaal.o)
    0x08005b80   0x08005b80   0x000001d4   Code   RO         3584    x$fpl$dsub          fz_ws.l(daddsub_clz.o)
    0x08005d54   0x08005d54   0x00000056   Code   RO         3610    x$fpl$f2d           fz_ws.l(f2d.o)
    0x08005daa   0x08005daa   0x00000002   PAD
    0x08005dac   0x08005dac   0x000000c4   Code   RO         3612    x$fpl$fadd          fz_ws.l(faddsub_clz.o)
    0x08005e70   0x08005e70   0x0000000c   Code   RO         3708    x$fpl$fcheck1       fz_ws.l(fcheck1.o)
    0x08005e7c   0x08005e7c   0x00000018   Code   RO         3710    x$fpl$fcmpinf       fz_ws.l(fcmpi.o)
    0x08005e94   0x08005e94   0x00000184   Code   RO         3619    x$fpl$fdiv          fz_ws.l(fdiv.o)
    0x08006018   0x08006018   0x00000030   Code   RO         3623    x$fpl$fflt          fz_ws.l(fflt_clz.o)
    0x08006048   0x08006048   0x00000026   Code   RO         3622    x$fpl$ffltu         fz_ws.l(fflt_clz.o)
    0x0800606e   0x0800606e   0x00000002   PAD
    0x08006070   0x08006070   0x00000068   Code   RO         3628    x$fpl$fleqf         fz_ws.l(fleqf.o)
    0x080060d8   0x080060d8   0x00000102   Code   RO         3630    x$fpl$fmul          fz_ws.l(fmul.o)
    0x080061da   0x080061da   0x0000008c   Code   RO         3712    x$fpl$fnaninf       fz_ws.l(fnaninf.o)
    0x08006266   0x08006266   0x0000000a   Code   RO         3714    x$fpl$fretinf       fz_ws.l(fretinf.o)
    0x08006270   0x08006270   0x00000062   Code   RO         3632    x$fpl$frleqf        fz_ws.l(frleqf.o)
    0x080062d2   0x080062d2   0x00000002   PAD
    0x080062d4   0x080062d4   0x000000ea   Code   RO         3614    x$fpl$fsub          fz_ws.l(faddsub_clz.o)
    0x080063be   0x080063be   0x00000004   Code   RO         3634    x$fpl$printf1       fz_ws.l(printf1.o)
    0x080063c2   0x080063c2   0x00000064   Code   RO         3813    x$fpl$retnan        fz_ws.l(retnan.o)
    0x08006426   0x08006426   0x0000005c   Code   RO         3642    x$fpl$scalbn        fz_ws.l(scalbn.o)
    0x08006482   0x08006482   0x0000004c   Code   RO         3644    x$fpl$scalbnf       fz_ws.l(scalbnf.o)
    0x080064ce   0x080064ce   0x00000030   Code   RO         3978    x$fpl$trapveneer    fz_ws.l(trapv.o)
    0x080064fe   0x080064fe   0x00000000   Code   RO         3716    x$fpl$usenofp       fz_ws.l(usenofp.o)
    0x080064fe   0x080064fe   0x00000012   Data   RO         1046    .constdata          stm32f1xx_hal_rcc.o
    0x08006510   0x08006510   0x00000010   Data   RO         3173    .constdata          system_stm32f1xx.o
    0x08006520   0x08006520   0x00000008   Data   RO         3174    .constdata          system_stm32f1xx.o
    0x08006528   0x08006528   0x00000011   Data   RO         3555    .constdata          c_w.l(__printf_flags_ss_wp.o)
    0x08006539   0x08006539   0x00000007   PAD
    0x08006540   0x08006540   0x00000098   Data   RO         3648    .constdata          m_ws.l(atan.o)
    0x080065d8   0x080065d8   0x00000008   Data   RO         3735    .constdata          m_ws.l(qnan.o)
    0x080065e0   0x080065e0   0x00000094   Data   RO         3770    .constdata          c_w.l(bigflt0.o)
    0x08006674   0x08006674   0x00000004   Data   RO         3816    .constdata          c_w.l(sys_io.o)
    0x08006678   0x08006678   0x00000004   Data   RO         3817    .constdata          c_w.l(sys_io.o)
    0x0800667c   0x0800667c   0x00000004   Data   RO         3818    .constdata          c_w.l(sys_io.o)
    0x08006680   0x08006680   0x00000020   Data   RO         4117    Region$$Table       anon$$obj.o
    0x080066a0   0x080066a0   0x0000001c   Data   RO         3808    locale$$data        c_w.l(lc_numeric_c.o)


    Execution Region RW_IRAM1 (Exec base: 0x20000000, Load base: 0x080066bc, Size: 0x00000a88, Max: 0x00005000, ABSOLUTE)

    Exec Addr    Load Addr    Size         Type   Attr      Idx    E Section Name        Object

    0x20000000   0x080066bc   0x00000020   Data   RW           27    .data               main.o
    0x20000020   0x080066dc   0x0000000c   Data   RW          883    .data               stm32f1xx_hal.o
    0x2000002c   0x080066e8   0x00000004   Data   RW         3175    .data               system_stm32f1xx.o
    0x20000030   0x080066ec   0x00000098   Data   RW         3217    .data               mpu6050.o
    0x200000c8   0x08006784   0x00000001   Data   RW         3407    .data               safety.o
    0x200000c9   0x08006785   0x00000003   PAD
    0x200000cc   0x08006788   0x00000004   Data   RW         3693    .data               c_w.l(stdio_streams.o)
    0x200000d0   0x0800678c   0x00000004   Data   RW         3694    .data               c_w.l(stdio_streams.o)
    0x200000d4   0x08006790   0x00000004   Data   RW         3695    .data               c_w.l(stdio_streams.o)
    0x200000d8        -       0x0000022c   Zero   RW           25    .bss                main.o
    0x20000304   0x08006794   0x00000004   PAD
    0x20000308        -       0x00000020   Zero   RW         1589    .bss                stm32f1xx_hal_flash.o
    0x20000328        -       0x00000054   Zero   RW         3690    .bss                c_w.l(stdio_streams.o)
    0x2000037c        -       0x00000054   Zero   RW         3691    .bss                c_w.l(stdio_streams.o)
    0x200003d0        -       0x00000054   Zero   RW         3692    .bss                c_w.l(stdio_streams.o)
    0x20000424        -       0x00000060   Zero   RW         3821    .bss                c_w.l(libspace.o)
    0x20000484   0x08006794   0x00000004   PAD
    0x20000488        -       0x00000200   Zero   RW            2    HEAP                startup_stm32f103xb.o
    0x20000688        -       0x00000400   Zero   RW            1    STACK               startup_stm32f103xb.o


==============================================================================

Image component sizes


      Code (inc. data)   RO Data    RW Data    ZI Data      Debug   Object Name

        54          0          0          0          0       1634   encoder.o
       200         16          0          0          0       2585   flash_storage.o
      1288        138          0         32        556     449045   main.o
       258         26          0          0          0       2990   motor_control.o
      1118         40          0        152          0       4074   mpu6050.o
       496         86          0          0          0       4624   pid.o
        12          4          0          1          0        562   safety.o
        64         26        236          0       1536        804   startup_stm32f103xb.o
       164         28          0         12          0       5837   stm32f1xx_hal.o
       198         14          0          0          0      28887   stm32f1xx_hal_cortex.o
       392         46          0          0         32       4662   stm32f1xx_hal_flash.o
       240         26          0          0          0       3213   stm32f1xx_hal_flash_ex.o
       500         34          0          0          0       3487   stm32f1xx_hal_gpio.o
      2382         56          0          0          0      12910   stm32f1xx_hal_i2c.o
       588         78          0          0          0       4358   stm32f1xx_hal_msp.o
      1240         84         18          0          0       5064   stm32f1xx_hal_rcc.o
      2044         56          0          0          0      17833   stm32f1xx_hal_tim.o
       192         12          0          0          0       3149   stm32f1xx_hal_tim_ex.o
       284          6          0          0          0       1904   stm32f1xx_hal_uart.o
        32          6          0          0          0       4216   stm32f1xx_it.o
         2          0         24          4          0       1095   system_stm32f1xx.o

    ----------------------------------------------------------------------
     11766        782        310        204       2128     562933   Object Totals
         0          0         32          0          0          0   (incl. Generated)
        18          0          0          3          4          0   (incl. Padding)

    ----------------------------------------------------------------------

      Code (inc. data)   RO Data    RW Data    ZI Data      Debug   Library Member Name

         8          0          0          0          0         68   __main.o
       392          4         17          0          0         92   __printf_flags_ss_wp.o
        14          0          0          0          0         68   __printf_wp.o
         0          0          0          0          0          0   __rtentry.o
        12          0          0          0          0          0   __rtentry2.o
         6          0          0          0          0          0   __rtentry4.o
        52          8          0          0          0          0   __scatter.o
        26          0          0          0          0          0   __scatter_copy.o
        28          0          0          0          0          0   __scatter_zi.o
        48          6          0          0          0         96   _printf_char_common.o
        36          4          0          0          0         80   _printf_char_file.o
         6          0          0          0          0          0   _printf_d.o
       120         16          0          0          0         92   _printf_dec.o
         6          0          0          0          0          0   _printf_f.o
      1054          0          0          0          0        216   _printf_fp_dec.o
       128         16          0          0          0         84   _printf_fp_infnan.o
       178          0          0          0          0         88   _printf_intcommon.o
         0          0          0          0          0          0   _printf_percent.o
         4          0          0          0          0          0   _printf_percent_end.o
        22          0          0          0          0        100   _rserrno.o
       228          4        148          0          0         96   bigflt0.o
      1936        128          0          0          0        672   btod.o
        10          0          0          0          0         68   defsig_exit.o
        50          0          0          0          0         88   defsig_general.o
        80         58          0          0          0         76   defsig_rtmem_inner.o
        14          0          0          0          0         80   defsig_rtmem_outer.o
        52         38          0          0          0         76   defsig_rtred_inner.o
        14          0          0          0          0         80   defsig_rtred_outer.o
        18          0          0          0          0         80   exit.o
        76          0          0          0          0         88   fclose.o
         8          0          0          0          0         68   ferror.o
       470          0          0          0          0         88   flsbuf.o
       236          4          0          0          0        128   fopen.o
        26          0          0          0          0         68   fputc.o
       248          6          0          0          0         84   fseek.o
        66          0          0          0          0         76   ftell.o
        94          0          0          0          0         80   h1_alloc.o
        52          0          0          0          0         68   h1_extend.o
        78          0          0          0          0         80   h1_free.o
        14          0          0          0          0         84   h1_init.o
         6          0          0          0          0        152   heapauxi.o
         4          0          0          0          0        136   hguard.o
         0          0          0          0          0          0   indicate_semi.o
       138          0          0          0          0        168   init_alloc.o
       312         46          0          0          0        112   initio.o
        44         10         28          0          0         76   lc_numeric_c.o
         2          0          0          0          0          0   libinit.o
        30          0          0          0          0          0   libinit2.o
         2          0          0          0          0          0   libshutdown.o
         6          0          0          0          0          0   libshutdown2.o
         8          4          0          0         96         68   libspace.o
       138          0          0          0          0         80   lludiv10.o
        38          0          0          0          0         68   llushr.o
         0          0          0          0          0          0   maybetermalloc1.o
        24          4          0          0          0         84   noretval__2printf.o
         8          4          0          0          0         68   rt_errno_addr_intlibspace.o
         8          4          0          0          0         68   rt_heap_descriptor_intlibspace.o
         8          4          0          0          0         68   rt_locale_intlibspace.o
        78          0          0          0          0         80   rt_memclr_w.o
         2          0          0          0          0          0   rtexit.o
        10          0          0          0          0          0   rtexit2.o
        70          0          0          0          0         80   setvbuf.o
       240          6          0          0          0        156   stdio.o
         0          0          0         12        252          0   stdio_streams.o
       128          0          0          0          0         68   strcmpv7m.o
        62          0          0          0          0         76   strlen.o
        12          4          0          0          0         68   sys_exit.o
       102          0         12          0          0        240   sys_io.o
        74          0          0          0          0         80   sys_stackheap_outer.o
        14          0          0          0          0         76   sys_wrch.o
         2          0          0          0          0         68   use_no_semi.o
        98          4          0          0          0         92   d2f.o
       826         16          0          0          0        348   daddsub_clz.o
        16          4          0          0          0         68   dcheck1.o
        24          0          0          0          0         68   dcmpi.o
       688        140          0          0          0        208   ddiv.o
       120          4          0          0          0         92   deqf.o
        90          4          0          0          0         92   dfixu.o
        84          0          0          0          0        136   dflt_clz.o
       120          4          0          0          0         92   dleqf.o
       340         12          0          0          0        104   dmul.o
       156          4          0          0          0         92   dnaninf.o
        12          0          0          0          0         68   dretinf.o
       108          0          0          0          0         80   drleqf.o
       460         56          0          0          0        120   dsqrt_noumaal.o
        86          4          0          0          0         84   f2d.o
       430          8          0          0          0        168   faddsub_clz.o
        12          4          0          0          0         68   fcheck1.o
        24          0          0          0          0         68   fcmpi.o
       388         76          0          0          0         96   fdiv.o
        86          0          0          0          0        136   fflt_clz.o
       104          4          0          0          0         84   fleqf.o
       258          4          0          0          0         84   fmul.o
       140          4          0          0          0         84   fnaninf.o
        10          0          0          0          0         68   fretinf.o
        98          0          0          0          0         68   frleqf.o
         4          0          0          0          0         68   printf1.o
       100          0          0          0          0         68   retnan.o
        92          0          0          0          0         68   scalbn.o
        76          0          0          0          0         68   scalbnf.o
        48          0          0          0          0         68   trapv.o
         0          0          0          0          0          0   usenofp.o
       544         70        152          0          0        124   atan.o
       384         38          0          0          0        144   atan2.o
        26          6          0          0          0        204   dunder.o
        40          0          0          0          0         68   fpclassify.o
       170          0          0          0          0         96   poly.o
         0          0          8          0          0          0   qnan.o
        76          0          0          0          0         84   sqrt.o

    ----------------------------------------------------------------------
     13852        844        372         12        352       9080   Library Totals
        34          0          7          0          4          0   (incl. Padding)

    ----------------------------------------------------------------------

      Code (inc. data)   RO Data    RW Data    ZI Data      Debug   Library Name

      7480        378        205         12        348       5352   c_w.l
      5098        352          0          0          0       3008   fz_ws.l
      1240        114        160          0          0        720   m_ws.l

    ----------------------------------------------------------------------
     13852        844        372         12        352       9080   Library Totals

    ----------------------------------------------------------------------

==============================================================================


      Code (inc. data)   RO Data    RW Data    ZI Data      Debug   

     25618       1626        682        216       2480     561245   Grand Totals
     25618       1626        682        216       2480     561245   ELF Image Totals
     25618       1626        682        216          0          0   ROM Totals

==============================================================================

    Total RO  Size (Code + RO Data)                26300 (  25.68kB)
    Total RW  Size (RW Data + ZI Data)              2696 (   2.63kB)
    Total ROM Size (Code + RO Data + RW Data)      26516 (  25.89kB)

==============================================================================

